Archive member included to satisfy reference by file (symbol)

c:/st/stm32cubeide_1.4.0/stm32cubeide/plugins/com.st.stm32cube.ide.mcu.externaltools.gnu-tools-for-stm32.7-2018-q2-update.win32_1.4.0.202007081208/tools/bin/../lib/gcc/arm-none-eabi/7.3.1/../../../../arm-none-eabi/lib/thumb/v7e-m/fpv5/hard\libc_nano.a(lib_a-errno.o)
                              Core/Src/syscalls.o (__errno)
c:/st/stm32cubeide_1.4.0/stm32cubeide/plugins/com.st.stm32cube.ide.mcu.externaltools.gnu-tools-for-stm32.7-2018-q2-update.win32_1.4.0.202007081208/tools/bin/../lib/gcc/arm-none-eabi/7.3.1/../../../../arm-none-eabi/lib/thumb/v7e-m/fpv5/hard\libc_nano.a(lib_a-exit.o)
                              c:/st/stm32cubeide_1.4.0/stm32cubeide/plugins/com.st.stm32cube.ide.mcu.externaltools.gnu-tools-for-stm32.7-2018-q2-update.win32_1.4.0.202007081208/tools/bin/../lib/gcc/arm-none-eabi/7.3.1/../../../../arm-none-eabi/lib/thumb/v7e-m/fpv5/hard/crt0.o (exit)
c:/st/stm32cubeide_1.4.0/stm32cubeide/plugins/com.st.stm32cube.ide.mcu.externaltools.gnu-tools-for-stm32.7-2018-q2-update.win32_1.4.0.202007081208/tools/bin/../lib/gcc/arm-none-eabi/7.3.1/../../../../arm-none-eabi/lib/thumb/v7e-m/fpv5/hard\libc_nano.a(lib_a-impure.o)
                              c:/st/stm32cubeide_1.4.0/stm32cubeide/plugins/com.st.stm32cube.ide.mcu.externaltools.gnu-tools-for-stm32.7-2018-q2-update.win32_1.4.0.202007081208/tools/bin/../lib/gcc/arm-none-eabi/7.3.1/../../../../arm-none-eabi/lib/thumb/v7e-m/fpv5/hard\libc_nano.a(lib_a-exit.o) (_global_impure_ptr)
c:/st/stm32cubeide_1.4.0/stm32cubeide/plugins/com.st.stm32cube.ide.mcu.externaltools.gnu-tools-for-stm32.7-2018-q2-update.win32_1.4.0.202007081208/tools/bin/../lib/gcc/arm-none-eabi/7.3.1/../../../../arm-none-eabi/lib/thumb/v7e-m/fpv5/hard\libc_nano.a(lib_a-init.o)
                              c:/st/stm32cubeide_1.4.0/stm32cubeide/plugins/com.st.stm32cube.ide.mcu.externaltools.gnu-tools-for-stm32.7-2018-q2-update.win32_1.4.0.202007081208/tools/bin/../lib/gcc/arm-none-eabi/7.3.1/../../../../arm-none-eabi/lib/thumb/v7e-m/fpv5/hard/crt0.o (__libc_init_array)
c:/st/stm32cubeide_1.4.0/stm32cubeide/plugins/com.st.stm32cube.ide.mcu.externaltools.gnu-tools-for-stm32.7-2018-q2-update.win32_1.4.0.202007081208/tools/bin/../lib/gcc/arm-none-eabi/7.3.1/../../../../arm-none-eabi/lib/thumb/v7e-m/fpv5/hard\libc_nano.a(lib_a-memset.o)
                              c:/st/stm32cubeide_1.4.0/stm32cubeide/plugins/com.st.stm32cube.ide.mcu.externaltools.gnu-tools-for-stm32.7-2018-q2-update.win32_1.4.0.202007081208/tools/bin/../lib/gcc/arm-none-eabi/7.3.1/../../../../arm-none-eabi/lib/thumb/v7e-m/fpv5/hard/crt0.o (memset)
c:/st/stm32cubeide_1.4.0/stm32cubeide/plugins/com.st.stm32cube.ide.mcu.externaltools.gnu-tools-for-stm32.7-2018-q2-update.win32_1.4.0.202007081208/tools/bin/../lib/gcc/arm-none-eabi/7.3.1/../../../../arm-none-eabi/lib/thumb/v7e-m/fpv5/hard\libc_nano.a(lib_a-nano-vfprintf_float.o)
                              (_printf_float)
c:/st/stm32cubeide_1.4.0/stm32cubeide/plugins/com.st.stm32cube.ide.mcu.externaltools.gnu-tools-for-stm32.7-2018-q2-update.win32_1.4.0.202007081208/tools/bin/../lib/gcc/arm-none-eabi/7.3.1/../../../../arm-none-eabi/lib/thumb/v7e-m/fpv5/hard\libc_nano.a(lib_a-nano-vfprintf_i.o)
                              c:/st/stm32cubeide_1.4.0/stm32cubeide/plugins/com.st.stm32cube.ide.mcu.externaltools.gnu-tools-for-stm32.7-2018-q2-update.win32_1.4.0.202007081208/tools/bin/../lib/gcc/arm-none-eabi/7.3.1/../../../../arm-none-eabi/lib/thumb/v7e-m/fpv5/hard\libc_nano.a(lib_a-nano-vfprintf_float.o) (_printf_common)
c:/st/stm32cubeide_1.4.0/stm32cubeide/plugins/com.st.stm32cube.ide.mcu.externaltools.gnu-tools-for-stm32.7-2018-q2-update.win32_1.4.0.202007081208/tools/bin/../lib/gcc/arm-none-eabi/7.3.1/../../../../arm-none-eabi/lib/thumb/v7e-m/fpv5/hard\libc_nano.a(lib_a-printf.o)
                              Core/Src/main.o (printf)
c:/st/stm32cubeide_1.4.0/stm32cubeide/plugins/com.st.stm32cube.ide.mcu.externaltools.gnu-tools-for-stm32.7-2018-q2-update.win32_1.4.0.202007081208/tools/bin/../lib/gcc/arm-none-eabi/7.3.1/../../../../arm-none-eabi/lib/thumb/v7e-m/fpv5/hard\libc_nano.a(lib_a-puts.o)
                              Core/Src/main.o (puts)
c:/st/stm32cubeide_1.4.0/stm32cubeide/plugins/com.st.stm32cube.ide.mcu.externaltools.gnu-tools-for-stm32.7-2018-q2-update.win32_1.4.0.202007081208/tools/bin/../lib/gcc/arm-none-eabi/7.3.1/../../../../arm-none-eabi/lib/thumb/v7e-m/fpv5/hard\libc_nano.a(lib_a-strlen.o)
                              c:/st/stm32cubeide_1.4.0/stm32cubeide/plugins/com.st.stm32cube.ide.mcu.externaltools.gnu-tools-for-stm32.7-2018-q2-update.win32_1.4.0.202007081208/tools/bin/../lib/gcc/arm-none-eabi/7.3.1/../../../../arm-none-eabi/lib/thumb/v7e-m/fpv5/hard\libc_nano.a(lib_a-nano-vfprintf_float.o) (strlen)
[...]
Memory Configuration

Name             Origin             Length             Attributes
RAM              0x0000000020000000 0x0000000000080000 xrw
FLASH            0x0000000008000000 0x0000000000200000 xr
*default*        0x0000000000000000 0xffffffffffffffff

Linker script and memory map

LOAD c:/st/stm32cubeide_1.4.0/stm32cubeide/plugins/com.st.stm32cube.ide.mcu.externaltools.gnu-tools-for-stm32.7-2018-q2-update.win32_1.4.0.202007081208/tools/bin/../lib/gcc/arm-none-eabi/7.3.1/thumb/v7e-m/fpv5/hard/crti.o
LOAD c:/st/stm32cubeide_1.4.0/stm32cubeide/plugins/com.st.stm32cube.ide.mcu.externaltools.gnu-tools-for-stm32.7-2018-q2-update.win32_1.4.0.202007081208/tools/bin/../lib/gcc/arm-none-eabi/7.3.1/thumb/v7e-m/fpv5/hard/crtbegin.o
LOAD c:/st/stm32cubeide_1.4.0/stm32cubeide/plugins/com.st.stm32cube.ide.mcu.externaltools.gnu-tools-for-stm32.7-2018-q2-update.win32_1.4.0.202007081208/tools/bin/../lib/gcc/arm-none-eabi/7.3.1/../../../../arm-none-eabi/lib/thumb/v7e-m/fpv5/hard/crt0.o
LOAD Core/Src/main.o
LOAD Core/Src/stm32f7xx_hal_msp.o
LOAD Core/Src/stm32f7xx_it.o
LOAD Core/Src/syscalls.o
LOAD Core/Src/sysmem.o
LOAD Core/Src/system_stm32f7xx.o
LOAD Core/Startup/startup_stm32f767zitx.o
LOAD Drivers/STM32F7xx_HAL_Driver/Src/stm32f7xx_hal.o
LOAD Drivers/STM32F7xx_HAL_Driver/Src/stm32f7xx_hal_cortex.o
LOAD Drivers/STM32F7xx_HAL_Driver/Src/stm32f7xx_hal_dma.o
LOAD Drivers/STM32F7xx_HAL_Driver/Src/stm32f7xx_hal_dma_ex.o
LOAD Drivers/STM32F7xx_HAL_Driver/Src/stm32f7xx_hal_exti.o
LOAD Drivers/STM32F7xx_HAL_Driver/Src/stm32f7xx_hal_flash.o
LOAD Drivers/STM32F7xx_HAL_Driver/Src/stm32f7xx_hal_flash_ex.o
LOAD Drivers/STM32F7xx_HAL_Driver/Src/stm32f7xx_hal_gpio.o
LOAD Drivers/STM32F7xx_HAL_Driver/Src/stm32f7xx_hal_i2c.o
LOAD Drivers/STM32F7xx_HAL_Driver/Src/stm32f7xx_hal_i2c_ex.o
LOAD Drivers/STM32F7xx_HAL_Driver/Src/stm32f7xx_hal_pcd.o
LOAD Drivers/STM32F7xx_HAL_Driver/Src/stm32f7xx_hal_pcd_ex.o
LOAD Drivers/STM32F7xx_HAL_Driver/Src/stm32f7xx_hal_pwr.o
LOAD Drivers/STM32F7xx_HAL_Driver/Src/stm32f7xx_hal_pwr_ex.o
LOAD Drivers/STM32F7xx_HAL_Driver/Src/stm32f7xx_hal_rcc.o
LOAD Drivers/STM32F7xx_HAL_Driver/Src/stm32f7xx_hal_rcc_ex.o
LOAD Drivers/STM32F7xx_HAL_Driver/Src/stm32f7xx_hal_tim.o
LOAD Drivers/STM32F7xx_HAL_Driver/Src/stm32f7xx_hal_tim_ex.o
LOAD Drivers/STM32F7xx_HAL_Driver/Src/stm32f7xx_hal_uart.o
LOAD Drivers/STM32F7xx_HAL_Driver/Src/stm32f7xx_hal_uart_ex.o
LOAD Drivers/STM32F7xx_HAL_Driver/Src/stm32f7xx_ll_usb.o
START GROUP
LOAD c:/st/stm32cubeide_1.4.0/stm32cubeide/plugins/com.st.stm32cube.ide.mcu.externaltools.gnu-tools-for-stm32.7-2018-q2-update.win32_1.4.0.202007081208/tools/bin/../lib/gcc/arm-none-eabi/7.3.1/../../../../arm-none-eabi/lib/thumb/v7e-m/fpv5/hard\libc_nano.a
LOAD c:/st/stm32cubeide_1.4.0/stm32cubeide/plugins/com.st.stm32cube.ide.mcu.externaltools.gnu-tools-for-stm32.7-2018-q2-update.win32_1.4.0.202007081208/tools/bin/../lib/gcc/arm-none-eabi/7.3.1/../../../../arm-none-eabi/lib/thumb/v7e-m/fpv5/hard\libm.a
END GROUP
START GROUP
LOAD c:/st/stm32cubeide_1.4.0/stm32cubeide/plugins/com.st.stm32cube.ide.mcu.externaltools.gnu-tools-for-stm32.7-2018-q2-update.win32_1.4.0.202007081208/tools/bin/../lib/gcc/arm-none-eabi/7.3.1/thumb/v7e-m/fpv5/hard\libgcc.a
LOAD c:/st/stm32cubeide_1.4.0/stm32cubeide/plugins/com.st.stm32cube.ide.mcu.externaltools.gnu-tools-for-stm32.7-2018-q2-update.win32_1.4.0.202007081208/tools/bin/../lib/gcc/arm-none-eabi/7.3.1/../../../../arm-none-eabi/lib/thumb/v7e-m/fpv5/hard\libc_nano.a
END GROUP
START GROUP
LOAD c:/st/stm32cubeide_1.4.0/stm32cubeide/plugins/com.st.stm32cube.ide.mcu.externaltools.gnu-tools-for-stm32.7-2018-q2-update.win32_1.4.0.202007081208/tools/bin/../lib/gcc/arm-none-eabi/7.3.1/thumb/v7e-m/fpv5/hard\libgcc.a
LOAD c:/st/stm32cubeide_1.4.0/stm32cubeide/plugins/com.st.stm32cube.ide.mcu.externaltools.gnu-tools-for-stm32.7-2018-q2-update.win32_1.4.0.202007081208/tools/bin/../lib/gcc/arm-none-eabi/7.3.1/../../../../arm-none-eabi/lib/thumb/v7e-m/fpv5/hard\libc_nano.a
LOAD c:/st/stm32cubeide_1.4.0/stm32cubeide/plugins/com.st.stm32cube.ide.mcu.externaltools.gnu-tools-for-stm32.7-2018-q2-update.win32_1.4.0.202007081208/tools/bin/../lib/gcc/arm-none-eabi/7.3.1/../../../../arm-none-eabi/lib/thumb/v7e-m/fpv5/hard\libnosys.a
END GROUP
START GROUP
LOAD c:/st/stm32cubeide_1.4.0/stm32cubeide/plugins/com.st.stm32cube.ide.mcu.externaltools.gnu-tools-for-stm32.7-2018-q2-update.win32_1.4.0.202007081208/tools/bin/../lib/gcc/arm-none-eabi/7.3.1/thumb/v7e-m/fpv5/hard\libgcc.a
LOAD c:/st/stm32cubeide_1.4.0/stm32cubeide/plugins/com.st.stm32cube.ide.mcu.externaltools.gnu-tools-for-stm32.7-2018-q2-update.win32_1.4.0.202007081208/tools/bin/../lib/gcc/arm-none-eabi/7.3.1/../../../../arm-none-eabi/lib/thumb/v7e-m/fpv5/hard\libc_nano.a
LOAD c:/st/stm32cubeide_1.4.0/stm32cubeide/plugins/com.st.stm32cube.ide.mcu.externaltools.gnu-tools-for-stm32.7-2018-q2-update.win32_1.4.0.202007081208/tools/bin/../lib/gcc/arm-none-eabi/7.3.1/../../../../arm-none-eabi/lib/thumb/v7e-m/fpv5/hard\libnosys.a
END GROUP
LOAD c:/st/stm32cubeide_1.4.0/stm32cubeide/plugins/com.st.stm32cube.ide.mcu.externaltools.gnu-tools-for-stm32.7-2018-q2-update.win32_1.4.0.202007081208/tools/bin/../lib/gcc/arm-none-eabi/7.3.1/thumb/v7e-m/fpv5/hard/crtend.o
LOAD c:/st/stm32cubeide_1.4.0/stm32cubeide/plugins/com.st.stm32cube.ide.mcu.externaltools.gnu-tools-for-stm32.7-2018-q2-update.win32_1.4.0.202007081208/tools/bin/../lib/gcc/arm-none-eabi/7.3.1/thumb/v7e-m/fpv5/hard/crtn.o
                0x0000000020080000                _estack = (ORIGIN (RAM) + LENGTH (RAM))
                0x0000000000000200                _Min_Heap_Size = 0x200
                0x0000000000000400                _Min_Stack_Size = 0x400

.isr_vector     0x0000000008000000      0x1f8
                0x0000000008000000                . = ALIGN (0x4)
 *(.isr_vector)
 .isr_vector    0x0000000008000000      0x1f8 Core/Startup/startup_stm32f767zitx.o
                0x0000000008000000                g_pfnVectors
                0x00000000080001f8                . = ALIGN (0x4)

.text           0x0000000008000200     0x9ccc
                0x0000000008000200                . = ALIGN (0x4)
 *(.text)
 .text          0x0000000008000200       0x40 c:/st/stm32cubeide_1.4.0/stm32cubeide/plugins/com.st.stm32cube.ide.mcu.externaltools.gnu-tools-for-stm32.7-2018-q2-update.win32_1.4.0.202007081208/tools/bin/../lib/gcc/arm-none-eabi/7.3.1/thumb/v7e-m/fpv5/hard/crtbegin.o
 .text          0x0000000008000240       0x10 c:/st/stm32cubeide_1.4.0/stm32cubeide/plugins/com.st.stm32cube.ide.mcu.externaltools.gnu-tools-for-stm32.7-2018-q2-update.win32_1.4.0.202007081208/tools/bin/../lib/gcc/arm-none-eabi/7.3.1/../../../../arm-none-eabi/lib/thumb/v7e-m/fpv5/hard\libc_nano.a(lib_a-strlen.o)
                0x0000000008000240                strlen
 .text          0x0000000008000250       0xa0 c:/st/stm32cubeide_1.4.0/stm32cubeide/plugins/com.st.stm32cube.ide.mcu.externaltools.gnu-tools-for-stm32.7-2018-q2-update.win32_1.4.0.202007081208/tools/bin/../lib/gcc/arm-none-eabi/7.3.1/../../../../arm-none-eabi/lib/thumb/v7e-m/fpv5/hard\libc_nano.a(lib_a-memchr.o)
                0x0000000008000250                memchr
 .text          0x00000000080002f0       0x30 c:/st/stm32cubeide_1.4.0/stm32cubeide/plugins/com.st.stm32cube.ide.mcu.externaltools.gnu-tools-for-stm32.7-2018-q2-update.win32_1.4.0.202007081208/tools/bin/../lib/gcc/arm-none-eabi/7.3.1/thumb/v7e-m/fpv5/hard\libgcc.a(_aeabi_uldivmod.o)
                0x00000000080002f0                __aeabi_uldivmod
 .text          0x0000000008000320      0x2cc c:/st/stm32cubeide_1.4.0/stm32cubeide/plugins/com.st.stm32cube.ide.mcu.externaltools.gnu-tools-for-stm32.7-2018-q2-update.win32_1.4.0.202007081208/tools/bin/../lib/gcc/arm-none-eabi/7.3.1/thumb/v7e-m/fpv5/hard\libgcc.a(_udivmoddi4.o)
                0x0000000008000320                __udivmoddi4
 .text          0x00000000080005ec        0x4 c:/st/stm32cubeide_1.4.0/stm32cubeide/plugins/com.st.stm32cube.ide.mcu.externaltools.gnu-tools-for-stm32.7-2018-q2-update.win32_1.4.0.202007081208/tools/bin/../lib/gcc/arm-none-eabi/7.3.1/thumb/v7e-m/fpv5/hard\libgcc.a(_dvmd_tls.o)
                0x00000000080005ec                __aeabi_idiv0
                0x00000000080005ec                __aeabi_ldiv0
 *(.text*)
 .text.__io_putchar
                0x00000000080005f0       0x24 Core/Src/main.o
                0x00000000080005f0                __io_putchar
 *fill*         0x0000000008000614        0x4 
 .text.HAL_TIM_PeriodElapsedCallback
                0x0000000008000618     0x1cec Core/Src/main.o
                0x0000000008000618                HAL_TIM_PeriodElapsedCallback
 .text.HAL_GPIO_EXTI_Callback
                0x0000000008002304      0x6e0 Core/Src/main.o
                0x0000000008002304                HAL_GPIO_EXTI_Callback
 .text.main     0x00000000080029e4       0xe4 Core/Src/main.o
                0x00000000080029e4                main
 .text.SystemClock_Config
                0x0000000008002ac8      0x12c Core/Src/main.o
                0x0000000008002ac8                SystemClock_Config
 .text.MX_TIM1_Init
                0x0000000008002bf4       0xb4 Core/Src/main.o
 .text.MX_TIM2_Init
                0x0000000008002ca8       0x9c Core/Src/main.o
 .text.MX_TIM3_Init
                0x0000000008002d44       0xac Core/Src/main.o
 .text.MX_TIM4_Init
                0x0000000008002df0       0xac Core/Src/main.o
 .text.MX_TIM5_Init
                0x0000000008002e9c      0x104 Core/Src/main.o
 .text.MX_TIM8_Init
                0x0000000008002fa0       0xb4 Core/Src/main.o
 .text.MX_TIM9_Init
                0x0000000008003054       0xdc Core/Src/main.o
 .text.MX_USART3_UART_Init
                0x0000000008003130       0x60 Core/Src/main.o
 .text.MX_USB_OTG_FS_PCD_Init
                0x0000000008003190       0x5c Core/Src/main.o
 .text.MX_GPIO_Init
                0x00000000080031ec      0x214 Core/Src/main.o
 .text.Error_Handler
                0x0000000008003400        0xe Core/Src/main.o
                0x0000000008003400                Error_Handler
 *fill*         0x000000000800340e        0x2 
 .text.HAL_MspInit
                0x0000000008003410       0x48 Core/Src/stm32f7xx_hal_msp.o
                0x0000000008003410                HAL_MspInit
 .text.HAL_TIM_Encoder_MspInit
                0x0000000008003458      0x1f4 Core/Src/stm32f7xx_hal_msp.o
                0x0000000008003458                HAL_TIM_Encoder_MspInit
 .text.HAL_TIM_Base_MspInit
                0x000000000800364c       0x98 Core/Src/stm32f7xx_hal_msp.o
                0x000000000800364c                HAL_TIM_Base_MspInit
 .text.HAL_TIM_MspPostInit
                0x00000000080036e4       0xbc Core/Src/stm32f7xx_hal_msp.o
                0x00000000080036e4                HAL_TIM_MspPostInit
 .text.HAL_UART_MspInit
                0x00000000080037a0       0x88 Core/Src/stm32f7xx_hal_msp.o
                0x00000000080037a0                HAL_UART_MspInit
 .text.HAL_PCD_MspInit
                0x0000000008003828       0xb8 Core/Src/stm32f7xx_hal_msp.o
                0x0000000008003828                HAL_PCD_MspInit
 .text.NMI_Handler
                0x00000000080038e0        0xe Core/Src/stm32f7xx_it.o
                0x00000000080038e0                NMI_Handler
 .text.HardFault_Handler
                0x00000000080038ee        0x6 Core/Src/stm32f7xx_it.o
                0x00000000080038ee                HardFault_Handler
 .text.MemManage_Handler
                0x00000000080038f4        0x6 Core/Src/stm32f7xx_it.o
                0x00000000080038f4                MemManage_Handler
 .text.BusFault_Handler
                0x00000000080038fa        0x6 Core/Src/stm32f7xx_it.o
                0x00000000080038fa                BusFault_Handler
 .text.UsageFault_Handler
                0x0000000008003900        0x6 Core/Src/stm32f7xx_it.o
                0x0000000008003900                UsageFault_Handler
 .text.SVC_Handler
                0x0000000008003906        0xe Core/Src/stm32f7xx_it.o
                0x0000000008003906                SVC_Handler
 .text.DebugMon_Handler
                0x0000000008003914        0xe Core/Src/stm32f7xx_it.o
                0x0000000008003914                DebugMon_Handler
 .text.PendSV_Handler
                0x0000000008003922        0xe Core/Src/stm32f7xx_it.o
                0x0000000008003922                PendSV_Handler
 .text.SysTick_Handler
                0x0000000008003930        0xc Core/Src/stm32f7xx_it.o
                0x0000000008003930                SysTick_Handler
 .text.EXTI9_5_IRQHandler
                0x000000000800393c       0x10 Core/Src/stm32f7xx_it.o
                0x000000000800393c                EXTI9_5_IRQHandler
 .text.TIM2_IRQHandler
                0x000000000800394c       0x14 Core/Src/stm32f7xx_it.o
                0x000000000800394c                TIM2_IRQHandler
 .text._read    0x0000000008003960       0x3a Core/Src/syscalls.o
                0x0000000008003960                _read
 .text._write   0x000000000800399a       0x38 Core/Src/syscalls.o
                0x000000000800399a                _write
 .text._close   0x00000000080039d2       0x18 Core/Src/syscalls.o
                0x00000000080039d2                _close
 .text._fstat   0x00000000080039ea       0x20 Core/Src/syscalls.o
                0x00000000080039ea                _fstat
 .text._isatty  0x0000000008003a0a       0x16 Core/Src/syscalls.o
                0x0000000008003a0a                _isatty
 .text._lseek   0x0000000008003a20       0x1a Core/Src/syscalls.o
                0x0000000008003a20                _lseek
 *fill*         0x0000000008003a3a        0x2 
 .text._sbrk    0x0000000008003a3c       0x6c Core/Src/sysmem.o
                0x0000000008003a3c                _sbrk
 .text.SystemInit
                0x0000000008003aa8       0x2c Core/Src/system_stm32f7xx.o
                0x0000000008003aa8                SystemInit
 .text.Reset_Handler
                0x0000000008003ad4       0x50 Core/Startup/startup_stm32f767zitx.o
                0x0000000008003ad4                Reset_Handler
 .text.Default_Handler
                0x0000000008003b24        0x2 Core/Startup/startup_stm32f767zitx.o
                0x0000000008003b24                RTC_Alarm_IRQHandler
                0x0000000008003b24                EXTI2_IRQHandler
                0x0000000008003b24                TIM8_CC_IRQHandler
                0x0000000008003b24                UART8_IRQHandler
                0x0000000008003b24                SPI4_IRQHandler
                0x0000000008003b24                TIM1_CC_IRQHandler
                0x0000000008003b24                DMA2_Stream5_IRQHandler
                0x0000000008003b24                JPEG_IRQHandler
                0x0000000008003b24                DMA1_Stream5_IRQHandler
                0x0000000008003b24                CAN3_RX1_IRQHandler
                0x0000000008003b24                PVD_IRQHandler
                0x0000000008003b24                TAMP_STAMP_IRQHandler
                0x0000000008003b24                CAN2_RX1_IRQHandler
                0x0000000008003b24                EXTI3_IRQHandler
                0x0000000008003b24                TIM8_TRG_COM_TIM14_IRQHandler
                0x0000000008003b24                DFSDM1_FLT1_IRQHandler
                0x0000000008003b24                TIM1_UP_TIM10_IRQHandler
                0x0000000008003b24                TIM8_UP_TIM13_IRQHandler
                0x0000000008003b24                I2C3_ER_IRQHandler
                0x0000000008003b24                DFSDM1_FLT2_IRQHandler
                0x0000000008003b24                EXTI0_IRQHandler
                0x0000000008003b24                I2C2_EV_IRQHandler
                0x0000000008003b24                DMA1_Stream2_IRQHandler
                0x0000000008003b24                CAN1_RX0_IRQHandler
                0x0000000008003b24                FPU_IRQHandler
                0x0000000008003b24                OTG_HS_WKUP_IRQHandler
                0x0000000008003b24                CAN3_SCE_IRQHandler
                0x0000000008003b24                LTDC_ER_IRQHandler
                0x0000000008003b24                CAN2_SCE_IRQHandler
                0x0000000008003b24                DMA2_Stream2_IRQHandler
                0x0000000008003b24                SPI1_IRQHandler
                0x0000000008003b24                TIM6_DAC_IRQHandler
                0x0000000008003b24                TIM1_BRK_TIM9_IRQHandler
                0x0000000008003b24                DCMI_IRQHandler
                0x0000000008003b24                CAN2_RX0_IRQHandler
                0x0000000008003b24                DMA2_Stream3_IRQHandler
                0x0000000008003b24                SAI2_IRQHandler
                0x0000000008003b24                DFSDM1_FLT3_IRQHandler
                0x0000000008003b24                USART6_IRQHandler
                0x0000000008003b24                CAN3_RX0_IRQHandler
                0x0000000008003b24                USART3_IRQHandler
                0x0000000008003b24                CAN1_RX1_IRQHandler
                0x0000000008003b24                UART5_IRQHandler
                0x0000000008003b24                DMA2_Stream0_IRQHandler
                0x0000000008003b24                TIM4_IRQHandler
                0x0000000008003b24                QUADSPI_IRQHandler
                0x0000000008003b24                I2C1_EV_IRQHandler
                0x0000000008003b24                DMA1_Stream6_IRQHandler
                0x0000000008003b24                DMA1_Stream1_IRQHandler
                0x0000000008003b24                UART4_IRQHandler
                0x0000000008003b24                TIM3_IRQHandler
                0x0000000008003b24                RCC_IRQHandler
                0x0000000008003b24                TIM8_BRK_TIM12_IRQHandler
                0x0000000008003b24                Default_Handler
                0x0000000008003b24                CEC_IRQHandler
                0x0000000008003b24                EXTI15_10_IRQHandler
                0x0000000008003b24                ADC_IRQHandler
                0x0000000008003b24                DMA1_Stream7_IRQHandler
                0x0000000008003b24                SPI5_IRQHandler
                0x0000000008003b24                TIM7_IRQHandler
                0x0000000008003b24                SDMMC1_IRQHandler
                0x0000000008003b24                CAN2_TX_IRQHandler
                0x0000000008003b24                TIM5_IRQHandler
                0x0000000008003b24                DMA2_Stream7_IRQHandler
                0x0000000008003b24                I2C3_EV_IRQHandler
                0x0000000008003b24                RTC_WKUP_IRQHandler
                0x0000000008003b24                LTDC_IRQHandler
                0x0000000008003b24                ETH_WKUP_IRQHandler
                0x0000000008003b24                SPDIF_RX_IRQHandler
                0x0000000008003b24                SPI2_IRQHandler
                0x0000000008003b24                OTG_HS_EP1_IN_IRQHandler
                0x0000000008003b24                DMA1_Stream0_IRQHandler
                0x0000000008003b24                CAN1_TX_IRQHandler
                0x0000000008003b24                EXTI4_IRQHandler
                0x0000000008003b24                RNG_IRQHandler
                0x0000000008003b24                ETH_IRQHandler
                0x0000000008003b24                OTG_HS_EP1_OUT_IRQHandler
                0x0000000008003b24                WWDG_IRQHandler
                0x0000000008003b24                SPI6_IRQHandler
                0x0000000008003b24                MDIOS_IRQHandler
                0x0000000008003b24                I2C4_EV_IRQHandler
                0x0000000008003b24                CAN3_TX_IRQHandler
                0x0000000008003b24                OTG_FS_WKUP_IRQHandler
                0x0000000008003b24                TIM1_TRG_COM_TIM11_IRQHandler
                0x0000000008003b24                OTG_HS_IRQHandler
                0x0000000008003b24                DMA2D_IRQHandler
                0x0000000008003b24                EXTI1_IRQHandler
                0x0000000008003b24                SDMMC2_IRQHandler
                0x0000000008003b24                UART7_IRQHandler
                0x0000000008003b24                USART2_IRQHandler
                0x0000000008003b24                DFSDM1_FLT0_IRQHandler
                0x0000000008003b24                I2C2_ER_IRQHandler
                0x0000000008003b24                DMA2_Stream1_IRQHandler
                0x0000000008003b24                CAN1_SCE_IRQHandler
                0x0000000008003b24                FLASH_IRQHandler
                0x0000000008003b24                DMA2_Stream4_IRQHandler
                0x0000000008003b24                USART1_IRQHandler
                0x0000000008003b24                OTG_FS_IRQHandler
                0x0000000008003b24                SPI3_IRQHandler
                0x0000000008003b24                DMA1_Stream4_IRQHandler
                0x0000000008003b24                I2C1_ER_IRQHandler
                0x0000000008003b24                FMC_IRQHandler
                0x0000000008003b24                LPTIM1_IRQHandler
                0x0000000008003b24                I2C4_ER_IRQHandler
                0x0000000008003b24                DMA2_Stream6_IRQHandler
                0x0000000008003b24                SAI1_IRQHandler
                0x0000000008003b24                DMA1_Stream3_IRQHandler
 .text.HAL_Init
                0x0000000008003b26       0x1a Drivers/STM32F7xx_HAL_Driver/Src/stm32f7xx_hal.o
                0x0000000008003b26                HAL_Init
 .text.HAL_InitTick
                0x0000000008003b40       0x60 Drivers/STM32F7xx_HAL_Driver/Src/stm32f7xx_hal.o
                0x0000000008003b40                HAL_InitTick
 .text.HAL_IncTick
                0x0000000008003ba0       0x28 Drivers/STM32F7xx_HAL_Driver/Src/stm32f7xx_hal.o
                0x0000000008003ba0                HAL_IncTick
 .text.HAL_GetTick
                0x0000000008003bc8       0x18 Drivers/STM32F7xx_HAL_Driver/Src/stm32f7xx_hal.o
                0x0000000008003bc8                HAL_GetTick
 .text.HAL_Delay
                0x0000000008003be0       0x44 Drivers/STM32F7xx_HAL_Driver/Src/stm32f7xx_hal.o
                0x0000000008003be0                HAL_Delay
 .text.__NVIC_SetPriorityGrouping
                0x0000000008003c24       0x48 Drivers/STM32F7xx_HAL_Driver/Src/stm32f7xx_hal_cortex.o
 .text.__NVIC_GetPriorityGrouping
                0x0000000008003c6c       0x1c Drivers/STM32F7xx_HAL_Driver/Src/stm32f7xx_hal_cortex.o
 .text.__NVIC_EnableIRQ
                0x0000000008003c88       0x3c Drivers/STM32F7xx_HAL_Driver/Src/stm32f7xx_hal_cortex.o
 .text.__NVIC_SetPriority
                0x0000000008003cc4       0x54 Drivers/STM32F7xx_HAL_Driver/Src/stm32f7xx_hal_cortex.o
 .text.NVIC_EncodePriority
                0x0000000008003d18       0x66 Drivers/STM32F7xx_HAL_Driver/Src/stm32f7xx_hal_cortex.o
 *fill*         0x0000000008003d7e        0x2 
 .text.SysTick_Config
                0x0000000008003d80       0x44 Drivers/STM32F7xx_HAL_Driver/Src/stm32f7xx_hal_cortex.o
 .text.HAL_NVIC_SetPriorityGrouping
                0x0000000008003dc4       0x16 Drivers/STM32F7xx_HAL_Driver/Src/stm32f7xx_hal_cortex.o
                0x0000000008003dc4                HAL_NVIC_SetPriorityGrouping
 .text.HAL_NVIC_SetPriority
                0x0000000008003dda       0x38 Drivers/STM32F7xx_HAL_Driver/Src/stm32f7xx_hal_cortex.o
                0x0000000008003dda                HAL_NVIC_SetPriority
 .text.HAL_NVIC_EnableIRQ
                0x0000000008003e12       0x1c Drivers/STM32F7xx_HAL_Driver/Src/stm32f7xx_hal_cortex.o
                0x0000000008003e12                HAL_NVIC_EnableIRQ
 .text.HAL_SYSTICK_Config
                0x0000000008003e2e       0x18 Drivers/STM32F7xx_HAL_Driver/Src/stm32f7xx_hal_cortex.o
                0x0000000008003e2e                HAL_SYSTICK_Config
 *fill*         0x0000000008003e46        0x2 
 .text.HAL_GPIO_Init
                0x0000000008003e48      0x354 Drivers/STM32F7xx_HAL_Driver/Src/stm32f7xx_hal_gpio.o
                0x0000000008003e48                HAL_GPIO_Init
 .text.HAL_GPIO_WritePin
                0x000000000800419c       0x32 Drivers/STM32F7xx_HAL_Driver/Src/stm32f7xx_hal_gpio.o
                0x000000000800419c                HAL_GPIO_WritePin
 *fill*         0x00000000080041ce        0x2 
 .text.HAL_GPIO_EXTI_IRQHandler
                0x00000000080041d0       0x30 Drivers/STM32F7xx_HAL_Driver/Src/stm32f7xx_hal_gpio.o
                0x00000000080041d0                HAL_GPIO_EXTI_IRQHandler
 .text.HAL_PCD_Init
                0x0000000008004200      0x248 Drivers/STM32F7xx_HAL_Driver/Src/stm32f7xx_hal_pcd.o
                0x0000000008004200                HAL_PCD_Init
 .text.HAL_PCDEx_ActivateLPM
                0x0000000008004448       0x48 Drivers/STM32F7xx_HAL_Driver/Src/stm32f7xx_hal_pcd_ex.o
                0x0000000008004448                HAL_PCDEx_ActivateLPM
 .text.HAL_PWR_EnableBkUpAccess
                0x0000000008004490       0x20 Drivers/STM32F7xx_HAL_Driver/Src/stm32f7xx_hal_pwr.o
                0x0000000008004490                HAL_PWR_EnableBkUpAccess
 .text.HAL_PWREx_EnableOverDrive
                0x00000000080044b0       0xa0 Drivers/STM32F7xx_HAL_Driver/Src/stm32f7xx_hal_pwr_ex.o
                0x00000000080044b0                HAL_PWREx_EnableOverDrive
 .text.HAL_RCC_OscConfig
                0x0000000008004550      0x55c Drivers/STM32F7xx_HAL_Driver/Src/stm32f7xx_hal_rcc.o
                0x0000000008004550                HAL_RCC_OscConfig
 .text.HAL_RCC_ClockConfig
                0x0000000008004aac      0x1d8 Drivers/STM32F7xx_HAL_Driver/Src/stm32f7xx_hal_rcc.o
                0x0000000008004aac                HAL_RCC_ClockConfig
 .text.HAL_RCC_GetSysClockFreq
                0x0000000008004c84      0x1b0 Drivers/STM32F7xx_HAL_Driver/Src/stm32f7xx_hal_rcc.o
                0x0000000008004c84                HAL_RCC_GetSysClockFreq
 .text.HAL_RCC_GetHCLKFreq
                0x0000000008004e34       0x18 Drivers/STM32F7xx_HAL_Driver/Src/stm32f7xx_hal_rcc.o
                0x0000000008004e34                HAL_RCC_GetHCLKFreq
 .text.HAL_RCC_GetPCLK1Freq
                0x0000000008004e4c       0x28 Drivers/STM32F7xx_HAL_Driver/Src/stm32f7xx_hal_rcc.o
                0x0000000008004e4c                HAL_RCC_GetPCLK1Freq
 .text.HAL_RCC_GetPCLK2Freq
                0x0000000008004e74       0x28 Drivers/STM32F7xx_HAL_Driver/Src/stm32f7xx_hal_rcc.o
                0x0000000008004e74                HAL_RCC_GetPCLK2Freq
 .text.HAL_RCCEx_PeriphCLKConfig
                0x0000000008004e9c      0x84c Drivers/STM32F7xx_HAL_Driver/Src/stm32f7xx_hal_rcc_ex.o
                0x0000000008004e9c                HAL_RCCEx_PeriphCLKConfig
 .text.HAL_TIM_Base_Init
                0x00000000080056e8       0x56 Drivers/STM32F7xx_HAL_Driver/Src/stm32f7xx_hal_tim.o
                0x00000000080056e8                HAL_TIM_Base_Init
 *fill*         0x000000000800573e        0x2 
 .text.HAL_TIM_Base_Start_IT
                0x0000000008005740       0x54 Drivers/STM32F7xx_HAL_Driver/Src/stm32f7xx_hal_tim.o
                0x0000000008005740                HAL_TIM_Base_Start_IT
 .text.HAL_TIM_PWM_Init
                0x0000000008005794       0x56 Drivers/STM32F7xx_HAL_Driver/Src/stm32f7xx_hal_tim.o
                0x0000000008005794                HAL_TIM_PWM_Init
 .text.HAL_TIM_PWM_MspInit
                0x00000000080057ea       0x14 Drivers/STM32F7xx_HAL_Driver/Src/stm32f7xx_hal_tim.o
                0x00000000080057ea                HAL_TIM_PWM_MspInit
 *fill*         0x00000000080057fe        0x2 
 .text.HAL_TIM_PWM_Start
                0x0000000008005800       0x88 Drivers/STM32F7xx_HAL_Driver/Src/stm32f7xx_hal_tim.o
                0x0000000008005800                HAL_TIM_PWM_Start
 .text.HAL_TIM_Encoder_Init
                0x0000000008005888      0x124 Drivers/STM32F7xx_HAL_Driver/Src/stm32f7xx_hal_tim.o
                0x0000000008005888                HAL_TIM_Encoder_Init
 .text.HAL_TIM_Encoder_Start
                0x00000000080059ac       0x6e Drivers/STM32F7xx_HAL_Driver/Src/stm32f7xx_hal_tim.o
                0x00000000080059ac                HAL_TIM_Encoder_Start
 .text.HAL_TIM_IRQHandler
                0x0000000008005a1a      0x23e Drivers/STM32F7xx_HAL_Driver/Src/stm32f7xx_hal_tim.o
                0x0000000008005a1a                HAL_TIM_IRQHandler
 .text.HAL_TIM_PWM_ConfigChannel
                0x0000000008005c58      0x230 Drivers/STM32F7xx_HAL_Driver/Src/stm32f7xx_hal_tim.o
                0x0000000008005c58                HAL_TIM_PWM_ConfigChannel
 .text.HAL_TIM_ConfigClockSource
                0x0000000008005e88      0x174 Drivers/STM32F7xx_HAL_Driver/Src/stm32f7xx_hal_tim.o
                0x0000000008005e88                HAL_TIM_ConfigClockSource
 .text.HAL_TIM_OC_DelayElapsedCallback
                0x0000000008005ffc       0x14 Drivers/STM32F7xx_HAL_Driver/Src/stm32f7xx_hal_tim.o
                0x0000000008005ffc                HAL_TIM_OC_DelayElapsedCallback
 .text.HAL_TIM_IC_CaptureCallback
                0x0000000008006010       0x14 Drivers/STM32F7xx_HAL_Driver/Src/stm32f7xx_hal_tim.o
                0x0000000008006010                HAL_TIM_IC_CaptureCallback
 .text.HAL_TIM_PWM_PulseFinishedCallback
                0x0000000008006024       0x14 Drivers/STM32F7xx_HAL_Driver/Src/stm32f7xx_hal_tim.o
                0x0000000008006024                HAL_TIM_PWM_PulseFinishedCallback
 .text.HAL_TIM_TriggerCallback
                0x0000000008006038       0x14 Drivers/STM32F7xx_HAL_Driver/Src/stm32f7xx_hal_tim.o
                0x0000000008006038                HAL_TIM_TriggerCallback
 .text.TIM_Base_SetConfig
                0x000000000800604c      0x140 Drivers/STM32F7xx_HAL_Driver/Src/stm32f7xx_hal_tim.o
                0x000000000800604c                TIM_Base_SetConfig
 .text.TIM_OC1_SetConfig
                0x000000000800618c       0xe4 Drivers/STM32F7xx_HAL_Driver/Src/stm32f7xx_hal_tim.o
 .text.TIM_OC2_SetConfig
                0x0000000008006270       0xf0 Drivers/STM32F7xx_HAL_Driver/Src/stm32f7xx_hal_tim.o
                0x0000000008006270                TIM_OC2_SetConfig
 .text.TIM_OC3_SetConfig
                0x0000000008006360       0xec Drivers/STM32F7xx_HAL_Driver/Src/stm32f7xx_hal_tim.o
 .text.TIM_OC4_SetConfig
                0x000000000800644c       0xb0 Drivers/STM32F7xx_HAL_Driver/Src/stm32f7xx_hal_tim.o
 .text.TIM_OC5_SetConfig
                0x00000000080064fc       0xa4 Drivers/STM32F7xx_HAL_Driver/Src/stm32f7xx_hal_tim.o
 .text.TIM_OC6_SetConfig
                0x00000000080065a0       0xa8 Drivers/STM32F7xx_HAL_Driver/Src/stm32f7xx_hal_tim.o
 .text.TIM_TI1_ConfigInputStage
                0x0000000008006648       0x5e Drivers/STM32F7xx_HAL_Driver/Src/stm32f7xx_hal_tim.o
 .text.TIM_TI2_ConfigInputStage
                0x00000000080066a6       0x60 Drivers/STM32F7xx_HAL_Driver/Src/stm32f7xx_hal_tim.o
 .text.TIM_ITRx_SetConfig
                0x0000000008006706       0x36 Drivers/STM32F7xx_HAL_Driver/Src/stm32f7xx_hal_tim.o
 .text.TIM_ETR_SetConfig
                0x000000000800673c       0x40 Drivers/STM32F7xx_HAL_Driver/Src/stm32f7xx_hal_tim.o
                0x000000000800673c                TIM_ETR_SetConfig
 .text.TIM_CCxChannelCmd
                0x000000000800677c       0x4a Drivers/STM32F7xx_HAL_Driver/Src/stm32f7xx_hal_tim.o
                0x000000000800677c                TIM_CCxChannelCmd
 *fill*         0x00000000080067c6        0x2 
 .text.HAL_TIMEx_MasterConfigSynchronization
                0x00000000080067c8      0x11c Drivers/STM32F7xx_HAL_Driver/Src/stm32f7xx_hal_tim_ex.o
                0x00000000080067c8                HAL_TIMEx_MasterConfigSynchronization
 .text.HAL_TIMEx_CommutCallback
                0x00000000080068e4       0x14 Drivers/STM32F7xx_HAL_Driver/Src/stm32f7xx_hal_tim_ex.o
                0x00000000080068e4                HAL_TIMEx_CommutCallback
 .text.HAL_TIMEx_BreakCallback
                0x00000000080068f8       0x14 Drivers/STM32F7xx_HAL_Driver/Src/stm32f7xx_hal_tim_ex.o
                0x00000000080068f8                HAL_TIMEx_BreakCallback
 .text.HAL_TIMEx_Break2Callback
                0x000000000800690c       0x14 Drivers/STM32F7xx_HAL_Driver/Src/stm32f7xx_hal_tim_ex.o
                0x000000000800690c                HAL_TIMEx_Break2Callback
 .text.HAL_UART_Init
                0x0000000008006920       0x9c Drivers/STM32F7xx_HAL_Driver/Src/stm32f7xx_hal_uart.o
                0x0000000008006920                HAL_UART_Init
 .text.HAL_UART_Transmit
                0x00000000080069bc      0x122 Drivers/STM32F7xx_HAL_Driver/Src/stm32f7xx_hal_uart.o
                0x00000000080069bc                HAL_UART_Transmit
 *fill*         0x0000000008006ade        0x2 
 .text.UART_SetConfig
                0x0000000008006ae0      0x554 Drivers/STM32F7xx_HAL_Driver/Src/stm32f7xx_hal_uart.o
                0x0000000008006ae0                UART_SetConfig
 .text.UART_AdvFeatureConfig
                0x0000000008007034      0x144 Drivers/STM32F7xx_HAL_Driver/Src/stm32f7xx_hal_uart.o
                0x0000000008007034                UART_AdvFeatureConfig
 .text.UART_CheckIdleState
                0x0000000008007178       0x8a Drivers/STM32F7xx_HAL_Driver/Src/stm32f7xx_hal_uart.o
                0x0000000008007178                UART_CheckIdleState
 .text.UART_WaitOnFlagUntilTimeout
                0x0000000008007202       0xf6 Drivers/STM32F7xx_HAL_Driver/Src/stm32f7xx_hal_uart.o
                0x0000000008007202                UART_WaitOnFlagUntilTimeout
 .text.USB_CoreInit
                0x00000000080072f8       0xb0 Drivers/STM32F7xx_HAL_Driver/Src/stm32f7xx_ll_usb.o
                0x00000000080072f8                USB_CoreInit
 .text.USB_DisableGlobalInt
                0x00000000080073a8       0x22 Drivers/STM32F7xx_HAL_Driver/Src/stm32f7xx_ll_usb.o
                0x00000000080073a8                USB_DisableGlobalInt
 .text.USB_SetCurrentMode
                0x00000000080073ca       0x54 Drivers/STM32F7xx_HAL_Driver/Src/stm32f7xx_ll_usb.o
                0x00000000080073ca                USB_SetCurrentMode
 *fill*         0x000000000800741e        0x2 
 .text.USB_DevInit
                0x0000000008007420      0x2dc Drivers/STM32F7xx_HAL_Driver/Src/stm32f7xx_ll_usb.o
                0x0000000008007420                USB_DevInit
 .text.USB_FlushTxFifo
                0x00000000080076fc       0x4c Drivers/STM32F7xx_HAL_Driver/Src/stm32f7xx_ll_usb.o
                0x00000000080076fc                USB_FlushTxFifo
 .text.USB_FlushRxFifo
                0x0000000008007748       0x44 Drivers/STM32F7xx_HAL_Driver/Src/stm32f7xx_ll_usb.o
                0x0000000008007748                USB_FlushRxFifo
 .text.USB_SetDevSpeed
                0x000000000800778c       0x32 Drivers/STM32F7xx_HAL_Driver/Src/stm32f7xx_ll_usb.o
                0x000000000800778c                USB_SetDevSpeed
 .text.USB_DevDisconnect
                0x00000000080077be       0x30 Drivers/STM32F7xx_HAL_Driver/Src/stm32f7xx_ll_usb.o
                0x00000000080077be                USB_DevDisconnect
 *fill*         0x00000000080077ee        0x2 
 .text.USB_CoreReset
                0x00000000080077f0       0x68 Drivers/STM32F7xx_HAL_Driver/Src/stm32f7xx_ll_usb.o
 .text.__errno  0x0000000008007858        0xc c:/st/stm32cubeide_1.4.0/stm32cubeide/plugins/com.st.stm32cube.ide.mcu.externaltools.gnu-tools-for-stm32.7-2018-q2-update.win32_1.4.0.202007081208/tools/bin/../lib/gcc/arm-none-eabi/7.3.1/../../../../arm-none-eabi/lib/thumb/v7e-m/fpv5/hard\libc_nano.a(lib_a-errno.o)
                0x0000000008007858                __errno
 .text.__libc_init_array
                0x0000000008007864       0x48 c:/st/stm32cubeide_1.4.0/stm32cubeide/plugins/com.st.stm32cube.ide.mcu.externaltools.gnu-tools-for-stm32.7-2018-q2-update.win32_1.4.0.202007081208/tools/bin/../lib/gcc/arm-none-eabi/7.3.1/../../../../arm-none-eabi/lib/thumb/v7e-m/fpv5/hard\libc_nano.a(lib_a-init.o)
                0x0000000008007864                __libc_init_array
 .text.memset   0x00000000080078ac       0x10 c:/st/stm32cubeide_1.4.0/stm32cubeide/plugins/com.st.stm32cube.ide.mcu.externaltools.gnu-tools-for-stm32.7-2018-q2-update.win32_1.4.0.202007081208/tools/bin/../lib/gcc/arm-none-eabi/7.3.1/../../../../arm-none-eabi/lib/thumb/v7e-m/fpv5/hard\libc_nano.a(lib_a-memset.o)
                0x00000000080078ac                memset
 .text.__cvt    0x00000000080078bc       0xa4 c:/st/stm32cubeide_1.4.0/stm32cubeide/plugins/com.st.stm32cube.ide.mcu.externaltools.gnu-tools-for-stm32.7-2018-q2-update.win32_1.4.0.202007081208/tools/bin/../lib/gcc/arm-none-eabi/7.3.1/../../../../arm-none-eabi/lib/thumb/v7e-m/fpv5/hard\libc_nano.a(lib_a-nano-vfprintf_float.o)
                0x00000000080078bc                __cvt
 .text.__exponent
                0x0000000008007960       0x66 c:/st/stm32cubeide_1.4.0/stm32cubeide/plugins/com.st.stm32cube.ide.mcu.externaltools.gnu-tools-for-stm32.7-2018-q2-update.win32_1.4.0.202007081208/tools/bin/../lib/gcc/arm-none-eabi/7.3.1/../../../../arm-none-eabi/lib/thumb/v7e-m/fpv5/hard\libc_nano.a(lib_a-nano-vfprintf_float.o)
                0x0000000008007960                __exponent
 *fill*         0x00000000080079c6        0x2 
 .text._printf_float
                0x00000000080079c8      0x458 c:/st/stm32cubeide_1.4.0/stm32cubeide/plugins/com.st.stm32cube.ide.mcu.externaltools.gnu-tools-for-stm32.7-2018-q2-update.win32_1.4.0.202007081208/tools/bin/../lib/gcc/arm-none-eabi/7.3.1/../../../../arm-none-eabi/lib/thumb/v7e-m/fpv5/hard\libc_nano.a(lib_a-nano-vfprintf_float.o)
                0x00000000080079c8                _printf_float
 .text._printf_common
                0x0000000008007e20       0xea c:/st/stm32cubeide_1.4.0/stm32cubeide/plugins/com.st.stm32cube.ide.mcu.externaltools.gnu-tools-for-stm32.7-2018-q2-update.win32_1.4.0.202007081208/tools/bin/../lib/gcc/arm-none-eabi/7.3.1/../../../../arm-none-eabi/lib/thumb/v7e-m/fpv5/hard\libc_nano.a(lib_a-nano-vfprintf_i.o)
                0x0000000008007e20                _printf_common
 *fill*         0x0000000008007f0a        0x2 
 .text._printf_i
                0x0000000008007f0c      0x224 c:/st/stm32cubeide_1.4.0/stm32cubeide/plugins/com.st.stm32cube.ide.mcu.externaltools.gnu-tools-for-stm32.7-2018-q2-update.win32_1.4.0.202007081208/tools/bin/../lib/gcc/arm-none-eabi/7.3.1/../../../../arm-none-eabi/lib/thumb/v7e-m/fpv5/hard\libc_nano.a(lib_a-nano-vfprintf_i.o)
                0x0000000008007f0c                _printf_i
 .text.printf   0x0000000008008130       0x30 c:/st/stm32cubeide_1.4.0/stm32cubeide/plugins/com.st.stm32cube.ide.mcu.externaltools.gnu-tools-for-stm32.7-2018-q2-update.win32_1.4.0.202007081208/tools/bin/../lib/gcc/arm-none-eabi/7.3.1/../../../../arm-none-eabi/lib/thumb/v7e-m/fpv5/hard\libc_nano.a(lib_a-printf.o)
                0x0000000008008130                iprintf
                0x0000000008008130                printf
 .text._puts_r  0x0000000008008160       0xb8 c:/st/stm32cubeide_1.4.0/stm32cubeide/plugins/com.st.stm32cube.ide.mcu.externaltools.gnu-tools-for-stm32.7-2018-q2-update.win32_1.4.0.202007081208/tools/bin/../lib/gcc/arm-none-eabi/7.3.1/../../../../arm-none-eabi/lib/thumb/v7e-m/fpv5/hard\libc_nano.a(lib_a-puts.o)
                0x0000000008008160                _puts_r
 .text.puts     0x0000000008008218       0x10 c:/st/stm32cubeide_1.4.0/stm32cubeide/plugins/com.st.stm32cube.ide.mcu.externaltools.gnu-tools-for-stm32.7-2018-q2-update.win32_1.4.0.202007081208/tools/bin/../lib/gcc/arm-none-eabi/7.3.1/../../../../arm-none-eabi/lib/thumb/v7e-m/fpv5/hard\libc_nano.a(lib_a-puts.o)
                0x0000000008008218                puts
 .text.__swbuf_r
                0x0000000008008228       0xa4 c:/st/stm32cubeide_1.4.0/stm32cubeide/plugins/com.st.stm32cube.ide.mcu.externaltools.gnu-tools-for-stm32.7-2018-q2-update.win32_1.4.0.202007081208/tools/bin/../lib/gcc/arm-none-eabi/7.3.1/../../../../arm-none-eabi/lib/thumb/v7e-m/fpv5/hard\libc_nano.a(lib_a-wbuf.o)
                0x0000000008008228                __swbuf_r
 .text.__swsetup_r
                0x00000000080082cc       0xdc c:/st/stm32cubeide_1.4.0/stm32cubeide/plugins/com.st.stm32cube.ide.mcu.externaltools.gnu-tools-for-stm32.7-2018-q2-update.win32_1.4.0.202007081208/tools/bin/../lib/gcc/arm-none-eabi/7.3.1/../../../../arm-none-eabi/lib/thumb/v7e-m/fpv5/hard\libc_nano.a(lib_a-wsetup.o)
                0x00000000080082cc                __swsetup_r
 .text.quorem   0x00000000080083a8      0x118 c:/st/stm32cubeide_1.4.0/stm32cubeide/plugins/com.st.stm32cube.ide.mcu.externaltools.gnu-tools-for-stm32.7-2018-q2-update.win32_1.4.0.202007081208/tools/bin/../lib/gcc/arm-none-eabi/7.3.1/../../../../arm-none-eabi/lib/thumb/v7e-m/fpv5/hard\libc_nano.a(lib_a-dtoa.o)
 .text._dtoa_r  0x00000000080084c0      0xa98 c:/st/stm32cubeide_1.4.0/stm32cubeide/plugins/com.st.stm32cube.ide.mcu.externaltools.gnu-tools-for-stm32.7-2018-q2-update.win32_1.4.0.202007081208/tools/bin/../lib/gcc/arm-none-eabi/7.3.1/../../../../arm-none-eabi/lib/thumb/v7e-m/fpv5/hard\libc_nano.a(lib_a-dtoa.o)
                0x00000000080084c0                _dtoa_r
 .text.__sflush_r
                0x0000000008008f58      0x10c c:/st/stm32cubeide_1.4.0/stm32cubeide/plugins/com.st.stm32cube.ide.mcu.externaltools.gnu-tools-for-stm32.7-2018-q2-update.win32_1.4.0.202007081208/tools/bin/../lib/gcc/arm-none-eabi/7.3.1/../../../../arm-none-eabi/lib/thumb/v7e-m/fpv5/hard\libc_nano.a(lib_a-fflush.o)
                0x0000000008008f58                __sflush_r
 .text._fflush_r
                0x0000000008009064       0x54 c:/st/stm32cubeide_1.4.0/stm32cubeide/plugins/com.st.stm32cube.ide.mcu.externaltools.gnu-tools-for-stm32.7-2018-q2-update.win32_1.4.0.202007081208/tools/bin/../lib/gcc/arm-none-eabi/7.3.1/../../../../arm-none-eabi/lib/thumb/v7e-m/fpv5/hard\libc_nano.a(lib_a-fflush.o)
                0x0000000008009064                _fflush_r
 .text.std      0x00000000080090b8       0x48 c:/st/stm32cubeide_1.4.0/stm32cubeide/plugins/com.st.stm32cube.ide.mcu.externaltools.gnu-tools-for-stm32.7-2018-q2-update.win32_1.4.0.202007081208/tools/bin/../lib/gcc/arm-none-eabi/7.3.1/../../../../arm-none-eabi/lib/thumb/v7e-m/fpv5/hard\libc_nano.a(lib_a-findfp.o)
 .text._cleanup_r
                0x0000000008009100        0xc c:/st/stm32cubeide_1.4.0/stm32cubeide/plugins/com.st.stm32cube.ide.mcu.externaltools.gnu-tools-for-stm32.7-2018-q2-update.win32_1.4.0.202007081208/tools/bin/../lib/gcc/arm-none-eabi/7.3.1/../../../../arm-none-eabi/lib/thumb/v7e-m/fpv5/hard\libc_nano.a(lib_a-findfp.o)
                0x0000000008009100                _cleanup_r
 .text.__sfmoreglue
                0x000000000800910c       0x2c c:/st/stm32cubeide_1.4.0/stm32cubeide/plugins/com.st.stm32cube.ide.mcu.externaltools.gnu-tools-for-stm32.7-2018-q2-update.win32_1.4.0.202007081208/tools/bin/../lib/gcc/arm-none-eabi/7.3.1/../../../../arm-none-eabi/lib/thumb/v7e-m/fpv5/hard\libc_nano.a(lib_a-findfp.o)
                0x000000000800910c                __sfmoreglue
 .text.__sinit  0x0000000008009138       0x60 c:/st/stm32cubeide_1.4.0/stm32cubeide/plugins/com.st.stm32cube.ide.mcu.externaltools.gnu-tools-for-stm32.7-2018-q2-update.win32_1.4.0.202007081208/tools/bin/../lib/gcc/arm-none-eabi/7.3.1/../../../../arm-none-eabi/lib/thumb/v7e-m/fpv5/hard\libc_nano.a(lib_a-findfp.o)
                0x0000000008009138                __sinit
 .text.__sfp    0x0000000008009198       0x78 c:/st/stm32cubeide_1.4.0/stm32cubeide/plugins/com.st.stm32cube.ide.mcu.externaltools.gnu-tools-for-stm32.7-2018-q2-update.win32_1.4.0.202007081208/tools/bin/../lib/gcc/arm-none-eabi/7.3.1/../../../../arm-none-eabi/lib/thumb/v7e-m/fpv5/hard\libc_nano.a(lib_a-findfp.o)
                0x0000000008009198                __sfp
 .text._fwalk_reent
                0x0000000008009210       0x3c c:/st/stm32cubeide_1.4.0/stm32cubeide/plugins/com.st.stm32cube.ide.mcu.externaltools.gnu-tools-for-stm32.7-2018-q2-update.win32_1.4.0.202007081208/tools/bin/../lib/gcc/arm-none-eabi/7.3.1/../../../../arm-none-eabi/lib/thumb/v7e-m/fpv5/hard\libc_nano.a(lib_a-fwalk.o)
                0x0000000008009210                _fwalk_reent
 .text._localeconv_r
                0x000000000800924c       0x1c c:/st/stm32cubeide_1.4.0/stm32cubeide/plugins/com.st.stm32cube.ide.mcu.externaltools.gnu-tools-for-stm32.7-2018-q2-update.win32_1.4.0.202007081208/tools/bin/../lib/gcc/arm-none-eabi/7.3.1/../../../../arm-none-eabi/lib/thumb/v7e-m/fpv5/hard\libc_nano.a(lib_a-localeconv.o)
                0x000000000800924c                _localeconv_r
 .text.__swhatbuf_r
                0x0000000008009268       0x48 c:/st/stm32cubeide_1.4.0/stm32cubeide/plugins/com.st.stm32cube.ide.mcu.externaltools.gnu-tools-for-stm32.7-2018-q2-update.win32_1.4.0.202007081208/tools/bin/../lib/gcc/arm-none-eabi/7.3.1/../../../../arm-none-eabi/lib/thumb/v7e-m/fpv5/hard\libc_nano.a(lib_a-makebuf.o)
                0x0000000008009268                __swhatbuf_r
 .text.__smakebuf_r
                0x00000000080092b0       0x80 c:/st/stm32cubeide_1.4.0/stm32cubeide/plugins/com.st.stm32cube.ide.mcu.externaltools.gnu-tools-for-stm32.7-2018-q2-update.win32_1.4.0.202007081208/tools/bin/../lib/gcc/arm-none-eabi/7.3.1/../../../../arm-none-eabi/lib/thumb/v7e-m/fpv5/hard\libc_nano.a(lib_a-makebuf.o)
                0x00000000080092b0                __smakebuf_r
 .text.malloc   0x0000000008009330       0x10 c:/st/stm32cubeide_1.4.0/stm32cubeide/plugins/com.st.stm32cube.ide.mcu.externaltools.gnu-tools-for-stm32.7-2018-q2-update.win32_1.4.0.202007081208/tools/bin/../lib/gcc/arm-none-eabi/7.3.1/../../../../arm-none-eabi/lib/thumb/v7e-m/fpv5/hard\libc_nano.a(lib_a-malloc.o)
                0x0000000008009330                malloc
 .text.memcpy   0x0000000008009340       0x16 c:/st/stm32cubeide_1.4.0/stm32cubeide/plugins/com.st.stm32cube.ide.mcu.externaltools.gnu-tools-for-stm32.7-2018-q2-update.win32_1.4.0.202007081208/tools/bin/../lib/gcc/arm-none-eabi/7.3.1/../../../../arm-none-eabi/lib/thumb/v7e-m/fpv5/hard\libc_nano.a(lib_a-memcpy-stub.o)
                0x0000000008009340                memcpy
 .text._Balloc  0x0000000008009356       0x68 c:/st/stm32cubeide_1.4.0/stm32cubeide/plugins/com.st.stm32cube.ide.mcu.externaltools.gnu-tools-for-stm32.7-2018-q2-update.win32_1.4.0.202007081208/tools/bin/../lib/gcc/arm-none-eabi/7.3.1/../../../../arm-none-eabi/lib/thumb/v7e-m/fpv5/hard\libc_nano.a(lib_a-mprec.o)
                0x0000000008009356                _Balloc
 .text._Bfree   0x00000000080093be       0x2e c:/st/stm32cubeide_1.4.0/stm32cubeide/plugins/com.st.stm32cube.ide.mcu.externaltools.gnu-tools-for-stm32.7-2018-q2-update.win32_1.4.0.202007081208/tools/bin/../lib/gcc/arm-none-eabi/7.3.1/../../../../arm-none-eabi/lib/thumb/v7e-m/fpv5/hard\libc_nano.a(lib_a-mprec.o)
                0x00000000080093be                _Bfree
 .text.__multadd
                0x00000000080093ec       0x76 c:/st/stm32cubeide_1.4.0/stm32cubeide/plugins/com.st.stm32cube.ide.mcu.externaltools.gnu-tools-for-stm32.7-2018-q2-update.win32_1.4.0.202007081208/tools/bin/../lib/gcc/arm-none-eabi/7.3.1/../../../../arm-none-eabi/lib/thumb/v7e-m/fpv5/hard\libc_nano.a(lib_a-mprec.o)
                0x00000000080093ec                __multadd
 .text.__hi0bits
                0x0000000008009462       0x3e c:/st/stm32cubeide_1.4.0/stm32cubeide/plugins/com.st.stm32cube.ide.mcu.externaltools.gnu-tools-for-stm32.7-2018-q2-update.win32_1.4.0.202007081208/tools/bin/../lib/gcc/arm-none-eabi/7.3.1/../../../../arm-none-eabi/lib/thumb/v7e-m/fpv5/hard\libc_nano.a(lib_a-mprec.o)
                0x0000000008009462                __hi0bits
 .text.__lo0bits
                0x00000000080094a0       0x5e c:/st/stm32cubeide_1.4.0/stm32cubeide/plugins/com.st.stm32cube.ide.mcu.externaltools.gnu-tools-for-stm32.7-2018-q2-update.win32_1.4.0.202007081208/tools/bin/../lib/gcc/arm-none-eabi/7.3.1/../../../../arm-none-eabi/lib/thumb/v7e-m/fpv5/hard\libc_nano.a(lib_a-mprec.o)
                0x00000000080094a0                __lo0bits
 .text.__i2b    0x00000000080094fe       0x12 c:/st/stm32cubeide_1.4.0/stm32cubeide/plugins/com.st.stm32cube.ide.mcu.externaltools.gnu-tools-for-stm32.7-2018-q2-update.win32_1.4.0.202007081208/tools/bin/../lib/gcc/arm-none-eabi/7.3.1/../../../../arm-none-eabi/lib/thumb/v7e-m/fpv5/hard\libc_nano.a(lib_a-mprec.o)
                0x00000000080094fe                __i2b
 .text.__multiply
                0x0000000008009510      0x12c c:/st/stm32cubeide_1.4.0/stm32cubeide/plugins/com.st.stm32cube.ide.mcu.externaltools.gnu-tools-for-stm32.7-2018-q2-update.win32_1.4.0.202007081208/tools/bin/../lib/gcc/arm-none-eabi/7.3.1/../../../../arm-none-eabi/lib/thumb/v7e-m/fpv5/hard\libc_nano.a(lib_a-mprec.o)
                0x0000000008009510                __multiply
 .text.__pow5mult
                0x000000000800963c       0x9c c:/st/stm32cubeide_1.4.0/stm32cubeide/plugins/com.st.stm32cube.ide.mcu.externaltools.gnu-tools-for-stm32.7-2018-q2-update.win32_1.4.0.202007081208/tools/bin/../lib/gcc/arm-none-eabi/7.3.1/../../../../arm-none-eabi/lib/thumb/v7e-m/fpv5/hard\libc_nano.a(lib_a-mprec.o)
                0x000000000800963c                __pow5mult
 .text.__lshift
                0x00000000080096d8       0xa8 c:/st/stm32cubeide_1.4.0/stm32cubeide/plugins/com.st.stm32cube.ide.mcu.externaltools.gnu-tools-for-stm32.7-2018-q2-update.win32_1.4.0.202007081208/tools/bin/../lib/gcc/arm-none-eabi/7.3.1/../../../../arm-none-eabi/lib/thumb/v7e-m/fpv5/hard\libc_nano.a(lib_a-mprec.o)
                0x00000000080096d8                __lshift
 .text.__mcmp   0x0000000008009780       0x34 c:/st/stm32cubeide_1.4.0/stm32cubeide/plugins/com.st.stm32cube.ide.mcu.externaltools.gnu-tools-for-stm32.7-2018-q2-update.win32_1.4.0.202007081208/tools/bin/../lib/gcc/arm-none-eabi/7.3.1/../../../../arm-none-eabi/lib/thumb/v7e-m/fpv5/hard\libc_nano.a(lib_a-mprec.o)
                0x0000000008009780                __mcmp
 .text.__mdiff  0x00000000080097b4       0xba c:/st/stm32cubeide_1.4.0/stm32cubeide/plugins/com.st.stm32cube.ide.mcu.externaltools.gnu-tools-for-stm32.7-2018-q2-update.win32_1.4.0.202007081208/tools/bin/../lib/gcc/arm-none-eabi/7.3.1/../../../../arm-none-eabi/lib/thumb/v7e-m/fpv5/hard\libc_nano.a(lib_a-mprec.o)
                0x00000000080097b4                __mdiff
 .text.__d2b    0x000000000800986e       0x9e c:/st/stm32cubeide_1.4.0/stm32cubeide/plugins/com.st.stm32cube.ide.mcu.externaltools.gnu-tools-for-stm32.7-2018-q2-update.win32_1.4.0.202007081208/tools/bin/../lib/gcc/arm-none-eabi/7.3.1/../../../../arm-none-eabi/lib/thumb/v7e-m/fpv5/hard\libc_nano.a(lib_a-mprec.o)
                0x000000000800986e                __d2b
 .text._calloc_r
                0x000000000800990c       0x1c c:/st/stm32cubeide_1.4.0/stm32cubeide/plugins/com.st.stm32cube.ide.mcu.externaltools.gnu-tools-for-stm32.7-2018-q2-update.win32_1.4.0.202007081208/tools/bin/../lib/gcc/arm-none-eabi/7.3.1/../../../../arm-none-eabi/lib/thumb/v7e-m/fpv5/hard\libc_nano.a(lib_a-nano-callocr.o)
                0x000000000800990c                _calloc_r
 .text._free_r  0x0000000008009928       0x9c c:/st/stm32cubeide_1.4.0/stm32cubeide/plugins/com.st.stm32cube.ide.mcu.externaltools.gnu-tools-for-stm32.7-2018-q2-update.win32_1.4.0.202007081208/tools/bin/../lib/gcc/arm-none-eabi/7.3.1/../../../../arm-none-eabi/lib/thumb/v7e-m/fpv5/hard\libc_nano.a(lib_a-nano-freer.o)
                0x0000000008009928                _free_r
 .text._malloc_r
                0x00000000080099c4       0xb4 c:/st/stm32cubeide_1.4.0/stm32cubeide/plugins/com.st.stm32cube.ide.mcu.externaltools.gnu-tools-for-stm32.7-2018-q2-update.win32_1.4.0.202007081208/tools/bin/../lib/gcc/arm-none-eabi/7.3.1/../../../../arm-none-eabi/lib/thumb/v7e-m/fpv5/hard\libc_nano.a(lib_a-nano-mallocr.o)
                0x00000000080099c4                _malloc_r
 .text.__sfputc_r
                0x0000000008009a78       0x2e c:/st/stm32cubeide_1.4.0/stm32cubeide/plugins/com.st.stm32cube.ide.mcu.externaltools.gnu-tools-for-stm32.7-2018-q2-update.win32_1.4.0.202007081208/tools/bin/../lib/gcc/arm-none-eabi/7.3.1/../../../../arm-none-eabi/lib/thumb/v7e-m/fpv5/hard\libc_nano.a(lib_a-nano-vfprintf.o)
 .text.__sfputs_r
                0x0000000008009aa6       0x24 c:/st/stm32cubeide_1.4.0/stm32cubeide/plugins/com.st.stm32cube.ide.mcu.externaltools.gnu-tools-for-stm32.7-2018-q2-update.win32_1.4.0.202007081208/tools/bin/../lib/gcc/arm-none-eabi/7.3.1/../../../../arm-none-eabi/lib/thumb/v7e-m/fpv5/hard\libc_nano.a(lib_a-nano-vfprintf.o)
                0x0000000008009aa6                __sfputs_r
 *fill*         0x0000000008009aca        0x2 
 .text._vfprintf_r
                0x0000000008009acc      0x22c c:/st/stm32cubeide_1.4.0/stm32cubeide/plugins/com.st.stm32cube.ide.mcu.externaltools.gnu-tools-for-stm32.7-2018-q2-update.win32_1.4.0.202007081208/tools/bin/../lib/gcc/arm-none-eabi/7.3.1/../../../../arm-none-eabi/lib/thumb/v7e-m/fpv5/hard\libc_nano.a(lib_a-nano-vfprintf.o)
                0x0000000008009acc                _vfprintf_r
                0x0000000008009acc                _vfiprintf_r
 .text._sbrk_r  0x0000000008009cf8       0x20 c:/st/stm32cubeide_1.4.0/stm32cubeide/plugins/com.st.stm32cube.ide.mcu.externaltools.gnu-tools-for-stm32.7-2018-q2-update.win32_1.4.0.202007081208/tools/bin/../lib/gcc/arm-none-eabi/7.3.1/../../../../arm-none-eabi/lib/thumb/v7e-m/fpv5/hard\libc_nano.a(lib_a-sbrkr.o)
                0x0000000008009cf8                _sbrk_r
 .text.__sread  0x0000000008009d18       0x22 c:/st/stm32cubeide_1.4.0/stm32cubeide/plugins/com.st.stm32cube.ide.mcu.externaltools.gnu-tools-for-stm32.7-2018-q2-update.win32_1.4.0.202007081208/tools/bin/../lib/gcc/arm-none-eabi/7.3.1/../../../../arm-none-eabi/lib/thumb/v7e-m/fpv5/hard\libc_nano.a(lib_a-stdio.o)
                0x0000000008009d18                __sread
 .text.__swrite
                0x0000000008009d3a       0x38 c:/st/stm32cubeide_1.4.0/stm32cubeide/plugins/com.st.stm32cube.ide.mcu.externaltools.gnu-tools-for-stm32.7-2018-q2-update.win32_1.4.0.202007081208/tools/bin/../lib/gcc/arm-none-eabi/7.3.1/../../../../arm-none-eabi/lib/thumb/v7e-m/fpv5/hard\libc_nano.a(lib_a-stdio.o)
                0x0000000008009d3a                __swrite
 .text.__sseek  0x0000000008009d72       0x24 c:/st/stm32cubeide_1.4.0/stm32cubeide/plugins/com.st.stm32cube.ide.mcu.externaltools.gnu-tools-for-stm32.7-2018-q2-update.win32_1.4.0.202007081208/tools/bin/../lib/gcc/arm-none-eabi/7.3.1/../../../../arm-none-eabi/lib/thumb/v7e-m/fpv5/hard\libc_nano.a(lib_a-stdio.o)
                0x0000000008009d72                __sseek
 .text.__sclose
                0x0000000008009d96        0x8 c:/st/stm32cubeide_1.4.0/stm32cubeide/plugins/com.st.stm32cube.ide.mcu.externaltools.gnu-tools-for-stm32.7-2018-q2-update.win32_1.4.0.202007081208/tools/bin/../lib/gcc/arm-none-eabi/7.3.1/../../../../arm-none-eabi/lib/thumb/v7e-m/fpv5/hard\libc_nano.a(lib_a-stdio.o)
                0x0000000008009d96                __sclose
 *fill*         0x0000000008009d9e        0x2 
 .text._write_r
                0x0000000008009da0       0x24 c:/st/stm32cubeide_1.4.0/stm32cubeide/plugins/com.st.stm32cube.ide.mcu.externaltools.gnu-tools-for-stm32.7-2018-q2-update.win32_1.4.0.202007081208/tools/bin/../lib/gcc/arm-none-eabi/7.3.1/../../../../arm-none-eabi/lib/thumb/v7e-m/fpv5/hard\libc_nano.a(lib_a-writer.o)
                0x0000000008009da0                _write_r
 .text._close_r
                0x0000000008009dc4       0x20 c:/st/stm32cubeide_1.4.0/stm32cubeide/plugins/com.st.stm32cube.ide.mcu.externaltools.gnu-tools-for-stm32.7-2018-q2-update.win32_1.4.0.202007081208/tools/bin/../lib/gcc/arm-none-eabi/7.3.1/../../../../arm-none-eabi/lib/thumb/v7e-m/fpv5/hard\libc_nano.a(lib_a-closer.o)
                0x0000000008009dc4                _close_r
 .text._fstat_r
                0x0000000008009de4       0x24 c:/st/stm32cubeide_1.4.0/stm32cubeide/plugins/com.st.stm32cube.ide.mcu.externaltools.gnu-tools-for-stm32.7-2018-q2-update.win32_1.4.0.202007081208/tools/bin/../lib/gcc/arm-none-eabi/7.3.1/../../../../arm-none-eabi/lib/thumb/v7e-m/fpv5/hard\libc_nano.a(lib_a-fstatr.o)
                0x0000000008009de4                _fstat_r
 .text._isatty_r
                0x0000000008009e08       0x20 c:/st/stm32cubeide_1.4.0/stm32cubeide/plugins/com.st.stm32cube.ide.mcu.externaltools.gnu-tools-for-stm32.7-2018-q2-update.win32_1.4.0.202007081208/tools/bin/../lib/gcc/arm-none-eabi/7.3.1/../../../../arm-none-eabi/lib/thumb/v7e-m/fpv5/hard\libc_nano.a(lib_a-isattyr.o)
                0x0000000008009e08                _isatty_r
 .text._lseek_r
                0x0000000008009e28       0x24 c:/st/stm32cubeide_1.4.0/stm32cubeide/plugins/com.st.stm32cube.ide.mcu.externaltools.gnu-tools-for-stm32.7-2018-q2-update.win32_1.4.0.202007081208/tools/bin/../lib/gcc/arm-none-eabi/7.3.1/../../../../arm-none-eabi/lib/thumb/v7e-m/fpv5/hard\libc_nano.a(lib_a-lseekr.o)
                0x0000000008009e28                _lseek_r
 .text.__ascii_mbtowc
                0x0000000008009e4c       0x24 c:/st/stm32cubeide_1.4.0/stm32cubeide/plugins/com.st.stm32cube.ide.mcu.externaltools.gnu-tools-for-stm32.7-2018-q2-update.win32_1.4.0.202007081208/tools/bin/../lib/gcc/arm-none-eabi/7.3.1/../../../../arm-none-eabi/lib/thumb/v7e-m/fpv5/hard\libc_nano.a(lib_a-mbtowc_r.o)
                0x0000000008009e4c                __ascii_mbtowc
 .text.__malloc_lock
                0x0000000008009e70        0x2 c:/st/stm32cubeide_1.4.0/stm32cubeide/plugins/com.st.stm32cube.ide.mcu.externaltools.gnu-tools-for-stm32.7-2018-q2-update.win32_1.4.0.202007081208/tools/bin/../lib/gcc/arm-none-eabi/7.3.1/../../../../arm-none-eabi/lib/thumb/v7e-m/fpv5/hard\libc_nano.a(lib_a-mlock.o)
                0x0000000008009e70                __malloc_lock
 .text.__malloc_unlock
                0x0000000008009e72        0x2 c:/st/stm32cubeide_1.4.0/stm32cubeide/plugins/com.st.stm32cube.ide.mcu.externaltools.gnu-tools-for-stm32.7-2018-q2-update.win32_1.4.0.202007081208/tools/bin/../lib/gcc/arm-none-eabi/7.3.1/../../../../arm-none-eabi/lib/thumb/v7e-m/fpv5/hard\libc_nano.a(lib_a-mlock.o)
                0x0000000008009e72                __malloc_unlock
 .text._read_r  0x0000000008009e74       0x24 c:/st/stm32cubeide_1.4.0/stm32cubeide/plugins/com.st.stm32cube.ide.mcu.externaltools.gnu-tools-for-stm32.7-2018-q2-update.win32_1.4.0.202007081208/tools/bin/../lib/gcc/arm-none-eabi/7.3.1/../../../../arm-none-eabi/lib/thumb/v7e-m/fpv5/hard\libc_nano.a(lib_a-readr.o)
                0x0000000008009e74                _read_r
 .text.__ascii_wctomb
                0x0000000008009e98       0x1a c:/st/stm32cubeide_1.4.0/stm32cubeide/plugins/com.st.stm32cube.ide.mcu.externaltools.gnu-tools-for-stm32.7-2018-q2-update.win32_1.4.0.202007081208/tools/bin/../lib/gcc/arm-none-eabi/7.3.1/../../../../arm-none-eabi/lib/thumb/v7e-m/fpv5/hard\libc_nano.a(lib_a-wctomb_r.o)
                0x0000000008009e98                __ascii_wctomb
 *(.glue_7)
 .glue_7        0x0000000008009eb2        0x0 linker stubs
 *(.glue_7t)
 .glue_7t       0x0000000008009eb2        0x0 linker stubs
 *(.eh_frame)
 *fill*         0x0000000008009eb2        0x2 
 .eh_frame      0x0000000008009eb4        0x0 c:/st/stm32cubeide_1.4.0/stm32cubeide/plugins/com.st.stm32cube.ide.mcu.externaltools.gnu-tools-for-stm32.7-2018-q2-update.win32_1.4.0.202007081208/tools/bin/../lib/gcc/arm-none-eabi/7.3.1/thumb/v7e-m/fpv5/hard/crtbegin.o
 *(.init)
 .init          0x0000000008009eb4        0x4 c:/st/stm32cubeide_1.4.0/stm32cubeide/plugins/com.st.stm32cube.ide.mcu.externaltools.gnu-tools-for-stm32.7-2018-q2-update.win32_1.4.0.202007081208/tools/bin/../lib/gcc/arm-none-eabi/7.3.1/thumb/v7e-m/fpv5/hard/crti.o
                0x0000000008009eb4                _init
 .init          0x0000000008009eb8        0x8 c:/st/stm32cubeide_1.4.0/stm32cubeide/plugins/com.st.stm32cube.ide.mcu.externaltools.gnu-tools-for-stm32.7-2018-q2-update.win32_1.4.0.202007081208/tools/bin/../lib/gcc/arm-none-eabi/7.3.1/thumb/v7e-m/fpv5/hard/crtn.o
 *(.fini)
 .fini          0x0000000008009ec0        0x4 c:/st/stm32cubeide_1.4.0/stm32cubeide/plugins/com.st.stm32cube.ide.mcu.externaltools.gnu-tools-for-stm32.7-2018-q2-update.win32_1.4.0.202007081208/tools/bin/../lib/gcc/arm-none-eabi/7.3.1/thumb/v7e-m/fpv5/hard/crti.o
                0x0000000008009ec0                _fini
 .fini          0x0000000008009ec4        0x8 c:/st/stm32cubeide_1.4.0/stm32cubeide/plugins/com.st.stm32cube.ide.mcu.externaltools.gnu-tools-for-stm32.7-2018-q2-update.win32_1.4.0.202007081208/tools/bin/../lib/gcc/arm-none-eabi/7.3.1/thumb/v7e-m/fpv5/hard/crtn.o
                0x0000000008009ecc                . = ALIGN (0x4)
                0x0000000008009ecc                _etext = .

.vfp11_veneer   0x0000000008009ecc        0x0
 .vfp11_veneer  0x0000000008009ecc        0x0 linker stubs

.v4_bx          0x0000000008009ecc        0x0
 .v4_bx         0x0000000008009ecc        0x0 linker stubs

.iplt           0x0000000008009ecc        0x0
 .iplt          0x0000000008009ecc        0x0 c:/st/stm32cubeide_1.4.0/stm32cubeide/plugins/com.st.stm32cube.ide.mcu.externaltools.gnu-tools-for-stm32.7-2018-q2-update.win32_1.4.0.202007081208/tools/bin/../lib/gcc/arm-none-eabi/7.3.1/thumb/v7e-m/fpv5/hard/crtbegin.o

.rodata         0x0000000008009ed0      0x2f0
                0x0000000008009ed0                . = ALIGN (0x4)
 *(.rodata)
 .rodata        0x0000000008009ed0       0x11 Core/Src/main.o
 *(.rodata*)
 *fill*         0x0000000008009ee1        0x3 
 .rodata.AHBPrescTable
                0x0000000008009ee4       0x10 Core/Src/system_stm32f7xx.o
                0x0000000008009ee4                AHBPrescTable
 .rodata.APBPrescTable
                0x0000000008009ef4        0x8 Core/Src/system_stm32f7xx.o
                0x0000000008009ef4                APBPrescTable
 .rodata._global_impure_ptr
                0x0000000008009efc        0x4 c:/st/stm32cubeide_1.4.0/stm32cubeide/plugins/com.st.stm32cube.ide.mcu.externaltools.gnu-tools-for-stm32.7-2018-q2-update.win32_1.4.0.202007081208/tools/bin/../lib/gcc/arm-none-eabi/7.3.1/../../../../arm-none-eabi/lib/thumb/v7e-m/fpv5/hard\libc_nano.a(lib_a-impure.o)
                0x0000000008009efc                _global_impure_ptr
 .rodata._printf_float.str1.1
                0x0000000008009f00       0x12 c:/st/stm32cubeide_1.4.0/stm32cubeide/plugins/com.st.stm32cube.ide.mcu.externaltools.gnu-tools-for-stm32.7-2018-q2-update.win32_1.4.0.202007081208/tools/bin/../lib/gcc/arm-none-eabi/7.3.1/../../../../arm-none-eabi/lib/thumb/v7e-m/fpv5/hard\libc_nano.a(lib_a-nano-vfprintf_float.o)
 .rodata._printf_i.str1.1
                0x0000000008009f12       0x22 c:/st/stm32cubeide_1.4.0/stm32cubeide/plugins/com.st.stm32cube.ide.mcu.externaltools.gnu-tools-for-stm32.7-2018-q2-update.win32_1.4.0.202007081208/tools/bin/../lib/gcc/arm-none-eabi/7.3.1/../../../../arm-none-eabi/lib/thumb/v7e-m/fpv5/hard\libc_nano.a(lib_a-nano-vfprintf_i.o)
 .rodata._dtoa_r.str1.1
                0x0000000008009f34        0xd c:/st/stm32cubeide_1.4.0/stm32cubeide/plugins/com.st.stm32cube.ide.mcu.externaltools.gnu-tools-for-stm32.7-2018-q2-update.win32_1.4.0.202007081208/tools/bin/../lib/gcc/arm-none-eabi/7.3.1/../../../../arm-none-eabi/lib/thumb/v7e-m/fpv5/hard\libc_nano.a(lib_a-dtoa.o)
                                          0xf (size before relaxing)
 *fill*         0x0000000008009f41        0x3 
 .rodata.__sf_fake_stderr
                0x0000000008009f44       0x20 c:/st/stm32cubeide_1.4.0/stm32cubeide/plugins/com.st.stm32cube.ide.mcu.externaltools.gnu-tools-for-stm32.7-2018-q2-update.win32_1.4.0.202007081208/tools/bin/../lib/gcc/arm-none-eabi/7.3.1/../../../../arm-none-eabi/lib/thumb/v7e-m/fpv5/hard\libc_nano.a(lib_a-findfp.o)
                0x0000000008009f44                __sf_fake_stderr
 .rodata.__sf_fake_stdin
                0x0000000008009f64       0x20 c:/st/stm32cubeide_1.4.0/stm32cubeide/plugins/com.st.stm32cube.ide.mcu.externaltools.gnu-tools-for-stm32.7-2018-q2-update.win32_1.4.0.202007081208/tools/bin/../lib/gcc/arm-none-eabi/7.3.1/../../../../arm-none-eabi/lib/thumb/v7e-m/fpv5/hard\libc_nano.a(lib_a-findfp.o)
                0x0000000008009f64                __sf_fake_stdin
 .rodata.__sf_fake_stdout
                0x0000000008009f84       0x20 c:/st/stm32cubeide_1.4.0/stm32cubeide/plugins/com.st.stm32cube.ide.mcu.externaltools.gnu-tools-for-stm32.7-2018-q2-update.win32_1.4.0.202007081208/tools/bin/../lib/gcc/arm-none-eabi/7.3.1/../../../../arm-none-eabi/lib/thumb/v7e-m/fpv5/hard\libc_nano.a(lib_a-findfp.o)
                0x0000000008009f84                __sf_fake_stdout
 *fill*         0x0000000008009fa4        0x4 
 .rodata.__mprec_bigtens
                0x0000000008009fa8       0x28 c:/st/stm32cubeide_1.4.0/stm32cubeide/plugins/com.st.stm32cube.ide.mcu.externaltools.gnu-tools-for-stm32.7-2018-q2-update.win32_1.4.0.202007081208/tools/bin/../lib/gcc/arm-none-eabi/7.3.1/../../../../arm-none-eabi/lib/thumb/v7e-m/fpv5/hard\libc_nano.a(lib_a-mprec.o)
                0x0000000008009fa8                __mprec_bigtens
 .rodata.__mprec_tens
                0x0000000008009fd0       0xc8 c:/st/stm32cubeide_1.4.0/stm32cubeide/plugins/com.st.stm32cube.ide.mcu.externaltools.gnu-tools-for-stm32.7-2018-q2-update.win32_1.4.0.202007081208/tools/bin/../lib/gcc/arm-none-eabi/7.3.1/../../../../arm-none-eabi/lib/thumb/v7e-m/fpv5/hard\libc_nano.a(lib_a-mprec.o)
                0x0000000008009fd0                __mprec_tens
 .rodata.p05.7359
                0x000000000800a098        0xc c:/st/stm32cubeide_1.4.0/stm32cubeide/plugins/com.st.stm32cube.ide.mcu.externaltools.gnu-tools-for-stm32.7-2018-q2-update.win32_1.4.0.202007081208/tools/bin/../lib/gcc/arm-none-eabi/7.3.1/../../../../arm-none-eabi/lib/thumb/v7e-m/fpv5/hard\libc_nano.a(lib_a-mprec.o)
 .rodata._vfprintf_r.str1.1
                0x000000000800a0a4       0x11 c:/st/stm32cubeide_1.4.0/stm32cubeide/plugins/com.st.stm32cube.ide.mcu.externaltools.gnu-tools-for-stm32.7-2018-q2-update.win32_1.4.0.202007081208/tools/bin/../lib/gcc/arm-none-eabi/7.3.1/../../../../arm-none-eabi/lib/thumb/v7e-m/fpv5/hard\libc_nano.a(lib_a-nano-vfprintf.o)
 .rodata._setlocale_r.str1.1
                0x000000000800a0b5        0x8 c:/st/stm32cubeide_1.4.0/stm32cubeide/plugins/com.st.stm32cube.ide.mcu.externaltools.gnu-tools-for-stm32.7-2018-q2-update.win32_1.4.0.202007081208/tools/bin/../lib/gcc/arm-none-eabi/7.3.1/../../../../arm-none-eabi/lib/thumb/v7e-m/fpv5/hard\libc_nano.a(lib_a-locale.o)
                                          0x9 (size before relaxing)
 .rodata.str1.1
                0x000000000800a0bd        0x2 c:/st/stm32cubeide_1.4.0/stm32cubeide/plugins/com.st.stm32cube.ide.mcu.externaltools.gnu-tools-for-stm32.7-2018-q2-update.win32_1.4.0.202007081208/tools/bin/../lib/gcc/arm-none-eabi/7.3.1/../../../../arm-none-eabi/lib/thumb/v7e-m/fpv5/hard\libc_nano.a(lib_a-locale.o)
 .rodata._ctype_
                0x000000000800a0bf      0x101 c:/st/stm32cubeide_1.4.0/stm32cubeide/plugins/com.st.stm32cube.ide.mcu.externaltools.gnu-tools-for-stm32.7-2018-q2-update.win32_1.4.0.202007081208/tools/bin/../lib/gcc/arm-none-eabi/7.3.1/../../../../arm-none-eabi/lib/thumb/v7e-m/fpv5/hard\libc_nano.a(lib_a-ctype_.o)
                0x000000000800a0bf                _ctype_
                0x000000000800a1c0                . = ALIGN (0x4)

.ARM.extab      0x000000000800a1c0        0x0
                0x000000000800a1c0                . = ALIGN (0x4)
 *(.ARM.extab* .gnu.linkonce.armextab.*)
                0x000000000800a1c0                . = ALIGN (0x4)

.ARM            0x000000000800a1c0        0x8
                0x000000000800a1c0                . = ALIGN (0x4)
                0x000000000800a1c0                __exidx_start = .
 *(.ARM.exidx*)
 .ARM.exidx     0x000000000800a1c0        0x8 c:/st/stm32cubeide_1.4.0/stm32cubeide/plugins/com.st.stm32cube.ide.mcu.externaltools.gnu-tools-for-stm32.7-2018-q2-update.win32_1.4.0.202007081208/tools/bin/../lib/gcc/arm-none-eabi/7.3.1/thumb/v7e-m/fpv5/hard\libgcc.a(_udivmoddi4.o)
                0x000000000800a1c8                __exidx_end = .
                0x000000000800a1c8                . = ALIGN (0x4)

.rel.dyn        0x000000000800a1c8        0x0
 .rel.iplt      0x000000000800a1c8        0x0 c:/st/stm32cubeide_1.4.0/stm32cubeide/plugins/com.st.stm32cube.ide.mcu.externaltools.gnu-tools-for-stm32.7-2018-q2-update.win32_1.4.0.202007081208/tools/bin/../lib/gcc/arm-none-eabi/7.3.1/thumb/v7e-m/fpv5/hard/crtbegin.o

.preinit_array  0x000000000800a1c8        0x0
                0x000000000800a1c8                . = ALIGN (0x4)
                0x000000000800a1c8                PROVIDE (__preinit_array_start = .)
 *(.preinit_array*)
                0x000000000800a1c8                PROVIDE (__preinit_array_end = .)
                0x000000000800a1c8                . = ALIGN (0x4)

.init_array     0x000000000800a1c8        0x4
                0x000000000800a1c8                . = ALIGN (0x4)
                0x000000000800a1c8                PROVIDE (__init_array_start = .)
 *(SORT_BY_NAME(.init_array.*))
 *(.init_array*)
 .init_array    0x000000000800a1c8        0x4 c:/st/stm32cubeide_1.4.0/stm32cubeide/plugins/com.st.stm32cube.ide.mcu.externaltools.gnu-tools-for-stm32.7-2018-q2-update.win32_1.4.0.202007081208/tools/bin/../lib/gcc/arm-none-eabi/7.3.1/thumb/v7e-m/fpv5/hard/crtbegin.o
                0x000000000800a1cc                PROVIDE (__init_array_end = .)
                0x000000000800a1cc                . = ALIGN (0x4)

.fini_array     0x000000000800a1cc        0x4
                0x000000000800a1cc                . = ALIGN (0x4)
                [!provide]                        PROVIDE (__fini_array_start = .)
 *(SORT_BY_NAME(.fini_array.*))
 *(.fini_array*)
 .fini_array    0x000000000800a1cc        0x4 c:/st/stm32cubeide_1.4.0/stm32cubeide/plugins/com.st.stm32cube.ide.mcu.externaltools.gnu-tools-for-stm32.7-2018-q2-update.win32_1.4.0.202007081208/tools/bin/../lib/gcc/arm-none-eabi/7.3.1/thumb/v7e-m/fpv5/hard/crtbegin.o
                [!provide]                        PROVIDE (__fini_array_end = .)
                0x000000000800a1d0                . = ALIGN (0x4)
                0x000000000800a1d0                _sidata = LOADADDR (.data)

.data           0x0000000020000000      0x1f4 load address 0x000000000800a1d0
                0x0000000020000000                . = ALIGN (0x4)
                0x0000000020000000                _sdata = .
 *(.data)
 *(.data*)
 .data.cnt_offset
                0x0000000020000000        0x2 Core/Src/main.o
                0x0000000020000000                cnt_offset
 *fill*         0x0000000020000002        0x2 
 .data.rsl      0x0000000020000004        0x4 Core/Src/main.o
                0x0000000020000004                rsl
 .data.phi_res  0x0000000020000008        0x4 Core/Src/main.o
                0x0000000020000008                phi_res
 .data.Kp_vv_x  0x000000002000000c        0x4 Core/Src/main.o
                0x000000002000000c                Kp_vv_x
 .data.Kp_vv_y  0x0000000020000010        0x4 Core/Src/main.o
                0x0000000020000010                Kp_vv_y
 .data.Kp_vv_phi
                0x0000000020000014        0x4 Core/Src/main.o
                0x0000000020000014                Kp_vv_phi
 .data.SystemCoreClock
                0x0000000020000018        0x4 Core/Src/system_stm32f7xx.o
                0x0000000020000018                SystemCoreClock
 .data.uwTickPrio
                0x000000002000001c        0x4 Drivers/STM32F7xx_HAL_Driver/Src/stm32f7xx_hal.o
                0x000000002000001c                uwTickPrio
 .data.uwTickFreq
                0x0000000020000020        0x1 Drivers/STM32F7xx_HAL_Driver/Src/stm32f7xx_hal.o
                0x0000000020000020                uwTickFreq
 *fill*         0x0000000020000021        0x3 
 .data._impure_ptr
                0x0000000020000024        0x4 c:/st/stm32cubeide_1.4.0/stm32cubeide/plugins/com.st.stm32cube.ide.mcu.externaltools.gnu-tools-for-stm32.7-2018-q2-update.win32_1.4.0.202007081208/tools/bin/../lib/gcc/arm-none-eabi/7.3.1/../../../../arm-none-eabi/lib/thumb/v7e-m/fpv5/hard\libc_nano.a(lib_a-impure.o)
                0x0000000020000024                _impure_ptr
 .data.impure_data
                0x0000000020000028       0x60 c:/st/stm32cubeide_1.4.0/stm32cubeide/plugins/com.st.stm32cube.ide.mcu.externaltools.gnu-tools-for-stm32.7-2018-q2-update.win32_1.4.0.202007081208/tools/bin/../lib/gcc/arm-none-eabi/7.3.1/../../../../arm-none-eabi/lib/thumb/v7e-m/fpv5/hard\libc_nano.a(lib_a-impure.o)
 .data.__global_locale
                0x0000000020000088      0x16c c:/st/stm32cubeide_1.4.0/stm32cubeide/plugins/com.st.stm32cube.ide.mcu.externaltools.gnu-tools-for-stm32.7-2018-q2-update.win32_1.4.0.202007081208/tools/bin/../lib/gcc/arm-none-eabi/7.3.1/../../../../arm-none-eabi/lib/thumb/v7e-m/fpv5/hard\libc_nano.a(lib_a-locale.o)
                0x0000000020000088                __global_locale
                0x00000000200001f4                . = ALIGN (0x4)
                0x00000000200001f4                _edata = .

.igot.plt       0x00000000200001f4        0x0 load address 0x000000000800a3c4
 .igot.plt      0x00000000200001f4        0x0 c:/st/stm32cubeide_1.4.0/stm32cubeide/plugins/com.st.stm32cube.ide.mcu.externaltools.gnu-tools-for-stm32.7-2018-q2-update.win32_1.4.0.202007081208/tools/bin/../lib/gcc/arm-none-eabi/7.3.1/thumb/v7e-m/fpv5/hard/crtbegin.o
                0x00000000200001f4                . = ALIGN (0x4)

.bss            0x00000000200001f4    0x5fb70 load address 0x000000000800a3c4
                0x00000000200001f4                _sbss = .
                0x00000000200001f4                __bss_start__ = _sbss
 *(.bss)
 .bss           0x00000000200001f4       0x1c c:/st/stm32cubeide_1.4.0/stm32cubeide/plugins/com.st.stm32cube.ide.mcu.externaltools.gnu-tools-for-stm32.7-2018-q2-update.win32_1.4.0.202007081208/tools/bin/../lib/gcc/arm-none-eabi/7.3.1/thumb/v7e-m/fpv5/hard/crtbegin.o
 *(.bss*)
 .bss.t         0x0000000020000210        0x4 Core/Src/main.o
                0x0000000020000210                t
 .bss.loop      0x0000000020000214        0x2 Core/Src/main.o
                0x0000000020000214                loop
 .bss.mode      0x0000000020000216        0x1 Core/Src/main.o
                0x0000000020000216                mode
 .bss.divide    0x0000000020000217        0x1 Core/Src/main.o
                0x0000000020000217                divide
 .bss.cnt1      0x0000000020000218        0x2 Core/Src/main.o
                0x0000000020000218                cnt1
 .bss.cnt2      0x000000002000021a        0x2 Core/Src/main.o
                0x000000002000021a                cnt2
 .bss.cnt3      0x000000002000021c        0x2 Core/Src/main.o
                0x000000002000021c                cnt3
 .bss.cnt4      0x000000002000021e        0x2 Core/Src/main.o
                0x000000002000021e                cnt4
 .bss.cnt1_pre  0x0000000020000220        0x2 Core/Src/main.o
                0x0000000020000220                cnt1_pre
 .bss.cnt2_pre  0x0000000020000222        0x2 Core/Src/main.o
                0x0000000020000222                cnt2_pre
 .bss.cnt3_pre  0x0000000020000224        0x2 Core/Src/main.o
                0x0000000020000224                cnt3_pre
 .bss.cnt4_pre  0x0000000020000226        0x2 Core/Src/main.o
                0x0000000020000226                cnt4_pre
 .bss.digit1    0x0000000020000228        0x1 Core/Src/main.o
                0x0000000020000228                digit1
 .bss.digit2    0x0000000020000229        0x1 Core/Src/main.o
                0x0000000020000229                digit2
 .bss.digit3    0x000000002000022a        0x1 Core/Src/main.o
                0x000000002000022a                digit3
 .bss.digit4    0x000000002000022b        0x1 Core/Src/main.o
                0x000000002000022b                digit4
 .bss.direc1    0x000000002000022c        0x1 Core/Src/main.o
                0x000000002000022c                direc1
 .bss.direc2    0x000000002000022d        0x1 Core/Src/main.o
                0x000000002000022d                direc2
 .bss.direc3    0x000000002000022e        0x1 Core/Src/main.o
                0x000000002000022e                direc3
 .bss.direc4    0x000000002000022f        0x1 Core/Src/main.o
                0x000000002000022f                direc4
 .bss.theta1_res
                0x0000000020000230        0x4 Core/Src/main.o
                0x0000000020000230                theta1_res
 .bss.theta2_res
                0x0000000020000234        0x4 Core/Src/main.o
                0x0000000020000234                theta2_res
 .bss.theta3_res
                0x0000000020000238        0x4 Core/Src/main.o
                0x0000000020000238                theta3_res
 .bss.theta4_res
                0x000000002000023c        0x4 Core/Src/main.o
                0x000000002000023c                theta4_res
 .bss.theta1_res_pre
                0x0000000020000240        0x4 Core/Src/main.o
                0x0000000020000240                theta1_res_pre
 .bss.theta2_res_pre
                0x0000000020000244        0x4 Core/Src/main.o
                0x0000000020000244                theta2_res_pre
 .bss.theta3_res_pre
                0x0000000020000248        0x4 Core/Src/main.o
                0x0000000020000248                theta3_res_pre
 .bss.theta4_res_pre
                0x000000002000024c        0x4 Core/Src/main.o
                0x000000002000024c                theta4_res_pre
 .bss.dtheta1_res
                0x0000000020000250        0x4 Core/Src/main.o
                0x0000000020000250                dtheta1_res
 .bss.dtheta2_res
                0x0000000020000254        0x4 Core/Src/main.o
                0x0000000020000254                dtheta2_res
 .bss.dtheta3_res
                0x0000000020000258        0x4 Core/Src/main.o
                0x0000000020000258                dtheta3_res
 .bss.dtheta4_res
                0x000000002000025c        0x4 Core/Src/main.o
                0x000000002000025c                dtheta4_res
 .bss.dtheta1_res_pre
                0x0000000020000260        0x4 Core/Src/main.o
                0x0000000020000260                dtheta1_res_pre
 .bss.dtheta2_res_pre
                0x0000000020000264        0x4 Core/Src/main.o
                0x0000000020000264                dtheta2_res_pre
 .bss.dtheta3_res_pre
                0x0000000020000268        0x4 Core/Src/main.o
                0x0000000020000268                dtheta3_res_pre
 .bss.dtheta4_res_pre
                0x000000002000026c        0x4 Core/Src/main.o
                0x000000002000026c                dtheta4_res_pre
 .bss.dtheta1_res_raw
                0x0000000020000270        0x4 Core/Src/main.o
                0x0000000020000270                dtheta1_res_raw
 .bss.dtheta2_res_raw
                0x0000000020000274        0x4 Core/Src/main.o
                0x0000000020000274                dtheta2_res_raw
 .bss.dtheta3_res_raw
                0x0000000020000278        0x4 Core/Src/main.o
                0x0000000020000278                dtheta3_res_raw
 .bss.dtheta4_res_raw
                0x000000002000027c        0x4 Core/Src/main.o
                0x000000002000027c                dtheta4_res_raw
 .bss.ddtheta1_ref
                0x0000000020000280        0x4 Core/Src/main.o
                0x0000000020000280                ddtheta1_ref
 .bss.ddtheta2_ref
                0x0000000020000284        0x4 Core/Src/main.o
                0x0000000020000284                ddtheta2_ref
 .bss.ddtheta3_ref
                0x0000000020000288        0x4 Core/Src/main.o
                0x0000000020000288                ddtheta3_ref
 .bss.ddtheta4_ref
                0x000000002000028c        0x4 Core/Src/main.o
                0x000000002000028c                ddtheta4_ref
 .bss.i1_ref    0x0000000020000290        0x4 Core/Src/main.o
                0x0000000020000290                i1_ref
 .bss.i2_ref    0x0000000020000294        0x4 Core/Src/main.o
                0x0000000020000294                i2_ref
 .bss.i3_ref    0x0000000020000298        0x4 Core/Src/main.o
                0x0000000020000298                i3_ref
 .bss.i4_ref    0x000000002000029c        0x4 Core/Src/main.o
                0x000000002000029c                i4_ref
 .bss.ia1_ref   0x00000000200002a0        0x4 Core/Src/main.o
                0x00000000200002a0                ia1_ref
 .bss.ia2_ref   0x00000000200002a4        0x4 Core/Src/main.o
                0x00000000200002a4                ia2_ref
 .bss.ia3_ref   0x00000000200002a8        0x4 Core/Src/main.o
                0x00000000200002a8                ia3_ref
 .bss.ia4_ref   0x00000000200002ac        0x4 Core/Src/main.o
                0x00000000200002ac                ia4_ref
 .bss.ia1_ref_pre
                0x00000000200002b0        0x4 Core/Src/main.o
                0x00000000200002b0                ia1_ref_pre
 .bss.ia2_ref_pre
                0x00000000200002b4        0x4 Core/Src/main.o
                0x00000000200002b4                ia2_ref_pre
 .bss.ia3_ref_pre
                0x00000000200002b8        0x4 Core/Src/main.o
                0x00000000200002b8                ia3_ref_pre
 .bss.ia4_ref_pre
                0x00000000200002bc        0x4 Core/Src/main.o
                0x00000000200002bc                ia4_ref_pre
 .bss.PWM1      0x00000000200002c0        0x2 Core/Src/main.o
                0x00000000200002c0                PWM1
 .bss.PWM2      0x00000000200002c2        0x2 Core/Src/main.o
                0x00000000200002c2                PWM2
 .bss.PWM3      0x00000000200002c4        0x2 Core/Src/main.o
                0x00000000200002c4                PWM3
 .bss.PWM4      0x00000000200002c6        0x2 Core/Src/main.o
                0x00000000200002c6                PWM4
 .bss.vx_cmd    0x00000000200002c8        0x4 Core/Src/main.o
                0x00000000200002c8                vx_cmd
 .bss.vy_cmd    0x00000000200002cc        0x4 Core/Src/main.o
                0x00000000200002cc                vy_cmd
 .bss.dphi_cmd  0x00000000200002d0        0x4 Core/Src/main.o
                0x00000000200002d0                dphi_cmd
 .bss.vx_res    0x00000000200002d4        0x4 Core/Src/main.o
                0x00000000200002d4                vx_res
 .bss.vy_res    0x00000000200002d8        0x4 Core/Src/main.o
                0x00000000200002d8                vy_res
 .bss.dphi_res  0x00000000200002dc        0x4 Core/Src/main.o
                0x00000000200002dc                dphi_res
 .bss.x_res     0x00000000200002e0        0x4 Core/Src/main.o
                0x00000000200002e0                x_res
 .bss.y_res     0x00000000200002e4        0x4 Core/Src/main.o
                0x00000000200002e4                y_res
 .bss.ddx_ref   0x00000000200002e8        0x4 Core/Src/main.o
                0x00000000200002e8                ddx_ref
 .bss.ddy_ref   0x00000000200002ec        0x4 Core/Src/main.o
                0x00000000200002ec                ddy_ref
 .bss.ddphi_ref
                0x00000000200002f0        0x4 Core/Src/main.o
                0x00000000200002f0                ddphi_ref
 .bss.fd1_ref   0x00000000200002f4        0x4 Core/Src/main.o
                0x00000000200002f4                fd1_ref
 .bss.fd2_ref   0x00000000200002f8        0x4 Core/Src/main.o
                0x00000000200002f8                fd2_ref
 .bss.fd3_ref   0x00000000200002fc        0x4 Core/Src/main.o
                0x00000000200002fc                fd3_ref
 .bss.fd4_ref   0x0000000020000300        0x4 Core/Src/main.o
                0x0000000020000300                fd4_ref
 .bss.Ki_df_integral1
                0x0000000020000304        0x4 Core/Src/main.o
                0x0000000020000304                Ki_df_integral1
 .bss.Ki_df_integral2
                0x0000000020000308        0x4 Core/Src/main.o
                0x0000000020000308                Ki_df_integral2
 .bss.Ki_df_integral3
                0x000000002000030c        0x4 Core/Src/main.o
                0x000000002000030c                Ki_df_integral3
 .bss.Ki_df_integral4
                0x0000000020000310        0x4 Core/Src/main.o
                0x0000000020000310                Ki_df_integral4
 .bss.tau_dob1  0x0000000020000314        0x4 Core/Src/main.o
                0x0000000020000314                tau_dob1
 .bss.tau_dob2  0x0000000020000318        0x4 Core/Src/main.o
                0x0000000020000318                tau_dob2
 .bss.tau_dob3  0x000000002000031c        0x4 Core/Src/main.o
                0x000000002000031c                tau_dob3
 .bss.tau_dob4  0x0000000020000320        0x4 Core/Src/main.o
                0x0000000020000320                tau_dob4
 .bss.tau_dob1_pre
                0x0000000020000324        0x4 Core/Src/main.o
                0x0000000020000324                tau_dob1_pre
 .bss.tau_dob2_pre
                0x0000000020000328        0x4 Core/Src/main.o
                0x0000000020000328                tau_dob2_pre
 .bss.tau_dob3_pre
                0x000000002000032c        0x4 Core/Src/main.o
                0x000000002000032c                tau_dob3_pre
 .bss.tau_dob4_pre
                0x0000000020000330        0x4 Core/Src/main.o
                0x0000000020000330                tau_dob4_pre
 .bss.i1_comp   0x0000000020000334        0x4 Core/Src/main.o
                0x0000000020000334                i1_comp
 .bss.i2_comp   0x0000000020000338        0x4 Core/Src/main.o
                0x0000000020000338                i2_comp
 .bss.i3_comp   0x000000002000033c        0x4 Core/Src/main.o
                0x000000002000033c                i3_comp
 .bss.i4_comp   0x0000000020000340        0x4 Core/Src/main.o
                0x0000000020000340                i4_comp
 .bss.tau_dfob1
                0x0000000020000344        0x4 Core/Src/main.o
                0x0000000020000344                tau_dfob1
 .bss.tau_dfob2
                0x0000000020000348        0x4 Core/Src/main.o
                0x0000000020000348                tau_dfob2
 .bss.tau_dfob3
                0x000000002000034c        0x4 Core/Src/main.o
                0x000000002000034c                tau_dfob3
 .bss.tau_dfob4
                0x0000000020000350        0x4 Core/Src/main.o
                0x0000000020000350                tau_dfob4
 .bss.tau_dfob1_pre
                0x0000000020000354        0x4 Core/Src/main.o
                0x0000000020000354                tau_dfob1_pre
 .bss.tau_dfob2_pre
                0x0000000020000358        0x4 Core/Src/main.o
                0x0000000020000358                tau_dfob2_pre
 .bss.tau_dfob3_pre
                0x000000002000035c        0x4 Core/Src/main.o
                0x000000002000035c                tau_dfob3_pre
 .bss.tau_dfob4_pre
                0x0000000020000360        0x4 Core/Src/main.o
                0x0000000020000360                tau_dfob4_pre
 .bss.integral_tau_dfob1
                0x0000000020000364        0x4 Core/Src/main.o
                0x0000000020000364                integral_tau_dfob1
 .bss.integral_tau_dfob2
                0x0000000020000368        0x4 Core/Src/main.o
                0x0000000020000368                integral_tau_dfob2
 .bss.integral_tau_dfob3
                0x000000002000036c        0x4 Core/Src/main.o
                0x000000002000036c                integral_tau_dfob3
 .bss.integral_tau_dfob4
                0x0000000020000370        0x4 Core/Src/main.o
                0x0000000020000370                integral_tau_dfob4
 .bss.fd_hat1   0x0000000020000374        0x4 Core/Src/main.o
                0x0000000020000374                fd_hat1
 .bss.fd_hat2   0x0000000020000378        0x4 Core/Src/main.o
                0x0000000020000378                fd_hat2
 .bss.fd_hat3   0x000000002000037c        0x4 Core/Src/main.o
                0x000000002000037c                fd_hat3
 .bss.fd_hat4   0x0000000020000380        0x4 Core/Src/main.o
                0x0000000020000380                fd_hat4
 .bss.fx_hat    0x0000000020000384        0x4 Core/Src/main.o
                0x0000000020000384                fx_hat
 .bss.fy_hat    0x0000000020000388        0x4 Core/Src/main.o
                0x0000000020000388                fy_hat
 .bss.Mz_hat    0x000000002000038c        0x4 Core/Src/main.o
                0x000000002000038c                Mz_hat
 .bss.i_save    0x0000000020000390        0x4 Core/Src/main.o
                0x0000000020000390                i_save
 .bss.i_output  0x0000000020000394        0x4 Core/Src/main.o
                0x0000000020000394                i_output
 .bss.t_SRAM    0x0000000020000398     0x2710 Core/Src/main.o
                0x0000000020000398                t_SRAM
 .bss.dtheta1_res_SRAM
                0x0000000020002aa8     0x2710 Core/Src/main.o
                0x0000000020002aa8                dtheta1_res_SRAM
 .bss.dtheta2_res_SRAM
                0x00000000200051b8     0x2710 Core/Src/main.o
                0x00000000200051b8                dtheta2_res_SRAM
 .bss.dtheta3_res_SRAM
                0x00000000200078c8     0x2710 Core/Src/main.o
                0x00000000200078c8                dtheta3_res_SRAM
 .bss.dtheta4_res_SRAM
                0x0000000020009fd8     0x2710 Core/Src/main.o
                0x0000000020009fd8                dtheta4_res_SRAM
 .bss.theta1_res_SRAM
                0x000000002000c6e8     0x2710 Core/Src/main.o
                0x000000002000c6e8                theta1_res_SRAM
 .bss.theta2_res_SRAM
                0x000000002000edf8     0x2710 Core/Src/main.o
                0x000000002000edf8                theta2_res_SRAM
 .bss.theta3_res_SRAM
                0x0000000020011508     0x2710 Core/Src/main.o
                0x0000000020011508                theta3_res_SRAM
 .bss.theta4_res_SRAM
                0x0000000020013c18     0x2710 Core/Src/main.o
                0x0000000020013c18                theta4_res_SRAM
 .bss.ddtheta1_ref_SRAM
                0x0000000020016328     0x2710 Core/Src/main.o
                0x0000000020016328                ddtheta1_ref_SRAM
 .bss.ddtheta2_ref_SRAM
                0x0000000020018a38     0x2710 Core/Src/main.o
                0x0000000020018a38                ddtheta2_ref_SRAM
 .bss.ddtheta3_ref_SRAM
                0x000000002001b148     0x2710 Core/Src/main.o
                0x000000002001b148                ddtheta3_ref_SRAM
 .bss.ddtheta4_ref_SRAM
                0x000000002001d858     0x2710 Core/Src/main.o
                0x000000002001d858                ddtheta4_ref_SRAM
 .bss.i1_ref_SRAM
                0x000000002001ff68     0x2710 Core/Src/main.o
                0x000000002001ff68                i1_ref_SRAM
 .bss.i2_ref_SRAM
                0x0000000020022678     0x2710 Core/Src/main.o
                0x0000000020022678                i2_ref_SRAM
 .bss.i3_ref_SRAM
                0x0000000020024d88     0x2710 Core/Src/main.o
                0x0000000020024d88                i3_ref_SRAM
 .bss.i4_ref_SRAM
                0x0000000020027498     0x2710 Core/Src/main.o
                0x0000000020027498                i4_ref_SRAM
 .bss.ia1_ref_SRAM
                0x0000000020029ba8     0x2710 Core/Src/main.o
                0x0000000020029ba8                ia1_ref_SRAM
 .bss.ia2_ref_SRAM
                0x000000002002c2b8     0x2710 Core/Src/main.o
                0x000000002002c2b8                ia2_ref_SRAM
 .bss.ia3_ref_SRAM
                0x000000002002e9c8     0x2710 Core/Src/main.o
                0x000000002002e9c8                ia3_ref_SRAM
 .bss.ia4_ref_SRAM
                0x00000000200310d8     0x2710 Core/Src/main.o
                0x00000000200310d8                ia4_ref_SRAM
 .bss.PWM1_SRAM
                0x00000000200337e8     0x1388 Core/Src/main.o
                0x00000000200337e8                PWM1_SRAM
 .bss.PWM2_SRAM
                0x0000000020034b70     0x1388 Core/Src/main.o
                0x0000000020034b70                PWM2_SRAM
 .bss.PWM3_SRAM
                0x0000000020035ef8     0x1388 Core/Src/main.o
                0x0000000020035ef8                PWM3_SRAM
 .bss.PWM4_SRAM
                0x0000000020037280     0x1388 Core/Src/main.o
                0x0000000020037280                PWM4_SRAM
 .bss.fd1_ref_SRAM
                0x0000000020038608     0x2710 Core/Src/main.o
                0x0000000020038608                fd1_ref_SRAM
 .bss.fd2_ref_SRAM
                0x000000002003ad18     0x2710 Core/Src/main.o
                0x000000002003ad18                fd2_ref_SRAM
 .bss.fd3_ref_SRAM
                0x000000002003d428     0x2710 Core/Src/main.o
                0x000000002003d428                fd3_ref_SRAM
 .bss.fd4_ref_SRAM
                0x000000002003fb38     0x2710 Core/Src/main.o
                0x000000002003fb38                fd4_ref_SRAM
 .bss.Ki_df_integral1_SRAM
                0x0000000020042248     0x2710 Core/Src/main.o
                0x0000000020042248                Ki_df_integral1_SRAM
 .bss.Ki_df_integral2_SRAM
                0x0000000020044958     0x2710 Core/Src/main.o
                0x0000000020044958                Ki_df_integral2_SRAM
 .bss.Ki_df_integral3_SRAM
                0x0000000020047068     0x2710 Core/Src/main.o
                0x0000000020047068                Ki_df_integral3_SRAM
 .bss.Ki_df_integral4_SRAM