Archive member included to satisfy reference by file (symbol)

c:/st/stm32cubeide_1.5.0/stm32cubeide/plugins/com.st.stm32cube.ide.mcu.externaltools.gnu-tools-for-stm32.7-2018-q2-update.win32_1.5.0.202011040924/tools/bin/../lib/gcc/arm-none-eabi/7.3.1/../../../../arm-none-eabi/lib/thumb/v7e-m/fpv5/hard\libc_nano.a(lib_a-errno.o)
                              Core/Src/syscalls.o (__errno)
c:/st/stm32cubeide_1.5.0/stm32cubeide/plugins/com.st.stm32cube.ide.mcu.externaltools.gnu-tools-for-stm32.7-2018-q2-update.win32_1.5.0.202011040924/tools/bin/../lib/gcc/arm-none-eabi/7.3.1/../../../../arm-none-eabi/lib/thumb/v7e-m/fpv5/hard\libc_nano.a(lib_a-exit.o)
                              c:/st/stm32cubeide_1.5.0/stm32cubeide/plugins/com.st.stm32cube.ide.mcu.externaltools.gnu-tools-for-stm32.7-2018-q2-update.win32_1.5.0.202011040924/tools/bin/../lib/gcc/arm-none-eabi/7.3.1/../../../../arm-none-eabi/lib/thumb/v7e-m/fpv5/hard/crt0.o (exit)
c:/st/stm32cubeide_1.5.0/stm32cubeide/plugins/com.st.stm32cube.ide.mcu.externaltools.gnu-tools-for-stm32.7-2018-q2-update.win32_1.5.0.202011040924/tools/bin/../lib/gcc/arm-none-eabi/7.3.1/../../../../arm-none-eabi/lib/thumb/v7e-m/fpv5/hard\libc_nano.a(lib_a-impure.o)
                              c:/st/stm32cubeide_1.5.0/stm32cubeide/plugins/com.st.stm32cube.ide.mcu.externaltools.gnu-tools-for-stm32.7-2018-q2-update.win32_1.5.0.202011040924/tools/bin/../lib/gcc/arm-none-eabi/7.3.1/../../../../arm-none-eabi/lib/thumb/v7e-m/fpv5/hard\libc_nano.a(lib_a-exit.o) (_global_impure_ptr)
c:/st/stm32cubeide_1.5.0/stm32cubeide/plugins/com.st.stm32cube.ide.mcu.externaltools.gnu-tools-for-stm32.7-2018-q2-update.win32_1.5.0.202011040924/tools/bin/../lib/gcc/arm-none-eabi/7.3.1/../../../../arm-none-eabi/lib/thumb/v7e-m/fpv5/hard\libc_nano.a(lib_a-init.o)
                              c:/st/stm32cubeide_1.5.0/stm32cubeide/plugins/com.st.stm32cube.ide.mcu.externaltools.gnu-tools-for-stm32.7-2018-q2-update.win32_1.5.0.202011040924/tools/bin/../lib/gcc/arm-none-eabi/7.3.1/../../../../arm-none-eabi/lib/thumb/v7e-m/fpv5/hard/crt0.o (__libc_init_array)
c:/st/stm32cubeide_1.5.0/stm32cubeide/plugins/com.st.stm32cube.ide.mcu.externaltools.gnu-tools-for-stm32.7-2018-q2-update.win32_1.5.0.202011040924/tools/bin/../lib/gcc/arm-none-eabi/7.3.1/../../../../arm-none-eabi/lib/thumb/v7e-m/fpv5/hard\libc_nano.a(lib_a-memcpy-stub.o)
                              Core/Src/bno055.o (memcpy)
c:/st/stm32cubeide_1.5.0/stm32cubeide/plugins/com.st.stm32cube.ide.mcu.externaltools.gnu-tools-for-stm32.7-2018-q2-update.win32_1.5.0.202011040924/tools/bin/../lib/gcc/arm-none-eabi/7.3.1/../../../../arm-none-eabi/lib/thumb/v7e-m/fpv5/hard\libc_nano.a(lib_a-memset.o)
                              c:/st/stm32cubeide_1.5.0/stm32cubeide/plugins/com.st.stm32cube.ide.mcu.externaltools.gnu-tools-for-stm32.7-2018-q2-update.win32_1.5.0.202011040924/tools/bin/../lib/gcc/arm-none-eabi/7.3.1/../../../../arm-none-eabi/lib/thumb/v7e-m/fpv5/hard/crt0.o (memset)
c:/st/stm32cubeide_1.5.0/stm32cubeide/plugins/com.st.stm32cube.ide.mcu.externaltools.gnu-tools-for-stm32.7-2018-q2-update.win32_1.5.0.202011040924/tools/bin/../lib/gcc/arm-none-eabi/7.3.1/../../../../arm-none-eabi/lib/thumb/v7e-m/fpv5/hard\libc_nano.a(lib_a-nano-vfprintf_float.o)
                              (_printf_float)
c:/st/stm32cubeide_1.5.0/stm32cubeide/plugins/com.st.stm32cube.ide.mcu.externaltools.gnu-tools-for-stm32.7-2018-q2-update.win32_1.5.0.202011040924/tools/bin/../lib/gcc/arm-none-eabi/7.3.1/../../../../arm-none-eabi/lib/thumb/v7e-m/fpv5/hard\libc_nano.a(lib_a-nano-vfprintf_i.o)
                              c:/st/stm32cubeide_1.5.0/stm32cubeide/plugins/com.st.stm32cube.ide.mcu.externaltools.gnu-tools-for-stm32.7-2018-q2-update.win32_1.5.0.202011040924/tools/bin/../lib/gcc/arm-none-eabi/7.3.1/../../../../arm-none-eabi/lib/thumb/v7e-m/fpv5/hard\libc_nano.a(lib_a-nano-vfprintf_float.o) (_printf_common)
c:/st/stm32cubeide_1.5.0/stm32cubeide/plugins/com.st.stm32cube.ide.mcu.externaltools.gnu-tools-for-stm32.7-2018-q2-update.win32_1.5.0.202011040924/tools/bin/../lib/gcc/arm-none-eabi/7.3.1/../../../../arm-none-eabi/lib/thumb/v7e-m/fpv5/hard\libc_nano.a(lib_a-printf.o)
                              Core/Src/bno055.o (printf)
c:/st/stm32cubeide_1.5.0/stm32cubeide/plugins/com.st.stm32cube.ide.mcu.externaltools.gnu-tools-for-stm32.7-2018-q2-update.win32_1.5.0.202011040924/tools/bin/../lib/gcc/arm-none-eabi/7.3.1/../../../../arm-none-eabi/lib/thumb/v7e-m/fpv5/hard\libc_nano.a(lib_a-puts.o)
                              Core/Src/main.o (puts)
c:/st/stm32cubeide_1.5.0/stm32cubeide/plugins/com.st.stm32cube.ide.mcu.externaltools.gnu-tools-for-stm32.7-2018-q2-update.win32_1.5.0.202011040924/tools/bin/../lib/gcc/arm-none-eabi/7.3.1/../../../../arm-none-eabi/lib/thumb/v7e-m/fpv5/hard\libc_nano.a(lib_a-strlen.o)
[...]
Memory Configuration

Name             Origin             Length             Attributes
RAM              0x0000000020000000 0x0000000000080000 xrw
FLASH            0x0000000008000000 0x0000000000200000 xr
*default*        0x0000000000000000 0xffffffffffffffff

Linker script and memory map

LOAD c:/st/stm32cubeide_1.5.0/stm32cubeide/plugins/com.st.stm32cube.ide.mcu.externaltools.gnu-tools-for-stm32.7-2018-q2-update.win32_1.5.0.202011040924/tools/bin/../lib/gcc/arm-none-eabi/7.3.1/thumb/v7e-m/fpv5/hard/crti.o
LOAD c:/st/stm32cubeide_1.5.0/stm32cubeide/plugins/com.st.stm32cube.ide.mcu.externaltools.gnu-tools-for-stm32.7-2018-q2-update.win32_1.5.0.202011040924/tools/bin/../lib/gcc/arm-none-eabi/7.3.1/thumb/v7e-m/fpv5/hard/crtbegin.o
LOAD c:/st/stm32cubeide_1.5.0/stm32cubeide/plugins/com.st.stm32cube.ide.mcu.externaltools.gnu-tools-for-stm32.7-2018-q2-update.win32_1.5.0.202011040924/tools/bin/../lib/gcc/arm-none-eabi/7.3.1/../../../../arm-none-eabi/lib/thumb/v7e-m/fpv5/hard/crt0.o
LOAD Core/Src/bno055.o
LOAD Core/Src/main.o
LOAD Core/Src/stm32f7xx_hal_msp.o
LOAD Core/Src/stm32f7xx_it.o
LOAD Core/Src/syscalls.o
LOAD Core/Src/sysmem.o
LOAD Core/Src/system_stm32f7xx.o
LOAD Core/Startup/startup_stm32f767zitx.o
LOAD Drivers/STM32F7xx_HAL_Driver/Src/stm32f7xx_hal.o
LOAD Drivers/STM32F7xx_HAL_Driver/Src/stm32f7xx_hal_cortex.o
LOAD Drivers/STM32F7xx_HAL_Driver/Src/stm32f7xx_hal_dma.o
LOAD Drivers/STM32F7xx_HAL_Driver/Src/stm32f7xx_hal_dma_ex.o
LOAD Drivers/STM32F7xx_HAL_Driver/Src/stm32f7xx_hal_exti.o
LOAD Drivers/STM32F7xx_HAL_Driver/Src/stm32f7xx_hal_flash.o
LOAD Drivers/STM32F7xx_HAL_Driver/Src/stm32f7xx_hal_flash_ex.o
LOAD Drivers/STM32F7xx_HAL_Driver/Src/stm32f7xx_hal_gpio.o
LOAD Drivers/STM32F7xx_HAL_Driver/Src/stm32f7xx_hal_i2c.o
LOAD Drivers/STM32F7xx_HAL_Driver/Src/stm32f7xx_hal_i2c_ex.o
LOAD Drivers/STM32F7xx_HAL_Driver/Src/stm32f7xx_hal_pcd.o
LOAD Drivers/STM32F7xx_HAL_Driver/Src/stm32f7xx_hal_pcd_ex.o
LOAD Drivers/STM32F7xx_HAL_Driver/Src/stm32f7xx_hal_pwr.o
LOAD Drivers/STM32F7xx_HAL_Driver/Src/stm32f7xx_hal_pwr_ex.o
LOAD Drivers/STM32F7xx_HAL_Driver/Src/stm32f7xx_hal_rcc.o
LOAD Drivers/STM32F7xx_HAL_Driver/Src/stm32f7xx_hal_rcc_ex.o
LOAD Drivers/STM32F7xx_HAL_Driver/Src/stm32f7xx_hal_tim.o
LOAD Drivers/STM32F7xx_HAL_Driver/Src/stm32f7xx_hal_tim_ex.o
LOAD Drivers/STM32F7xx_HAL_Driver/Src/stm32f7xx_hal_uart.o
LOAD Drivers/STM32F7xx_HAL_Driver/Src/stm32f7xx_hal_uart_ex.o
LOAD Drivers/STM32F7xx_HAL_Driver/Src/stm32f7xx_ll_usb.o
START GROUP
LOAD c:/st/stm32cubeide_1.5.0/stm32cubeide/plugins/com.st.stm32cube.ide.mcu.externaltools.gnu-tools-for-stm32.7-2018-q2-update.win32_1.5.0.202011040924/tools/bin/../lib/gcc/arm-none-eabi/7.3.1/../../../../arm-none-eabi/lib/thumb/v7e-m/fpv5/hard\libc_nano.a
LOAD c:/st/stm32cubeide_1.5.0/stm32cubeide/plugins/com.st.stm32cube.ide.mcu.externaltools.gnu-tools-for-stm32.7-2018-q2-update.win32_1.5.0.202011040924/tools/bin/../lib/gcc/arm-none-eabi/7.3.1/../../../../arm-none-eabi/lib/thumb/v7e-m/fpv5/hard\libm.a
END GROUP
START GROUP
LOAD c:/st/stm32cubeide_1.5.0/stm32cubeide/plugins/com.st.stm32cube.ide.mcu.externaltools.gnu-tools-for-stm32.7-2018-q2-update.win32_1.5.0.202011040924/tools/bin/../lib/gcc/arm-none-eabi/7.3.1/thumb/v7e-m/fpv5/hard\libgcc.a
LOAD c:/st/stm32cubeide_1.5.0/stm32cubeide/plugins/com.st.stm32cube.ide.mcu.externaltools.gnu-tools-for-stm32.7-2018-q2-update.win32_1.5.0.202011040924/tools/bin/../lib/gcc/arm-none-eabi/7.3.1/../../../../arm-none-eabi/lib/thumb/v7e-m/fpv5/hard\libc_nano.a
END GROUP
START GROUP
LOAD c:/st/stm32cubeide_1.5.0/stm32cubeide/plugins/com.st.stm32cube.ide.mcu.externaltools.gnu-tools-for-stm32.7-2018-q2-update.win32_1.5.0.202011040924/tools/bin/../lib/gcc/arm-none-eabi/7.3.1/thumb/v7e-m/fpv5/hard\libgcc.a
LOAD c:/st/stm32cubeide_1.5.0/stm32cubeide/plugins/com.st.stm32cube.ide.mcu.externaltools.gnu-tools-for-stm32.7-2018-q2-update.win32_1.5.0.202011040924/tools/bin/../lib/gcc/arm-none-eabi/7.3.1/../../../../arm-none-eabi/lib/thumb/v7e-m/fpv5/hard\libc_nano.a
LOAD c:/st/stm32cubeide_1.5.0/stm32cubeide/plugins/com.st.stm32cube.ide.mcu.externaltools.gnu-tools-for-stm32.7-2018-q2-update.win32_1.5.0.202011040924/tools/bin/../lib/gcc/arm-none-eabi/7.3.1/../../../../arm-none-eabi/lib/thumb/v7e-m/fpv5/hard\libnosys.a
END GROUP
START GROUP
LOAD c:/st/stm32cubeide_1.5.0/stm32cubeide/plugins/com.st.stm32cube.ide.mcu.externaltools.gnu-tools-for-stm32.7-2018-q2-update.win32_1.5.0.202011040924/tools/bin/../lib/gcc/arm-none-eabi/7.3.1/thumb/v7e-m/fpv5/hard\libgcc.a
LOAD c:/st/stm32cubeide_1.5.0/stm32cubeide/plugins/com.st.stm32cube.ide.mcu.externaltools.gnu-tools-for-stm32.7-2018-q2-update.win32_1.5.0.202011040924/tools/bin/../lib/gcc/arm-none-eabi/7.3.1/../../../../arm-none-eabi/lib/thumb/v7e-m/fpv5/hard\libc_nano.a
LOAD c:/st/stm32cubeide_1.5.0/stm32cubeide/plugins/com.st.stm32cube.ide.mcu.externaltools.gnu-tools-for-stm32.7-2018-q2-update.win32_1.5.0.202011040924/tools/bin/../lib/gcc/arm-none-eabi/7.3.1/../../../../arm-none-eabi/lib/thumb/v7e-m/fpv5/hard\libnosys.a
END GROUP
LOAD c:/st/stm32cubeide_1.5.0/stm32cubeide/plugins/com.st.stm32cube.ide.mcu.externaltools.gnu-tools-for-stm32.7-2018-q2-update.win32_1.5.0.202011040924/tools/bin/../lib/gcc/arm-none-eabi/7.3.1/thumb/v7e-m/fpv5/hard/crtend.o
LOAD c:/st/stm32cubeide_1.5.0/stm32cubeide/plugins/com.st.stm32cube.ide.mcu.externaltools.gnu-tools-for-stm32.7-2018-q2-update.win32_1.5.0.202011040924/tools/bin/../lib/gcc/arm-none-eabi/7.3.1/thumb/v7e-m/fpv5/hard/crtn.o
                0x0000000020080000                _estack = (ORIGIN (RAM) + LENGTH (RAM))
                0x0000000000000200                _Min_Heap_Size = 0x200
                0x0000000000000400                _Min_Stack_Size = 0x400

.isr_vector     0x0000000008000000      0x1f8
                0x0000000008000000                . = ALIGN (0x4)
 *(.isr_vector)
 .isr_vector    0x0000000008000000      0x1f8 Core/Startup/startup_stm32f767zitx.o
                0x0000000008000000                g_pfnVectors
                0x00000000080001f8                . = ALIGN (0x4)

.text           0x0000000008000200     0xb468
                0x0000000008000200                . = ALIGN (0x4)
 *(.text)
 .text          0x0000000008000200       0x40 c:/st/stm32cubeide_1.5.0/stm32cubeide/plugins/com.st.stm32cube.ide.mcu.externaltools.gnu-tools-for-stm32.7-2018-q2-update.win32_1.5.0.202011040924/tools/bin/../lib/gcc/arm-none-eabi/7.3.1/thumb/v7e-m/fpv5/hard/crtbegin.o
 .text          0x0000000008000240       0x10 c:/st/stm32cubeide_1.5.0/stm32cubeide/plugins/com.st.stm32cube.ide.mcu.externaltools.gnu-tools-for-stm32.7-2018-q2-update.win32_1.5.0.202011040924/tools/bin/../lib/gcc/arm-none-eabi/7.3.1/../../../../arm-none-eabi/lib/thumb/v7e-m/fpv5/hard\libc_nano.a(lib_a-strlen.o)
                0x0000000008000240                strlen
 .text          0x0000000008000250       0xa0 c:/st/stm32cubeide_1.5.0/stm32cubeide/plugins/com.st.stm32cube.ide.mcu.externaltools.gnu-tools-for-stm32.7-2018-q2-update.win32_1.5.0.202011040924/tools/bin/../lib/gcc/arm-none-eabi/7.3.1/../../../../arm-none-eabi/lib/thumb/v7e-m/fpv5/hard\libc_nano.a(lib_a-memchr.o)
                0x0000000008000250                memchr
 .text          0x00000000080002f0       0x30 c:/st/stm32cubeide_1.5.0/stm32cubeide/plugins/com.st.stm32cube.ide.mcu.externaltools.gnu-tools-for-stm32.7-2018-q2-update.win32_1.5.0.202011040924/tools/bin/../lib/gcc/arm-none-eabi/7.3.1/thumb/v7e-m/fpv5/hard\libgcc.a(_aeabi_uldivmod.o)
                0x00000000080002f0                __aeabi_uldivmod
 .text          0x0000000008000320      0x2cc c:/st/stm32cubeide_1.5.0/stm32cubeide/plugins/com.st.stm32cube.ide.mcu.externaltools.gnu-tools-for-stm32.7-2018-q2-update.win32_1.5.0.202011040924/tools/bin/../lib/gcc/arm-none-eabi/7.3.1/thumb/v7e-m/fpv5/hard\libgcc.a(_udivmoddi4.o)
                0x0000000008000320                __udivmoddi4
 .text          0x00000000080005ec        0x4 c:/st/stm32cubeide_1.5.0/stm32cubeide/plugins/com.st.stm32cube.ide.mcu.externaltools.gnu-tools-for-stm32.7-2018-q2-update.win32_1.5.0.202011040924/tools/bin/../lib/gcc/arm-none-eabi/7.3.1/thumb/v7e-m/fpv5/hard\libgcc.a(_dvmd_tls.o)
                0x00000000080005ec                __aeabi_idiv0
                0x00000000080005ec                __aeabi_ldiv0
 *(.text*)
 .text.bno055_setPage
                0x00000000080005f0       0x1c Core/Src/bno055.o
                0x00000000080005f0                bno055_setPage
 .text.bno055_setOperationMode
                0x000000000800060c       0x30 Core/Src/bno055.o
                0x000000000800060c                bno055_setOperationMode
 .text.bno055_setOperationModeConfig
                0x000000000800063c        0xe Core/Src/bno055.o
                0x000000000800063c                bno055_setOperationModeConfig
 .text.bno055_setOperationModeNDOF
                0x000000000800064a        0xe Core/Src/bno055.o
                0x000000000800064a                bno055_setOperationModeNDOF
 .text.bno055_reset
                0x0000000008000658       0x18 Core/Src/bno055.o
                0x0000000008000658                bno055_reset
 .text.bno055_setup
                0x0000000008000670       0x50 Core/Src/bno055.o
                0x0000000008000670                bno055_setup
 .text.bno055_getVector
                0x00000000080006c0      0x260 Core/Src/bno055.o
                0x00000000080006c0                bno055_getVector
 .text.bno055_getVectorAccelerometer
                0x0000000008000920       0x66 Core/Src/bno055.o
                0x0000000008000920                bno055_getVectorAccelerometer
 .text.bno055_getVectorGyroscope
                0x0000000008000986       0x66 Core/Src/bno055.o
                0x0000000008000986                bno055_getVectorGyroscope
 .text.bno055_getVectorEuler
                0x00000000080009ec       0x66 Core/Src/bno055.o
                0x00000000080009ec                bno055_getVectorEuler
 *fill*         0x0000000008000a52        0x2 
 .text.bno055_assignI2C
                0x0000000008000a54       0x20 Core/Src/main.o
                0x0000000008000a54                bno055_assignI2C
 .text.bno055_delay
                0x0000000008000a74       0x18 Core/Src/main.o
                0x0000000008000a74                bno055_delay
 .text.bno055_writeData
                0x0000000008000a8c      0x1d8 Core/Src/main.o
                0x0000000008000a8c                bno055_writeData
 .text.bno055_readData
                0x0000000008000c64       0x44 Core/Src/main.o
                0x0000000008000c64                bno055_readData
 .text.__io_putchar
                0x0000000008000ca8       0x24 Core/Src/main.o
                0x0000000008000ca8                __io_putchar
 *fill*         0x0000000008000ccc        0x4 
 .text.HAL_TIM_PeriodElapsedCallback
                0x0000000008000cd0     0x20ac Core/Src/main.o
                0x0000000008000cd0                HAL_TIM_PeriodElapsedCallback
 .text.HAL_GPIO_EXTI_Callback
                0x0000000008002d7c      0x848 Core/Src/main.o
                0x0000000008002d7c                HAL_GPIO_EXTI_Callback
 .text.main     0x00000000080035c4      0x17c Core/Src/main.o
                0x00000000080035c4                main
 .text.SystemClock_Config
                0x0000000008003740      0x130 Core/Src/main.o
                0x0000000008003740                SystemClock_Config
 .text.MX_I2C1_Init
                0x0000000008003870       0x80 Core/Src/main.o
 .text.MX_TIM1_Init
                0x00000000080038f0       0xb4 Core/Src/main.o
 .text.MX_TIM2_Init
                0x00000000080039a4       0x9c Core/Src/main.o
 .text.MX_TIM3_Init
                0x0000000008003a40       0xac Core/Src/main.o
 .text.MX_TIM4_Init
                0x0000000008003aec       0xac Core/Src/main.o
 .text.MX_TIM5_Init
                0x0000000008003b98      0x104 Core/Src/main.o
 .text.MX_TIM8_Init
                0x0000000008003c9c       0xb4 Core/Src/main.o
 .text.MX_TIM9_Init
                0x0000000008003d50       0xdc Core/Src/main.o
 .text.MX_USART3_UART_Init
                0x0000000008003e2c       0x60 Core/Src/main.o
 .text.MX_USB_OTG_FS_PCD_Init
                0x0000000008003e8c       0x5c Core/Src/main.o
 .text.MX_GPIO_Init
                0x0000000008003ee8      0x214 Core/Src/main.o
 .text.Error_Handler
                0x00000000080040fc        0xe Core/Src/main.o
                0x00000000080040fc                Error_Handler
 *fill*         0x000000000800410a        0x2 
 .text.HAL_MspInit
                0x000000000800410c       0x48 Core/Src/stm32f7xx_hal_msp.o
                0x000000000800410c                HAL_MspInit
 .text.HAL_I2C_MspInit
                0x0000000008004154       0x88 Core/Src/stm32f7xx_hal_msp.o
                0x0000000008004154                HAL_I2C_MspInit
 .text.HAL_TIM_Encoder_MspInit
                0x00000000080041dc      0x1f4 Core/Src/stm32f7xx_hal_msp.o
                0x00000000080041dc                HAL_TIM_Encoder_MspInit
 .text.HAL_TIM_Base_MspInit
                0x00000000080043d0       0x98 Core/Src/stm32f7xx_hal_msp.o
                0x00000000080043d0                HAL_TIM_Base_MspInit
 .text.HAL_TIM_MspPostInit
                0x0000000008004468       0xbc Core/Src/stm32f7xx_hal_msp.o
                0x0000000008004468                HAL_TIM_MspPostInit
 .text.HAL_UART_MspInit
                0x0000000008004524       0x88 Core/Src/stm32f7xx_hal_msp.o
                0x0000000008004524                HAL_UART_MspInit
 .text.HAL_PCD_MspInit
                0x00000000080045ac       0xb8 Core/Src/stm32f7xx_hal_msp.o
                0x00000000080045ac                HAL_PCD_MspInit
 .text.NMI_Handler
                0x0000000008004664        0xe Core/Src/stm32f7xx_it.o
                0x0000000008004664                NMI_Handler
 .text.HardFault_Handler
                0x0000000008004672        0x6 Core/Src/stm32f7xx_it.o
                0x0000000008004672                HardFault_Handler
 .text.MemManage_Handler
                0x0000000008004678        0x6 Core/Src/stm32f7xx_it.o
                0x0000000008004678                MemManage_Handler
 .text.BusFault_Handler
                0x000000000800467e        0x6 Core/Src/stm32f7xx_it.o
                0x000000000800467e                BusFault_Handler
 .text.UsageFault_Handler
                0x0000000008004684        0x6 Core/Src/stm32f7xx_it.o
                0x0000000008004684                UsageFault_Handler
 .text.SVC_Handler
                0x000000000800468a        0xe Core/Src/stm32f7xx_it.o
                0x000000000800468a                SVC_Handler
 .text.DebugMon_Handler
                0x0000000008004698        0xe Core/Src/stm32f7xx_it.o
                0x0000000008004698                DebugMon_Handler
 .text.PendSV_Handler
                0x00000000080046a6        0xe Core/Src/stm32f7xx_it.o
                0x00000000080046a6                PendSV_Handler
 .text.SysTick_Handler
                0x00000000080046b4        0xc Core/Src/stm32f7xx_it.o
                0x00000000080046b4                SysTick_Handler
 .text.EXTI9_5_IRQHandler
                0x00000000080046c0       0x10 Core/Src/stm32f7xx_it.o
                0x00000000080046c0                EXTI9_5_IRQHandler
 .text.TIM2_IRQHandler
                0x00000000080046d0       0x14 Core/Src/stm32f7xx_it.o
                0x00000000080046d0                TIM2_IRQHandler
 .text._read    0x00000000080046e4       0x3a Core/Src/syscalls.o
                0x00000000080046e4                _read
 .text._write   0x000000000800471e       0x38 Core/Src/syscalls.o
                0x000000000800471e                _write
 .text._close   0x0000000008004756       0x18 Core/Src/syscalls.o
                0x0000000008004756                _close
 .text._fstat   0x000000000800476e       0x20 Core/Src/syscalls.o
                0x000000000800476e                _fstat
 .text._isatty  0x000000000800478e       0x16 Core/Src/syscalls.o
                0x000000000800478e                _isatty
 .text._lseek   0x00000000080047a4       0x1a Core/Src/syscalls.o
                0x00000000080047a4                _lseek
 *fill*         0x00000000080047be        0x2 
 .text._sbrk    0x00000000080047c0       0x6c Core/Src/sysmem.o
                0x00000000080047c0                _sbrk
 .text.SystemInit
                0x000000000800482c       0x2c Core/Src/system_stm32f7xx.o
                0x000000000800482c                SystemInit
 .text.Reset_Handler
                0x0000000008004858       0x50 Core/Startup/startup_stm32f767zitx.o
                0x0000000008004858                Reset_Handler
 .text.Default_Handler
                0x00000000080048a8        0x2 Core/Startup/startup_stm32f767zitx.o
                0x00000000080048a8                RTC_Alarm_IRQHandler
                0x00000000080048a8                EXTI2_IRQHandler
                0x00000000080048a8                TIM8_CC_IRQHandler
                0x00000000080048a8                UART8_IRQHandler
                0x00000000080048a8                SPI4_IRQHandler
                0x00000000080048a8                TIM1_CC_IRQHandler
                0x00000000080048a8                DMA2_Stream5_IRQHandler
                0x00000000080048a8                JPEG_IRQHandler
                0x00000000080048a8                DMA1_Stream5_IRQHandler
                0x00000000080048a8                CAN3_RX1_IRQHandler
                0x00000000080048a8                PVD_IRQHandler
                0x00000000080048a8                TAMP_STAMP_IRQHandler
                0x00000000080048a8                CAN2_RX1_IRQHandler
                0x00000000080048a8                EXTI3_IRQHandler
                0x00000000080048a8                TIM8_TRG_COM_TIM14_IRQHandler
                0x00000000080048a8                DFSDM1_FLT1_IRQHandler
                0x00000000080048a8                TIM1_UP_TIM10_IRQHandler
                0x00000000080048a8                TIM8_UP_TIM13_IRQHandler
                0x00000000080048a8                I2C3_ER_IRQHandler
                0x00000000080048a8                DFSDM1_FLT2_IRQHandler
                0x00000000080048a8                EXTI0_IRQHandler
                0x00000000080048a8                I2C2_EV_IRQHandler
                0x00000000080048a8                DMA1_Stream2_IRQHandler
                0x00000000080048a8                CAN1_RX0_IRQHandler
                0x00000000080048a8                FPU_IRQHandler
                0x00000000080048a8                OTG_HS_WKUP_IRQHandler
                0x00000000080048a8                CAN3_SCE_IRQHandler
                0x00000000080048a8                LTDC_ER_IRQHandler
                0x00000000080048a8                CAN2_SCE_IRQHandler
                0x00000000080048a8                DMA2_Stream2_IRQHandler
                0x00000000080048a8                SPI1_IRQHandler
                0x00000000080048a8                TIM6_DAC_IRQHandler
                0x00000000080048a8                TIM1_BRK_TIM9_IRQHandler
                0x00000000080048a8                DCMI_IRQHandler
                0x00000000080048a8                CAN2_RX0_IRQHandler
                0x00000000080048a8                DMA2_Stream3_IRQHandler
                0x00000000080048a8                SAI2_IRQHandler
                0x00000000080048a8                DFSDM1_FLT3_IRQHandler
                0x00000000080048a8                USART6_IRQHandler
                0x00000000080048a8                CAN3_RX0_IRQHandler
                0x00000000080048a8                USART3_IRQHandler
                0x00000000080048a8                CAN1_RX1_IRQHandler
                0x00000000080048a8                UART5_IRQHandler
                0x00000000080048a8                DMA2_Stream0_IRQHandler
                0x00000000080048a8                TIM4_IRQHandler
                0x00000000080048a8                QUADSPI_IRQHandler
                0x00000000080048a8                I2C1_EV_IRQHandler
                0x00000000080048a8                DMA1_Stream6_IRQHandler
                0x00000000080048a8                DMA1_Stream1_IRQHandler
                0x00000000080048a8                UART4_IRQHandler
                0x00000000080048a8                TIM3_IRQHandler
                0x00000000080048a8                RCC_IRQHandler
                0x00000000080048a8                TIM8_BRK_TIM12_IRQHandler
                0x00000000080048a8                Default_Handler
                0x00000000080048a8                CEC_IRQHandler
                0x00000000080048a8                EXTI15_10_IRQHandler
                0x00000000080048a8                ADC_IRQHandler
                0x00000000080048a8                DMA1_Stream7_IRQHandler
                0x00000000080048a8                SPI5_IRQHandler
                0x00000000080048a8                TIM7_IRQHandler
                0x00000000080048a8                SDMMC1_IRQHandler
                0x00000000080048a8                CAN2_TX_IRQHandler
                0x00000000080048a8                TIM5_IRQHandler
                0x00000000080048a8                DMA2_Stream7_IRQHandler
                0x00000000080048a8                I2C3_EV_IRQHandler
                0x00000000080048a8                RTC_WKUP_IRQHandler
                0x00000000080048a8                LTDC_IRQHandler
                0x00000000080048a8                ETH_WKUP_IRQHandler
                0x00000000080048a8                SPDIF_RX_IRQHandler
                0x00000000080048a8                SPI2_IRQHandler
                0x00000000080048a8                OTG_HS_EP1_IN_IRQHandler
                0x00000000080048a8                DMA1_Stream0_IRQHandler
                0x00000000080048a8                CAN1_TX_IRQHandler
                0x00000000080048a8                EXTI4_IRQHandler
                0x00000000080048a8                RNG_IRQHandler
                0x00000000080048a8                ETH_IRQHandler
                0x00000000080048a8                OTG_HS_EP1_OUT_IRQHandler
                0x00000000080048a8                WWDG_IRQHandler
                0x00000000080048a8                SPI6_IRQHandler
                0x00000000080048a8                MDIOS_IRQHandler
                0x00000000080048a8                I2C4_EV_IRQHandler
                0x00000000080048a8                CAN3_TX_IRQHandler
                0x00000000080048a8                OTG_FS_WKUP_IRQHandler
                0x00000000080048a8                TIM1_TRG_COM_TIM11_IRQHandler
                0x00000000080048a8                OTG_HS_IRQHandler
                0x00000000080048a8                DMA2D_IRQHandler
                0x00000000080048a8                EXTI1_IRQHandler
                0x00000000080048a8                SDMMC2_IRQHandler
                0x00000000080048a8                UART7_IRQHandler
                0x00000000080048a8                USART2_IRQHandler
                0x00000000080048a8                DFSDM1_FLT0_IRQHandler
                0x00000000080048a8                I2C2_ER_IRQHandler
                0x00000000080048a8                DMA2_Stream1_IRQHandler
                0x00000000080048a8                CAN1_SCE_IRQHandler
                0x00000000080048a8                FLASH_IRQHandler
                0x00000000080048a8                DMA2_Stream4_IRQHandler
                0x00000000080048a8                USART1_IRQHandler
                0x00000000080048a8                OTG_FS_IRQHandler
                0x00000000080048a8                SPI3_IRQHandler
                0x00000000080048a8                DMA1_Stream4_IRQHandler
                0x00000000080048a8                I2C1_ER_IRQHandler
                0x00000000080048a8                FMC_IRQHandler
                0x00000000080048a8                LPTIM1_IRQHandler
                0x00000000080048a8                I2C4_ER_IRQHandler
                0x00000000080048a8                DMA2_Stream6_IRQHandler
                0x00000000080048a8                SAI1_IRQHandler
                0x00000000080048a8                DMA1_Stream3_IRQHandler
 .text.HAL_Init
                0x00000000080048aa       0x1a Drivers/STM32F7xx_HAL_Driver/Src/stm32f7xx_hal.o
                0x00000000080048aa                HAL_Init
 .text.HAL_InitTick
                0x00000000080048c4       0x60 Drivers/STM32F7xx_HAL_Driver/Src/stm32f7xx_hal.o
                0x00000000080048c4                HAL_InitTick
 .text.HAL_IncTick
                0x0000000008004924       0x28 Drivers/STM32F7xx_HAL_Driver/Src/stm32f7xx_hal.o
                0x0000000008004924                HAL_IncTick
 .text.HAL_GetTick
                0x000000000800494c       0x18 Drivers/STM32F7xx_HAL_Driver/Src/stm32f7xx_hal.o
                0x000000000800494c                HAL_GetTick
 .text.HAL_Delay
                0x0000000008004964       0x44 Drivers/STM32F7xx_HAL_Driver/Src/stm32f7xx_hal.o
                0x0000000008004964                HAL_Delay
 .text.__NVIC_SetPriorityGrouping
                0x00000000080049a8       0x48 Drivers/STM32F7xx_HAL_Driver/Src/stm32f7xx_hal_cortex.o
 .text.__NVIC_GetPriorityGrouping
                0x00000000080049f0       0x1c Drivers/STM32F7xx_HAL_Driver/Src/stm32f7xx_hal_cortex.o
 .text.__NVIC_EnableIRQ
                0x0000000008004a0c       0x3c Drivers/STM32F7xx_HAL_Driver/Src/stm32f7xx_hal_cortex.o
 .text.__NVIC_SetPriority
                0x0000000008004a48       0x54 Drivers/STM32F7xx_HAL_Driver/Src/stm32f7xx_hal_cortex.o
 .text.NVIC_EncodePriority
                0x0000000008004a9c       0x66 Drivers/STM32F7xx_HAL_Driver/Src/stm32f7xx_hal_cortex.o
 *fill*         0x0000000008004b02        0x2 
 .text.SysTick_Config
                0x0000000008004b04       0x44 Drivers/STM32F7xx_HAL_Driver/Src/stm32f7xx_hal_cortex.o
 .text.HAL_NVIC_SetPriorityGrouping
                0x0000000008004b48       0x16 Drivers/STM32F7xx_HAL_Driver/Src/stm32f7xx_hal_cortex.o
                0x0000000008004b48                HAL_NVIC_SetPriorityGrouping
 .text.HAL_NVIC_SetPriority
                0x0000000008004b5e       0x38 Drivers/STM32F7xx_HAL_Driver/Src/stm32f7xx_hal_cortex.o
                0x0000000008004b5e                HAL_NVIC_SetPriority
 .text.HAL_NVIC_EnableIRQ
                0x0000000008004b96       0x1c Drivers/STM32F7xx_HAL_Driver/Src/stm32f7xx_hal_cortex.o
                0x0000000008004b96                HAL_NVIC_EnableIRQ
 .text.HAL_SYSTICK_Config
                0x0000000008004bb2       0x18 Drivers/STM32F7xx_HAL_Driver/Src/stm32f7xx_hal_cortex.o
                0x0000000008004bb2                HAL_SYSTICK_Config
 *fill*         0x0000000008004bca        0x2 
 .text.HAL_GPIO_Init
                0x0000000008004bcc      0x354 Drivers/STM32F7xx_HAL_Driver/Src/stm32f7xx_hal_gpio.o
                0x0000000008004bcc                HAL_GPIO_Init
 .text.HAL_GPIO_WritePin
                0x0000000008004f20       0x32 Drivers/STM32F7xx_HAL_Driver/Src/stm32f7xx_hal_gpio.o
                0x0000000008004f20                HAL_GPIO_WritePin
 *fill*         0x0000000008004f52        0x2 
 .text.HAL_GPIO_EXTI_IRQHandler
                0x0000000008004f54       0x30 Drivers/STM32F7xx_HAL_Driver/Src/stm32f7xx_hal_gpio.o
                0x0000000008004f54                HAL_GPIO_EXTI_IRQHandler
 .text.HAL_I2C_Init
                0x0000000008004f84      0x120 Drivers/STM32F7xx_HAL_Driver/Src/stm32f7xx_hal_i2c.o
                0x0000000008004f84                HAL_I2C_Init
 .text.HAL_I2C_Master_Transmit
                0x00000000080050a4      0x1e8 Drivers/STM32F7xx_HAL_Driver/Src/stm32f7xx_hal_i2c.o
                0x00000000080050a4                HAL_I2C_Master_Transmit
 .text.HAL_I2C_Master_Receive
                0x000000000800528c      0x1ec Drivers/STM32F7xx_HAL_Driver/Src/stm32f7xx_hal_i2c.o
                0x000000000800528c                HAL_I2C_Master_Receive
 .text.HAL_I2C_GetState
                0x0000000008005478       0x1c Drivers/STM32F7xx_HAL_Driver/Src/stm32f7xx_hal_i2c.o
                0x0000000008005478                HAL_I2C_GetState
 .text.HAL_I2C_GetError
                0x0000000008005494       0x18 Drivers/STM32F7xx_HAL_Driver/Src/stm32f7xx_hal_i2c.o
                0x0000000008005494                HAL_I2C_GetError
 .text.I2C_Flush_TXDR
                0x00000000080054ac       0x48 Drivers/STM32F7xx_HAL_Driver/Src/stm32f7xx_hal_i2c.o
 .text.I2C_WaitOnFlagUntilTimeout
                0x00000000080054f4       0x80 Drivers/STM32F7xx_HAL_Driver/Src/stm32f7xx_hal_i2c.o
 .text.I2C_WaitOnTXISFlagUntilTimeout
                0x0000000008005574       0x80 Drivers/STM32F7xx_HAL_Driver/Src/stm32f7xx_hal_i2c.o
 .text.I2C_WaitOnSTOPFlagUntilTimeout
                0x00000000080055f4       0x78 Drivers/STM32F7xx_HAL_Driver/Src/stm32f7xx_hal_i2c.o
 .text.I2C_WaitOnRXNEFlagUntilTimeout
                0x000000000800566c       0xd8 Drivers/STM32F7xx_HAL_Driver/Src/stm32f7xx_hal_i2c.o
 .text.I2C_IsAcknowledgeFailed
                0x0000000008005744       0xcc Drivers/STM32F7xx_HAL_Driver/Src/stm32f7xx_hal_i2c.o
 .text.I2C_TransferConfig
                0x0000000008005810       0x5c Drivers/STM32F7xx_HAL_Driver/Src/stm32f7xx_hal_i2c.o
 .text.HAL_I2CEx_ConfigAnalogFilter
                0x000000000800586c       0x96 Drivers/STM32F7xx_HAL_Driver/Src/stm32f7xx_hal_i2c_ex.o
                0x000000000800586c                HAL_I2CEx_ConfigAnalogFilter
 .text.HAL_I2CEx_ConfigDigitalFilter
                0x0000000008005902       0x98 Drivers/STM32F7xx_HAL_Driver/Src/stm32f7xx_hal_i2c_ex.o
                0x0000000008005902                HAL_I2CEx_ConfigDigitalFilter
 .text.HAL_PCD_Init
                0x000000000800599a      0x248 Drivers/STM32F7xx_HAL_Driver/Src/stm32f7xx_hal_pcd.o
                0x000000000800599a                HAL_PCD_Init
 *fill*         0x0000000008005be2        0x2 
 .text.HAL_PCDEx_ActivateLPM
                0x0000000008005be4       0x48 Drivers/STM32F7xx_HAL_Driver/Src/stm32f7xx_hal_pcd_ex.o
                0x0000000008005be4                HAL_PCDEx_ActivateLPM
 .text.HAL_PWR_EnableBkUpAccess
                0x0000000008005c2c       0x20 Drivers/STM32F7xx_HAL_Driver/Src/stm32f7xx_hal_pwr.o
                0x0000000008005c2c                HAL_PWR_EnableBkUpAccess
 .text.HAL_PWREx_EnableOverDrive
                0x0000000008005c4c       0xa0 Drivers/STM32F7xx_HAL_Driver/Src/stm32f7xx_hal_pwr_ex.o
                0x0000000008005c4c                HAL_PWREx_EnableOverDrive
 .text.HAL_RCC_OscConfig
                0x0000000008005cec      0x55c Drivers/STM32F7xx_HAL_Driver/Src/stm32f7xx_hal_rcc.o
                0x0000000008005cec                HAL_RCC_OscConfig
 .text.HAL_RCC_ClockConfig
                0x0000000008006248      0x1d8 Drivers/STM32F7xx_HAL_Driver/Src/stm32f7xx_hal_rcc.o
                0x0000000008006248                HAL_RCC_ClockConfig
 .text.HAL_RCC_GetSysClockFreq
                0x0000000008006420      0x1b0 Drivers/STM32F7xx_HAL_Driver/Src/stm32f7xx_hal_rcc.o
                0x0000000008006420                HAL_RCC_GetSysClockFreq
 .text.HAL_RCC_GetHCLKFreq
                0x00000000080065d0       0x18 Drivers/STM32F7xx_HAL_Driver/Src/stm32f7xx_hal_rcc.o
                0x00000000080065d0                HAL_RCC_GetHCLKFreq
 .text.HAL_RCC_GetPCLK1Freq
                0x00000000080065e8       0x28 Drivers/STM32F7xx_HAL_Driver/Src/stm32f7xx_hal_rcc.o
                0x00000000080065e8                HAL_RCC_GetPCLK1Freq
 .text.HAL_RCC_GetPCLK2Freq
                0x0000000008006610       0x28 Drivers/STM32F7xx_HAL_Driver/Src/stm32f7xx_hal_rcc.o
                0x0000000008006610                HAL_RCC_GetPCLK2Freq
 .text.HAL_RCCEx_PeriphCLKConfig
                0x0000000008006638      0x84c Drivers/STM32F7xx_HAL_Driver/Src/stm32f7xx_hal_rcc_ex.o
                0x0000000008006638                HAL_RCCEx_PeriphCLKConfig
 .text.HAL_TIM_Base_Init
                0x0000000008006e84       0x56 Drivers/STM32F7xx_HAL_Driver/Src/stm32f7xx_hal_tim.o
                0x0000000008006e84                HAL_TIM_Base_Init
 *fill*         0x0000000008006eda        0x2 
 .text.HAL_TIM_Base_Start_IT
                0x0000000008006edc       0x54 Drivers/STM32F7xx_HAL_Driver/Src/stm32f7xx_hal_tim.o
                0x0000000008006edc                HAL_TIM_Base_Start_IT
 .text.HAL_TIM_PWM_Init
                0x0000000008006f30       0x56 Drivers/STM32F7xx_HAL_Driver/Src/stm32f7xx_hal_tim.o
                0x0000000008006f30                HAL_TIM_PWM_Init
 .text.HAL_TIM_PWM_MspInit
                0x0000000008006f86       0x14 Drivers/STM32F7xx_HAL_Driver/Src/stm32f7xx_hal_tim.o
                0x0000000008006f86                HAL_TIM_PWM_MspInit
 *fill*         0x0000000008006f9a        0x2 
 .text.HAL_TIM_PWM_Start
                0x0000000008006f9c       0x88 Drivers/STM32F7xx_HAL_Driver/Src/stm32f7xx_hal_tim.o
                0x0000000008006f9c                HAL_TIM_PWM_Start
 .text.HAL_TIM_Encoder_Init
                0x0000000008007024      0x124 Drivers/STM32F7xx_HAL_Driver/Src/stm32f7xx_hal_tim.o
                0x0000000008007024                HAL_TIM_Encoder_Init
 .text.HAL_TIM_Encoder_Start
                0x0000000008007148       0x6e Drivers/STM32F7xx_HAL_Driver/Src/stm32f7xx_hal_tim.o
                0x0000000008007148                HAL_TIM_Encoder_Start
 .text.HAL_TIM_IRQHandler
                0x00000000080071b6      0x23e Drivers/STM32F7xx_HAL_Driver/Src/stm32f7xx_hal_tim.o
                0x00000000080071b6                HAL_TIM_IRQHandler
 .text.HAL_TIM_PWM_ConfigChannel
                0x00000000080073f4      0x230 Drivers/STM32F7xx_HAL_Driver/Src/stm32f7xx_hal_tim.o
                0x00000000080073f4                HAL_TIM_PWM_ConfigChannel
 .text.HAL_TIM_ConfigClockSource
                0x0000000008007624      0x174 Drivers/STM32F7xx_HAL_Driver/Src/stm32f7xx_hal_tim.o
                0x0000000008007624                HAL_TIM_ConfigClockSource
 .text.HAL_TIM_OC_DelayElapsedCallback
                0x0000000008007798       0x14 Drivers/STM32F7xx_HAL_Driver/Src/stm32f7xx_hal_tim.o
                0x0000000008007798                HAL_TIM_OC_DelayElapsedCallback
 .text.HAL_TIM_IC_CaptureCallback
                0x00000000080077ac       0x14 Drivers/STM32F7xx_HAL_Driver/Src/stm32f7xx_hal_tim.o
                0x00000000080077ac                HAL_TIM_IC_CaptureCallback
 .text.HAL_TIM_PWM_PulseFinishedCallback
                0x00000000080077c0       0x14 Drivers/STM32F7xx_HAL_Driver/Src/stm32f7xx_hal_tim.o
                0x00000000080077c0                HAL_TIM_PWM_PulseFinishedCallback
 .text.HAL_TIM_TriggerCallback
                0x00000000080077d4       0x14 Drivers/STM32F7xx_HAL_Driver/Src/stm32f7xx_hal_tim.o
                0x00000000080077d4                HAL_TIM_TriggerCallback
 .text.TIM_Base_SetConfig
                0x00000000080077e8      0x140 Drivers/STM32F7xx_HAL_Driver/Src/stm32f7xx_hal_tim.o
                0x00000000080077e8                TIM_Base_SetConfig
 .text.TIM_OC1_SetConfig
                0x0000000008007928       0xe4 Drivers/STM32F7xx_HAL_Driver/Src/stm32f7xx_hal_tim.o
 .text.TIM_OC2_SetConfig
                0x0000000008007a0c       0xf0 Drivers/STM32F7xx_HAL_Driver/Src/stm32f7xx_hal_tim.o
                0x0000000008007a0c                TIM_OC2_SetConfig
 .text.TIM_OC3_SetConfig
                0x0000000008007afc       0xec Drivers/STM32F7xx_HAL_Driver/Src/stm32f7xx_hal_tim.o
 .text.TIM_OC4_SetConfig
                0x0000000008007be8       0xb0 Drivers/STM32F7xx_HAL_Driver/Src/stm32f7xx_hal_tim.o
 .text.TIM_OC5_SetConfig
                0x0000000008007c98       0xa4 Drivers/STM32F7xx_HAL_Driver/Src/stm32f7xx_hal_tim.o
 .text.TIM_OC6_SetConfig
                0x0000000008007d3c       0xa8 Drivers/STM32F7xx_HAL_Driver/Src/stm32f7xx_hal_tim.o
 .text.TIM_TI1_ConfigInputStage
                0x0000000008007de4       0x5e Drivers/STM32F7xx_HAL_Driver/Src/stm32f7xx_hal_tim.o
 .text.TIM_TI2_ConfigInputStage
                0x0000000008007e42       0x60 Drivers/STM32F7xx_HAL_Driver/Src/stm32f7xx_hal_tim.o
 .text.TIM_ITRx_SetConfig
                0x0000000008007ea2       0x36 Drivers/STM32F7xx_HAL_Driver/Src/stm32f7xx_hal_tim.o
 .text.TIM_ETR_SetConfig
                0x0000000008007ed8       0x40 Drivers/STM32F7xx_HAL_Driver/Src/stm32f7xx_hal_tim.o
                0x0000000008007ed8                TIM_ETR_SetConfig
 .text.TIM_CCxChannelCmd
                0x0000000008007f18       0x4a Drivers/STM32F7xx_HAL_Driver/Src/stm32f7xx_hal_tim.o
                0x0000000008007f18                TIM_CCxChannelCmd
 *fill*         0x0000000008007f62        0x2 
 .text.HAL_TIMEx_MasterConfigSynchronization
                0x0000000008007f64      0x11c Drivers/STM32F7xx_HAL_Driver/Src/stm32f7xx_hal_tim_ex.o
                0x0000000008007f64                HAL_TIMEx_MasterConfigSynchronization
 .text.HAL_TIMEx_CommutCallback
                0x0000000008008080       0x14 Drivers/STM32F7xx_HAL_Driver/Src/stm32f7xx_hal_tim_ex.o
                0x0000000008008080                HAL_TIMEx_CommutCallback
 .text.HAL_TIMEx_BreakCallback
                0x0000000008008094       0x14 Drivers/STM32F7xx_HAL_Driver/Src/stm32f7xx_hal_tim_ex.o
                0x0000000008008094                HAL_TIMEx_BreakCallback
 .text.HAL_TIMEx_Break2Callback
                0x00000000080080a8       0x14 Drivers/STM32F7xx_HAL_Driver/Src/stm32f7xx_hal_tim_ex.o
                0x00000000080080a8                HAL_TIMEx_Break2Callback
 .text.HAL_UART_Init
                0x00000000080080bc       0x9c Drivers/STM32F7xx_HAL_Driver/Src/stm32f7xx_hal_uart.o
                0x00000000080080bc                HAL_UART_Init
 .text.HAL_UART_Transmit
                0x0000000008008158      0x122 Drivers/STM32F7xx_HAL_Driver/Src/stm32f7xx_hal_uart.o
                0x0000000008008158                HAL_UART_Transmit
 *fill*         0x000000000800827a        0x2 
 .text.UART_SetConfig
                0x000000000800827c      0x554 Drivers/STM32F7xx_HAL_Driver/Src/stm32f7xx_hal_uart.o
                0x000000000800827c                UART_SetConfig
 .text.UART_AdvFeatureConfig
                0x00000000080087d0      0x144 Drivers/STM32F7xx_HAL_Driver/Src/stm32f7xx_hal_uart.o
                0x00000000080087d0                UART_AdvFeatureConfig
 .text.UART_CheckIdleState
                0x0000000008008914       0x8a Drivers/STM32F7xx_HAL_Driver/Src/stm32f7xx_hal_uart.o
                0x0000000008008914                UART_CheckIdleState
 .text.UART_WaitOnFlagUntilTimeout
                0x000000000800899e       0xf6 Drivers/STM32F7xx_HAL_Driver/Src/stm32f7xx_hal_uart.o
                0x000000000800899e                UART_WaitOnFlagUntilTimeout
 .text.USB_CoreInit
                0x0000000008008a94       0xb0 Drivers/STM32F7xx_HAL_Driver/Src/stm32f7xx_ll_usb.o
                0x0000000008008a94                USB_CoreInit
 .text.USB_DisableGlobalInt
                0x0000000008008b44       0x22 Drivers/STM32F7xx_HAL_Driver/Src/stm32f7xx_ll_usb.o
                0x0000000008008b44                USB_DisableGlobalInt
 .text.USB_SetCurrentMode
                0x0000000008008b66       0x54 Drivers/STM32F7xx_HAL_Driver/Src/stm32f7xx_ll_usb.o
                0x0000000008008b66                USB_SetCurrentMode
 *fill*         0x0000000008008bba        0x2 
 .text.USB_DevInit
                0x0000000008008bbc      0x2dc Drivers/STM32F7xx_HAL_Driver/Src/stm32f7xx_ll_usb.o
                0x0000000008008bbc                USB_DevInit
 .text.USB_FlushTxFifo
                0x0000000008008e98       0x4c Drivers/STM32F7xx_HAL_Driver/Src/stm32f7xx_ll_usb.o
                0x0000000008008e98                USB_FlushTxFifo
 .text.USB_FlushRxFifo
                0x0000000008008ee4       0x44 Drivers/STM32F7xx_HAL_Driver/Src/stm32f7xx_ll_usb.o
                0x0000000008008ee4                USB_FlushRxFifo
 .text.USB_SetDevSpeed
                0x0000000008008f28       0x32 Drivers/STM32F7xx_HAL_Driver/Src/stm32f7xx_ll_usb.o
                0x0000000008008f28                USB_SetDevSpeed
 .text.USB_DevDisconnect
                0x0000000008008f5a       0x30 Drivers/STM32F7xx_HAL_Driver/Src/stm32f7xx_ll_usb.o
                0x0000000008008f5a                USB_DevDisconnect
 *fill*         0x0000000008008f8a        0x2 
 .text.USB_CoreReset
                0x0000000008008f8c       0x68 Drivers/STM32F7xx_HAL_Driver/Src/stm32f7xx_ll_usb.o
 .text.__errno  0x0000000008008ff4        0xc c:/st/stm32cubeide_1.5.0/stm32cubeide/plugins/com.st.stm32cube.ide.mcu.externaltools.gnu-tools-for-stm32.7-2018-q2-update.win32_1.5.0.202011040924/tools/bin/../lib/gcc/arm-none-eabi/7.3.1/../../../../arm-none-eabi/lib/thumb/v7e-m/fpv5/hard\libc_nano.a(lib_a-errno.o)
                0x0000000008008ff4                __errno
 .text.__libc_init_array
                0x0000000008009000       0x48 c:/st/stm32cubeide_1.5.0/stm32cubeide/plugins/com.st.stm32cube.ide.mcu.externaltools.gnu-tools-for-stm32.7-2018-q2-update.win32_1.5.0.202011040924/tools/bin/../lib/gcc/arm-none-eabi/7.3.1/../../../../arm-none-eabi/lib/thumb/v7e-m/fpv5/hard\libc_nano.a(lib_a-init.o)
                0x0000000008009000                __libc_init_array
 .text.memcpy   0x0000000008009048       0x16 c:/st/stm32cubeide_1.5.0/stm32cubeide/plugins/com.st.stm32cube.ide.mcu.externaltools.gnu-tools-for-stm32.7-2018-q2-update.win32_1.5.0.202011040924/tools/bin/../lib/gcc/arm-none-eabi/7.3.1/../../../../arm-none-eabi/lib/thumb/v7e-m/fpv5/hard\libc_nano.a(lib_a-memcpy-stub.o)
                0x0000000008009048                memcpy
 .text.memset   0x000000000800905e       0x10 c:/st/stm32cubeide_1.5.0/stm32cubeide/plugins/com.st.stm32cube.ide.mcu.externaltools.gnu-tools-for-stm32.7-2018-q2-update.win32_1.5.0.202011040924/tools/bin/../lib/gcc/arm-none-eabi/7.3.1/../../../../arm-none-eabi/lib/thumb/v7e-m/fpv5/hard\libc_nano.a(lib_a-memset.o)
                0x000000000800905e                memset
 .text.__cvt    0x000000000800906e       0xa4 c:/st/stm32cubeide_1.5.0/stm32cubeide/plugins/com.st.stm32cube.ide.mcu.externaltools.gnu-tools-for-stm32.7-2018-q2-update.win32_1.5.0.202011040924/tools/bin/../lib/gcc/arm-none-eabi/7.3.1/../../../../arm-none-eabi/lib/thumb/v7e-m/fpv5/hard\libc_nano.a(lib_a-nano-vfprintf_float.o)
                0x000000000800906e                __cvt
 .text.__exponent
                0x0000000008009112       0x66 c:/st/stm32cubeide_1.5.0/stm32cubeide/plugins/com.st.stm32cube.ide.mcu.externaltools.gnu-tools-for-stm32.7-2018-q2-update.win32_1.5.0.202011040924/tools/bin/../lib/gcc/arm-none-eabi/7.3.1/../../../../arm-none-eabi/lib/thumb/v7e-m/fpv5/hard\libc_nano.a(lib_a-nano-vfprintf_float.o)
                0x0000000008009112                __exponent
 .text._printf_float
                0x0000000008009178      0x458 c:/st/stm32cubeide_1.5.0/stm32cubeide/plugins/com.st.stm32cube.ide.mcu.externaltools.gnu-tools-for-stm32.7-2018-q2-update.win32_1.5.0.202011040924/tools/bin/../lib/gcc/arm-none-eabi/7.3.1/../../../../arm-none-eabi/lib/thumb/v7e-m/fpv5/hard\libc_nano.a(lib_a-nano-vfprintf_float.o)
                0x0000000008009178                _printf_float
 .text._printf_common
                0x00000000080095d0       0xea c:/st/stm32cubeide_1.5.0/stm32cubeide/plugins/com.st.stm32cube.ide.mcu.externaltools.gnu-tools-for-stm32.7-2018-q2-update.win32_1.5.0.202011040924/tools/bin/../lib/gcc/arm-none-eabi/7.3.1/../../../../arm-none-eabi/lib/thumb/v7e-m/fpv5/hard\libc_nano.a(lib_a-nano-vfprintf_i.o)
                0x00000000080095d0                _printf_common
 *fill*         0x00000000080096ba        0x2 
 .text._printf_i
                0x00000000080096bc      0x224 c:/st/stm32cubeide_1.5.0/stm32cubeide/plugins/com.st.stm32cube.ide.mcu.externaltools.gnu-tools-for-stm32.7-2018-q2-update.win32_1.5.0.202011040924/tools/bin/../lib/gcc/arm-none-eabi/7.3.1/../../../../arm-none-eabi/lib/thumb/v7e-m/fpv5/hard\libc_nano.a(lib_a-nano-vfprintf_i.o)
                0x00000000080096bc                _printf_i
 .text.printf   0x00000000080098e0       0x30 c:/st/stm32cubeide_1.5.0/stm32cubeide/plugins/com.st.stm32cube.ide.mcu.externaltools.gnu-tools-for-stm32.7-2018-q2-update.win32_1.5.0.202011040924/tools/bin/../lib/gcc/arm-none-eabi/7.3.1/../../../../arm-none-eabi/lib/thumb/v7e-m/fpv5/hard\libc_nano.a(lib_a-printf.o)
                0x00000000080098e0                iprintf
                0x00000000080098e0                printf
 .text._puts_r  0x0000000008009910       0xb8 c:/st/stm32cubeide_1.5.0/stm32cubeide/plugins/com.st.stm32cube.ide.mcu.externaltools.gnu-tools-for-stm32.7-2018-q2-update.win32_1.5.0.202011040924/tools/bin/../lib/gcc/arm-none-eabi/7.3.1/../../../../arm-none-eabi/lib/thumb/v7e-m/fpv5/hard\libc_nano.a(lib_a-puts.o)
                0x0000000008009910                _puts_r
 .text.puts     0x00000000080099c8       0x10 c:/st/stm32cubeide_1.5.0/stm32cubeide/plugins/com.st.stm32cube.ide.mcu.externaltools.gnu-tools-for-stm32.7-2018-q2-update.win32_1.5.0.202011040924/tools/bin/../lib/gcc/arm-none-eabi/7.3.1/../../../../arm-none-eabi/lib/thumb/v7e-m/fpv5/hard\libc_nano.a(lib_a-puts.o)
                0x00000000080099c8                puts
 .text.__swbuf_r
                0x00000000080099d8       0xa4 c:/st/stm32cubeide_1.5.0/stm32cubeide/plugins/com.st.stm32cube.ide.mcu.externaltools.gnu-tools-for-stm32.7-2018-q2-update.win32_1.5.0.202011040924/tools/bin/../lib/gcc/arm-none-eabi/7.3.1/../../../../arm-none-eabi/lib/thumb/v7e-m/fpv5/hard\libc_nano.a(lib_a-wbuf.o)
                0x00000000080099d8                __swbuf_r
 .text.__swsetup_r
                0x0000000008009a7c       0xdc c:/st/stm32cubeide_1.5.0/stm32cubeide/plugins/com.st.stm32cube.ide.mcu.externaltools.gnu-tools-for-stm32.7-2018-q2-update.win32_1.5.0.202011040924/tools/bin/../lib/gcc/arm-none-eabi/7.3.1/../../../../arm-none-eabi/lib/thumb/v7e-m/fpv5/hard\libc_nano.a(lib_a-wsetup.o)
                0x0000000008009a7c                __swsetup_r
 .text.quorem   0x0000000008009b58      0x118 c:/st/stm32cubeide_1.5.0/stm32cubeide/plugins/com.st.stm32cube.ide.mcu.externaltools.gnu-tools-for-stm32.7-2018-q2-update.win32_1.5.0.202011040924/tools/bin/../lib/gcc/arm-none-eabi/7.3.1/../../../../arm-none-eabi/lib/thumb/v7e-m/fpv5/hard\libc_nano.a(lib_a-dtoa.o)
 .text._dtoa_r  0x0000000008009c70      0xa98 c:/st/stm32cubeide_1.5.0/stm32cubeide/plugins/com.st.stm32cube.ide.mcu.externaltools.gnu-tools-for-stm32.7-2018-q2-update.win32_1.5.0.202011040924/tools/bin/../lib/gcc/arm-none-eabi/7.3.1/../../../../arm-none-eabi/lib/thumb/v7e-m/fpv5/hard\libc_nano.a(lib_a-dtoa.o)
                0x0000000008009c70                _dtoa_r
 .text.__sflush_r
                0x000000000800a708      0x10c c:/st/stm32cubeide_1.5.0/stm32cubeide/plugins/com.st.stm32cube.ide.mcu.externaltools.gnu-tools-for-stm32.7-2018-q2-update.win32_1.5.0.202011040924/tools/bin/../lib/gcc/arm-none-eabi/7.3.1/../../../../arm-none-eabi/lib/thumb/v7e-m/fpv5/hard\libc_nano.a(lib_a-fflush.o)
                0x000000000800a708                __sflush_r
 .text._fflush_r
                0x000000000800a814       0x54 c:/st/stm32cubeide_1.5.0/stm32cubeide/plugins/com.st.stm32cube.ide.mcu.externaltools.gnu-tools-for-stm32.7-2018-q2-update.win32_1.5.0.202011040924/tools/bin/../lib/gcc/arm-none-eabi/7.3.1/../../../../arm-none-eabi/lib/thumb/v7e-m/fpv5/hard\libc_nano.a(lib_a-fflush.o)
                0x000000000800a814                _fflush_r
 .text.std      0x000000000800a868       0x48 c:/st/stm32cubeide_1.5.0/stm32cubeide/plugins/com.st.stm32cube.ide.mcu.externaltools.gnu-tools-for-stm32.7-2018-q2-update.win32_1.5.0.202011040924/tools/bin/../lib/gcc/arm-none-eabi/7.3.1/../../../../arm-none-eabi/lib/thumb/v7e-m/fpv5/hard\libc_nano.a(lib_a-findfp.o)
 .text._cleanup_r
                0x000000000800a8b0        0xc c:/st/stm32cubeide_1.5.0/stm32cubeide/plugins/com.st.stm32cube.ide.mcu.externaltools.gnu-tools-for-stm32.7-2018-q2-update.win32_1.5.0.202011040924/tools/bin/../lib/gcc/arm-none-eabi/7.3.1/../../../../arm-none-eabi/lib/thumb/v7e-m/fpv5/hard\libc_nano.a(lib_a-findfp.o)
                0x000000000800a8b0                _cleanup_r
 .text.__sfmoreglue
                0x000000000800a8bc       0x2c c:/st/stm32cubeide_1.5.0/stm32cubeide/plugins/com.st.stm32cube.ide.mcu.externaltools.gnu-tools-for-stm32.7-2018-q2-update.win32_1.5.0.202011040924/tools/bin/../lib/gcc/arm-none-eabi/7.3.1/../../../../arm-none-eabi/lib/thumb/v7e-m/fpv5/hard\libc_nano.a(lib_a-findfp.o)
                0x000000000800a8bc                __sfmoreglue
 .text.__sinit  0x000000000800a8e8       0x60 c:/st/stm32cubeide_1.5.0/stm32cubeide/plugins/com.st.stm32cube.ide.mcu.externaltools.gnu-tools-for-stm32.7-2018-q2-update.win32_1.5.0.202011040924/tools/bin/../lib/gcc/arm-none-eabi/7.3.1/../../../../arm-none-eabi/lib/thumb/v7e-m/fpv5/hard\libc_nano.a(lib_a-findfp.o)
                0x000000000800a8e8                __sinit
 .text.__sfp    0x000000000800a948       0x78 c:/st/stm32cubeide_1.5.0/stm32cubeide/plugins/com.st.stm32cube.ide.mcu.externaltools.gnu-tools-for-stm32.7-2018-q2-update.win32_1.5.0.202011040924/tools/bin/../lib/gcc/arm-none-eabi/7.3.1/../../../../arm-none-eabi/lib/thumb/v7e-m/fpv5/hard\libc_nano.a(lib_a-findfp.o)
                0x000000000800a948                __sfp
 .text._fwalk_reent
                0x000000000800a9c0       0x3c c:/st/stm32cubeide_1.5.0/stm32cubeide/plugins/com.st.stm32cube.ide.mcu.externaltools.gnu-tools-for-stm32.7-2018-q2-update.win32_1.5.0.202011040924/tools/bin/../lib/gcc/arm-none-eabi/7.3.1/../../../../arm-none-eabi/lib/thumb/v7e-m/fpv5/hard\libc_nano.a(lib_a-fwalk.o)
                0x000000000800a9c0                _fwalk_reent
 .text._localeconv_r
                0x000000000800a9fc       0x1c c:/st/stm32cubeide_1.5.0/stm32cubeide/plugins/com.st.stm32cube.ide.mcu.externaltools.gnu-tools-for-stm32.7-2018-q2-update.win32_1.5.0.202011040924/tools/bin/../lib/gcc/arm-none-eabi/7.3.1/../../../../arm-none-eabi/lib/thumb/v7e-m/fpv5/hard\libc_nano.a(lib_a-localeconv.o)
                0x000000000800a9fc                _localeconv_r
 .text.__swhatbuf_r
                0x000000000800aa18       0x48 c:/st/stm32cubeide_1.5.0/stm32cubeide/plugins/com.st.stm32cube.ide.mcu.externaltools.gnu-tools-for-stm32.7-2018-q2-update.win32_1.5.0.202011040924/tools/bin/../lib/gcc/arm-none-eabi/7.3.1/../../../../arm-none-eabi/lib/thumb/v7e-m/fpv5/hard\libc_nano.a(lib_a-makebuf.o)
                0x000000000800aa18                __swhatbuf_r
 .text.__smakebuf_r
                0x000000000800aa60       0x80 c:/st/stm32cubeide_1.5.0/stm32cubeide/plugins/com.st.stm32cube.ide.mcu.externaltools.gnu-tools-for-stm32.7-2018-q2-update.win32_1.5.0.202011040924/tools/bin/../lib/gcc/arm-none-eabi/7.3.1/../../../../arm-none-eabi/lib/thumb/v7e-m/fpv5/hard\libc_nano.a(lib_a-makebuf.o)
                0x000000000800aa60                __smakebuf_r
 .text.malloc   0x000000000800aae0       0x10 c:/st/stm32cubeide_1.5.0/stm32cubeide/plugins/com.st.stm32cube.ide.mcu.externaltools.gnu-tools-for-stm32.7-2018-q2-update.win32_1.5.0.202011040924/tools/bin/../lib/gcc/arm-none-eabi/7.3.1/../../../../arm-none-eabi/lib/thumb/v7e-m/fpv5/hard\libc_nano.a(lib_a-malloc.o)
                0x000000000800aae0                malloc
 .text._Balloc  0x000000000800aaf0       0x68 c:/st/stm32cubeide_1.5.0/stm32cubeide/plugins/com.st.stm32cube.ide.mcu.externaltools.gnu-tools-for-stm32.7-2018-q2-update.win32_1.5.0.202011040924/tools/bin/../lib/gcc/arm-none-eabi/7.3.1/../../../../arm-none-eabi/lib/thumb/v7e-m/fpv5/hard\libc_nano.a(lib_a-mprec.o)
                0x000000000800aaf0                _Balloc
 .text._Bfree   0x000000000800ab58       0x2e c:/st/stm32cubeide_1.5.0/stm32cubeide/plugins/com.st.stm32cube.ide.mcu.externaltools.gnu-tools-for-stm32.7-2018-q2-update.win32_1.5.0.202011040924/tools/bin/../lib/gcc/arm-none-eabi/7.3.1/../../../../arm-none-eabi/lib/thumb/v7e-m/fpv5/hard\libc_nano.a(lib_a-mprec.o)
                0x000000000800ab58                _Bfree
 .text.__multadd
                0x000000000800ab86       0x76 c:/st/stm32cubeide_1.5.0/stm32cubeide/plugins/com.st.stm32cube.ide.mcu.externaltools.gnu-tools-for-stm32.7-2018-q2-update.win32_1.5.0.202011040924/tools/bin/../lib/gcc/arm-none-eabi/7.3.1/../../../../arm-none-eabi/lib/thumb/v7e-m/fpv5/hard\libc_nano.a(lib_a-mprec.o)
                0x000000000800ab86                __multadd
 .text.__hi0bits
                0x000000000800abfc       0x3e c:/st/stm32cubeide_1.5.0/stm32cubeide/plugins/com.st.stm32cube.ide.mcu.externaltools.gnu-tools-for-stm32.7-2018-q2-update.win32_1.5.0.202011040924/tools/bin/../lib/gcc/arm-none-eabi/7.3.1/../../../../arm-none-eabi/lib/thumb/v7e-m/fpv5/hard\libc_nano.a(lib_a-mprec.o)
                0x000000000800abfc                __hi0bits
 .text.__lo0bits
                0x000000000800ac3a       0x5e c:/st/stm32cubeide_1.5.0/stm32cubeide/plugins/com.st.stm32cube.ide.mcu.externaltools.gnu-tools-for-stm32.7-2018-q2-update.win32_1.5.0.202011040924/tools/bin/../lib/gcc/arm-none-eabi/7.3.1/../../../../arm-none-eabi/lib/thumb/v7e-m/fpv5/hard\libc_nano.a(lib_a-mprec.o)
                0x000000000800ac3a                __lo0bits
 .text.__i2b    0x000000000800ac98       0x12 c:/st/stm32cubeide_1.5.0/stm32cubeide/plugins/com.st.stm32cube.ide.mcu.externaltools.gnu-tools-for-stm32.7-2018-q2-update.win32_1.5.0.202011040924/tools/bin/../lib/gcc/arm-none-eabi/7.3.1/../../../../arm-none-eabi/lib/thumb/v7e-m/fpv5/hard\libc_nano.a(lib_a-mprec.o)
                0x000000000800ac98                __i2b
 .text.__multiply
                0x000000000800acaa      0x12c c:/st/stm32cubeide_1.5.0/stm32cubeide/plugins/com.st.stm32cube.ide.mcu.externaltools.gnu-tools-for-stm32.7-2018-q2-update.win32_1.5.0.202011040924/tools/bin/../lib/gcc/arm-none-eabi/7.3.1/../../../../arm-none-eabi/lib/thumb/v7e-m/fpv5/hard\libc_nano.a(lib_a-mprec.o)
                0x000000000800acaa                __multiply
 *fill*         0x000000000800add6        0x2 
 .text.__pow5mult
                0x000000000800add8       0x9c c:/st/stm32cubeide_1.5.0/stm32cubeide/plugins/com.st.stm32cube.ide.mcu.externaltools.gnu-tools-for-stm32.7-2018-q2-update.win32_1.5.0.202011040924/tools/bin/../lib/gcc/arm-none-eabi/7.3.1/../../../../arm-none-eabi/lib/thumb/v7e-m/fpv5/hard\libc_nano.a(lib_a-mprec.o)
                0x000000000800add8                __pow5mult
 .text.__lshift
                0x000000000800ae74       0xa8 c:/st/stm32cubeide_1.5.0/stm32cubeide/plugins/com.st.stm32cube.ide.mcu.externaltools.gnu-tools-for-stm32.7-2018-q2-update.win32_1.5.0.202011040924/tools/bin/../lib/gcc/arm-none-eabi/7.3.1/../../../../arm-none-eabi/lib/thumb/v7e-m/fpv5/hard\libc_nano.a(lib_a-mprec.o)
                0x000000000800ae74                __lshift
 .text.__mcmp   0x000000000800af1c       0x34 c:/st/stm32cubeide_1.5.0/stm32cubeide/plugins/com.st.stm32cube.ide.mcu.externaltools.gnu-tools-for-stm32.7-2018-q2-update.win32_1.5.0.202011040924/tools/bin/../lib/gcc/arm-none-eabi/7.3.1/../../../../arm-none-eabi/lib/thumb/v7e-m/fpv5/hard\libc_nano.a(lib_a-mprec.o)
                0x000000000800af1c                __mcmp
 .text.__mdiff  0x000000000800af50       0xba c:/st/stm32cubeide_1.5.0/stm32cubeide/plugins/com.st.stm32cube.ide.mcu.externaltools.gnu-tools-for-stm32.7-2018-q2-update.win32_1.5.0.202011040924/tools/bin/../lib/gcc/arm-none-eabi/7.3.1/../../../../arm-none-eabi/lib/thumb/v7e-m/fpv5/hard\libc_nano.a(lib_a-mprec.o)
                0x000000000800af50                __mdiff
 .text.__d2b    0x000000000800b00a       0x9e c:/st/stm32cubeide_1.5.0/stm32cubeide/plugins/com.st.stm32cube.ide.mcu.externaltools.gnu-tools-for-stm32.7-2018-q2-update.win32_1.5.0.202011040924/tools/bin/../lib/gcc/arm-none-eabi/7.3.1/../../../../arm-none-eabi/lib/thumb/v7e-m/fpv5/hard\libc_nano.a(lib_a-mprec.o)
                0x000000000800b00a                __d2b
 .text._calloc_r
                0x000000000800b0a8       0x1c c:/st/stm32cubeide_1.5.0/stm32cubeide/plugins/com.st.stm32cube.ide.mcu.externaltools.gnu-tools-for-stm32.7-2018-q2-update.win32_1.5.0.202011040924/tools/bin/../lib/gcc/arm-none-eabi/7.3.1/../../../../arm-none-eabi/lib/thumb/v7e-m/fpv5/hard\libc_nano.a(lib_a-nano-callocr.o)
                0x000000000800b0a8                _calloc_r
 .text._free_r  0x000000000800b0c4       0x9c c:/st/stm32cubeide_1.5.0/stm32cubeide/plugins/com.st.stm32cube.ide.mcu.externaltools.gnu-tools-for-stm32.7-2018-q2-update.win32_1.5.0.202011040924/tools/bin/../lib/gcc/arm-none-eabi/7.3.1/../../../../arm-none-eabi/lib/thumb/v7e-m/fpv5/hard\libc_nano.a(lib_a-nano-freer.o)
                0x000000000800b0c4                _free_r
 .text._malloc_r
                0x000000000800b160       0xb4 c:/st/stm32cubeide_1.5.0/stm32cubeide/plugins/com.st.stm32cube.ide.mcu.externaltools.gnu-tools-for-stm32.7-2018-q2-update.win32_1.5.0.202011040924/tools/bin/../lib/gcc/arm-none-eabi/7.3.1/../../../../arm-none-eabi/lib/thumb/v7e-m/fpv5/hard\libc_nano.a(lib_a-nano-mallocr.o)
                0x000000000800b160                _malloc_r
 .text.__sfputc_r
                0x000000000800b214       0x2e c:/st/stm32cubeide_1.5.0/stm32cubeide/plugins/com.st.stm32cube.ide.mcu.externaltools.gnu-tools-for-stm32.7-2018-q2-update.win32_1.5.0.202011040924/tools/bin/../lib/gcc/arm-none-eabi/7.3.1/../../../../arm-none-eabi/lib/thumb/v7e-m/fpv5/hard\libc_nano.a(lib_a-nano-vfprintf.o)
 .text.__sfputs_r
                0x000000000800b242       0x24 c:/st/stm32cubeide_1.5.0/stm32cubeide/plugins/com.st.stm32cube.ide.mcu.externaltools.gnu-tools-for-stm32.7-2018-q2-update.win32_1.5.0.202011040924/tools/bin/../lib/gcc/arm-none-eabi/7.3.1/../../../../arm-none-eabi/lib/thumb/v7e-m/fpv5/hard\libc_nano.a(lib_a-nano-vfprintf.o)
                0x000000000800b242                __sfputs_r
 *fill*         0x000000000800b266        0x2 
 .text._vfprintf_r
                0x000000000800b268      0x22c c:/st/stm32cubeide_1.5.0/stm32cubeide/plugins/com.st.stm32cube.ide.mcu.externaltools.gnu-tools-for-stm32.7-2018-q2-update.win32_1.5.0.202011040924/tools/bin/../lib/gcc/arm-none-eabi/7.3.1/../../../../arm-none-eabi/lib/thumb/v7e-m/fpv5/hard\libc_nano.a(lib_a-nano-vfprintf.o)
                0x000000000800b268                _vfprintf_r
                0x000000000800b268                _vfiprintf_r
 .text._sbrk_r  0x000000000800b494       0x20 c:/st/stm32cubeide_1.5.0/stm32cubeide/plugins/com.st.stm32cube.ide.mcu.externaltools.gnu-tools-for-stm32.7-2018-q2-update.win32_1.5.0.202011040924/tools/bin/../lib/gcc/arm-none-eabi/7.3.1/../../../../arm-none-eabi/lib/thumb/v7e-m/fpv5/hard\libc_nano.a(lib_a-sbrkr.o)
                0x000000000800b494                _sbrk_r
 .text.__sread  0x000000000800b4b4       0x22 c:/st/stm32cubeide_1.5.0/stm32cubeide/plugins/com.st.stm32cube.ide.mcu.externaltools.gnu-tools-for-stm32.7-2018-q2-update.win32_1.5.0.202011040924/tools/bin/../lib/gcc/arm-none-eabi/7.3.1/../../../../arm-none-eabi/lib/thumb/v7e-m/fpv5/hard\libc_nano.a(lib_a-stdio.o)
                0x000000000800b4b4                __sread
 .text.__swrite
                0x000000000800b4d6       0x38 c:/st/stm32cubeide_1.5.0/stm32cubeide/plugins/com.st.stm32cube.ide.mcu.externaltools.gnu-tools-for-stm32.7-2018-q2-update.win32_1.5.0.202011040924/tools/bin/../lib/gcc/arm-none-eabi/7.3.1/../../../../arm-none-eabi/lib/thumb/v7e-m/fpv5/hard\libc_nano.a(lib_a-stdio.o)
                0x000000000800b4d6                __swrite
 .text.__sseek  0x000000000800b50e       0x24 c:/st/stm32cubeide_1.5.0/stm32cubeide/plugins/com.st.stm32cube.ide.mcu.externaltools.gnu-tools-for-stm32.7-2018-q2-update.win32_1.5.0.202011040924/tools/bin/../lib/gcc/arm-none-eabi/7.3.1/../../../../arm-none-eabi/lib/thumb/v7e-m/fpv5/hard\libc_nano.a(lib_a-stdio.o)
                0x000000000800b50e                __sseek
 .text.__sclose
                0x000000000800b532        0x8 c:/st/stm32cubeide_1.5.0/stm32cubeide/plugins/com.st.stm32cube.ide.mcu.externaltools.gnu-tools-for-stm32.7-2018-q2-update.win32_1.5.0.202011040924/tools/bin/../lib/gcc/arm-none-eabi/7.3.1/../../../../arm-none-eabi/lib/thumb/v7e-m/fpv5/hard\libc_nano.a(lib_a-stdio.o)
                0x000000000800b532                __sclose
 *fill*         0x000000000800b53a        0x2 
 .text._write_r
                0x000000000800b53c       0x24 c:/st/stm32cubeide_1.5.0/stm32cubeide/plugins/com.st.stm32cube.ide.mcu.externaltools.gnu-tools-for-stm32.7-2018-q2-update.win32_1.5.0.202011040924/tools/bin/../lib/gcc/arm-none-eabi/7.3.1/../../../../arm-none-eabi/lib/thumb/v7e-m/fpv5/hard\libc_nano.a(lib_a-writer.o)
                0x000000000800b53c                _write_r
 .text._close_r
                0x000000000800b560       0x20 c:/st/stm32cubeide_1.5.0/stm32cubeide/plugins/com.st.stm32cube.ide.mcu.externaltools.gnu-tools-for-stm32.7-2018-q2-update.win32_1.5.0.202011040924/tools/bin/../lib/gcc/arm-none-eabi/7.3.1/../../../../arm-none-eabi/lib/thumb/v7e-m/fpv5/hard\libc_nano.a(lib_a-closer.o)
                0x000000000800b560                _close_r
 .text._fstat_r
                0x000000000800b580       0x24 c:/st/stm32cubeide_1.5.0/stm32cubeide/plugins/com.st.stm32cube.ide.mcu.externaltools.gnu-tools-for-stm32.7-2018-q2-update.win32_1.5.0.202011040924/tools/bin/../lib/gcc/arm-none-eabi/7.3.1/../../../../arm-none-eabi/lib/thumb/v7e-m/fpv5/hard\libc_nano.a(lib_a-fstatr.o)
                0x000000000800b580                _fstat_r
 .text._isatty_r
                0x000000000800b5a4       0x20 c:/st/stm32cubeide_1.5.0/stm32cubeide/plugins/com.st.stm32cube.ide.mcu.externaltools.gnu-tools-for-stm32.7-2018-q2-update.win32_1.5.0.202011040924/tools/bin/../lib/gcc/arm-none-eabi/7.3.1/../../../../arm-none-eabi/lib/thumb/v7e-m/fpv5/hard\libc_nano.a(lib_a-isattyr.o)
                0x000000000800b5a4                _isatty_r
 .text._lseek_r
                0x000000000800b5c4       0x24 c:/st/stm32cubeide_1.5.0/stm32cubeide/plugins/com.st.stm32cube.ide.mcu.externaltools.gnu-tools-for-stm32.7-2018-q2-update.win32_1.5.0.202011040924/tools/bin/../lib/gcc/arm-none-eabi/7.3.1/../../../../arm-none-eabi/lib/thumb/v7e-m/fpv5/hard\libc_nano.a(lib_a-lseekr.o)
                0x000000000800b5c4                _lseek_r
 .text.__ascii_mbtowc
                0x000000000800b5e8       0x24 c:/st/stm32cubeide_1.5.0/stm32cubeide/plugins/com.st.stm32cube.ide.mcu.externaltools.gnu-tools-for-stm32.7-2018-q2-update.win32_1.5.0.202011040924/tools/bin/../lib/gcc/arm-none-eabi/7.3.1/../../../../arm-none-eabi/lib/thumb/v7e-m/fpv5/hard\libc_nano.a(lib_a-mbtowc_r.o)
                0x000000000800b5e8                __ascii_mbtowc
 .text.__malloc_lock
                0x000000000800b60c        0x2 c:/st/stm32cubeide_1.5.0/stm32cubeide/plugins/com.st.stm32cube.ide.mcu.externaltools.gnu-tools-for-stm32.7-2018-q2-update.win32_1.5.0.202011040924/tools/bin/../lib/gcc/arm-none-eabi/7.3.1/../../../../arm-none-eabi/lib/thumb/v7e-m/fpv5/hard\libc_nano.a(lib_a-mlock.o)
                0x000000000800b60c                __malloc_lock
 .text.__malloc_unlock
                0x000000000800b60e        0x2 c:/st/stm32cubeide_1.5.0/stm32cubeide/plugins/com.st.stm32cube.ide.mcu.externaltools.gnu-tools-for-stm32.7-2018-q2-update.win32_1.5.0.202011040924/tools/bin/../lib/gcc/arm-none-eabi/7.3.1/../../../../arm-none-eabi/lib/thumb/v7e-m/fpv5/hard\libc_nano.a(lib_a-mlock.o)
                0x000000000800b60e                __malloc_unlock
 .text._read_r  0x000000000800b610       0x24 c:/st/stm32cubeide_1.5.0/stm32cubeide/plugins/com.st.stm32cube.ide.mcu.externaltools.gnu-tools-for-stm32.7-2018-q2-update.win32_1.5.0.202011040924/tools/bin/../lib/gcc/arm-none-eabi/7.3.1/../../../../arm-none-eabi/lib/thumb/v7e-m/fpv5/hard\libc_nano.a(lib_a-readr.o)
                0x000000000800b610                _read_r
 .text.__ascii_wctomb
                0x000000000800b634       0x1a c:/st/stm32cubeide_1.5.0/stm32cubeide/plugins/com.st.stm32cube.ide.mcu.externaltools.gnu-tools-for-stm32.7-2018-q2-update.win32_1.5.0.202011040924/tools/bin/../lib/gcc/arm-none-eabi/7.3.1/../../../../arm-none-eabi/lib/thumb/v7e-m/fpv5/hard\libc_nano.a(lib_a-wctomb_r.o)
                0x000000000800b634                __ascii_wctomb
 *(.glue_7)
 .glue_7        0x000000000800b64e        0x0 linker stubs
 *(.glue_7t)
 .glue_7t       0x000000000800b64e        0x0 linker stubs
 *(.eh_frame)
 *fill*         0x000000000800b64e        0x2 
 .eh_frame      0x000000000800b650        0x0 c:/st/stm32cubeide_1.5.0/stm32cubeide/plugins/com.st.stm32cube.ide.mcu.externaltools.gnu-tools-for-stm32.7-2018-q2-update.win32_1.5.0.202011040924/tools/bin/../lib/gcc/arm-none-eabi/7.3.1/thumb/v7e-m/fpv5/hard/crtbegin.o
 *(.init)
 .init          0x000000000800b650        0x4 c:/st/stm32cubeide_1.5.0/stm32cubeide/plugins/com.st.stm32cube.ide.mcu.externaltools.gnu-tools-for-stm32.7-2018-q2-update.win32_1.5.0.202011040924/tools/bin/../lib/gcc/arm-none-eabi/7.3.1/thumb/v7e-m/fpv5/hard/crti.o
                0x000000000800b650                _init
 .init          0x000000000800b654        0x8 c:/st/stm32cubeide_1.5.0/stm32cubeide/plugins/com.st.stm32cube.ide.mcu.externaltools.gnu-tools-for-stm32.7-2018-q2-update.win32_1.5.0.202011040924/tools/bin/../lib/gcc/arm-none-eabi/7.3.1/thumb/v7e-m/fpv5/hard/crtn.o
 *(.fini)
 .fini          0x000000000800b65c        0x4 c:/st/stm32cubeide_1.5.0/stm32cubeide/plugins/com.st.stm32cube.ide.mcu.externaltools.gnu-tools-for-stm32.7-2018-q2-update.win32_1.5.0.202011040924/tools/bin/../lib/gcc/arm-none-eabi/7.3.1/thumb/v7e-m/fpv5/hard/crti.o
                0x000000000800b65c                _fini
 .fini          0x000000000800b660        0x8 c:/st/stm32cubeide_1.5.0/stm32cubeide/plugins/com.st.stm32cube.ide.mcu.externaltools.gnu-tools-for-stm32.7-2018-q2-update.win32_1.5.0.202011040924/tools/bin/../lib/gcc/arm-none-eabi/7.3.1/thumb/v7e-m/fpv5/hard/crtn.o
                0x000000000800b668                . = ALIGN (0x4)
                0x000000000800b668                _etext = .

.vfp11_veneer   0x000000000800b668        0x0
 .vfp11_veneer  0x000000000800b668        0x0 linker stubs

.v4_bx          0x000000000800b668        0x0
 .v4_bx         0x000000000800b668        0x0 linker stubs

.iplt           0x000000000800b668        0x0
 .iplt          0x000000000800b668        0x0 c:/st/stm32cubeide_1.5.0/stm32cubeide/plugins/com.st.stm32cube.ide.mcu.externaltools.gnu-tools-for-stm32.7-2018-q2-update.win32_1.5.0.202011040924/tools/bin/../lib/gcc/arm-none-eabi/7.3.1/thumb/v7e-m/fpv5/hard/crtbegin.o

.rodata         0x000000000800b668      0x528
                0x000000000800b668                . = ALIGN (0x4)
 *(.rodata)
 .rodata        0x000000000800b668       0x3b Core/Src/bno055.o
 *fill*         0x000000000800b6a3        0x1 
 .rodata        0x000000000800b6a4      0x212 Core/Src/main.o
 *(.rodata*)
 *fill*         0x000000000800b8b6        0x2 
 .rodata.AHBPrescTable
                0x000000000800b8b8       0x10 Core/Src/system_stm32f7xx.o
                0x000000000800b8b8                AHBPrescTable
 .rodata.APBPrescTable
                0x000000000800b8c8        0x8 Core/Src/system_stm32f7xx.o
                0x000000000800b8c8                APBPrescTable
 .rodata._global_impure_ptr
                0x000000000800b8d0        0x4 c:/st/stm32cubeide_1.5.0/stm32cubeide/plugins/com.st.stm32cube.ide.mcu.externaltools.gnu-tools-for-stm32.7-2018-q2-update.win32_1.5.0.202011040924/tools/bin/../lib/gcc/arm-none-eabi/7.3.1/../../../../arm-none-eabi/lib/thumb/v7e-m/fpv5/hard\libc_nano.a(lib_a-impure.o)
                0x000000000800b8d0                _global_impure_ptr
 .rodata._printf_float.str1.1
                0x000000000800b8d4       0x12 c:/st/stm32cubeide_1.5.0/stm32cubeide/plugins/com.st.stm32cube.ide.mcu.externaltools.gnu-tools-for-stm32.7-2018-q2-update.win32_1.5.0.202011040924/tools/bin/../lib/gcc/arm-none-eabi/7.3.1/../../../../arm-none-eabi/lib/thumb/v7e-m/fpv5/hard\libc_nano.a(lib_a-nano-vfprintf_float.o)
 .rodata._printf_i.str1.1
                0x000000000800b8e6       0x22 c:/st/stm32cubeide_1.5.0/stm32cubeide/plugins/com.st.stm32cube.ide.mcu.externaltools.gnu-tools-for-stm32.7-2018-q2-update.win32_1.5.0.202011040924/tools/bin/../lib/gcc/arm-none-eabi/7.3.1/../../../../arm-none-eabi/lib/thumb/v7e-m/fpv5/hard\libc_nano.a(lib_a-nano-vfprintf_i.o)
 .rodata._dtoa_r.str1.1
                0x000000000800b908        0xd c:/st/stm32cubeide_1.5.0/stm32cubeide/plugins/com.st.stm32cube.ide.mcu.externaltools.gnu-tools-for-stm32.7-2018-q2-update.win32_1.5.0.202011040924/tools/bin/../lib/gcc/arm-none-eabi/7.3.1/../../../../arm-none-eabi/lib/thumb/v7e-m/fpv5/hard\libc_nano.a(lib_a-dtoa.o)
                                          0xf (size before relaxing)
 *fill*         0x000000000800b915        0x3 
 .rodata.__sf_fake_stderr
                0x000000000800b918       0x20 c:/st/stm32cubeide_1.5.0/stm32cubeide/plugins/com.st.stm32cube.ide.mcu.externaltools.gnu-tools-for-stm32.7-2018-q2-update.win32_1.5.0.202011040924/tools/bin/../lib/gcc/arm-none-eabi/7.3.1/../../../../arm-none-eabi/lib/thumb/v7e-m/fpv5/hard\libc_nano.a(lib_a-findfp.o)
                0x000000000800b918                __sf_fake_stderr
 .rodata.__sf_fake_stdin
                0x000000000800b938       0x20 c:/st/stm32cubeide_1.5.0/stm32cubeide/plugins/com.st.stm32cube.ide.mcu.externaltools.gnu-tools-for-stm32.7-2018-q2-update.win32_1.5.0.202011040924/tools/bin/../lib/gcc/arm-none-eabi/7.3.1/../../../../arm-none-eabi/lib/thumb/v7e-m/fpv5/hard\libc_nano.a(lib_a-findfp.o)
                0x000000000800b938                __sf_fake_stdin
 .rodata.__sf_fake_stdout
                0x000000000800b958       0x20 c:/st/stm32cubeide_1.5.0/stm32cubeide/plugins/com.st.stm32cube.ide.mcu.externaltools.gnu-tools-for-stm32.7-2018-q2-update.win32_1.5.0.202011040924/tools/bin/../lib/gcc/arm-none-eabi/7.3.1/../../../../arm-none-eabi/lib/thumb/v7e-m/fpv5/hard\libc_nano.a(lib_a-findfp.o)
                0x000000000800b958                __sf_fake_stdout
 .rodata.__mprec_bigtens
                0x000000000800b978       0x28 c:/st/stm32cubeide_1.5.0/stm32cubeide/plugins/com.st.stm32cube.ide.mcu.externaltools.gnu-tools-for-stm32.7-2018-q2-update.win32_1.5.0.202011040924/tools/bin/../lib/gcc/arm-none-eabi/7.3.1/../../../../arm-none-eabi/lib/thumb/v7e-m/fpv5/hard\libc_nano.a(lib_a-mprec.o)
                0x000000000800b978                __mprec_bigtens
 .rodata.__mprec_tens
                0x000000000800b9a0       0xc8 c:/st/stm32cubeide_1.5.0/stm32cubeide/plugins/com.st.stm32cube.ide.mcu.externaltools.gnu-tools-for-stm32.7-2018-q2-update.win32_1.5.0.202011040924/tools/bin/../lib/gcc/arm-none-eabi/7.3.1/../../../../arm-none-eabi/lib/thumb/v7e-m/fpv5/hard\libc_nano.a(lib_a-mprec.o)
                0x000000000800b9a0                __mprec_tens
 .rodata.p05.7359
                0x000000000800ba68        0xc c:/st/stm32cubeide_1.5.0/stm32cubeide/plugins/com.st.stm32cube.ide.mcu.externaltools.gnu-tools-for-stm32.7-2018-q2-update.win32_1.5.0.202011040924/tools/bin/../lib/gcc/arm-none-eabi/7.3.1/../../../../arm-none-eabi/lib/thumb/v7e-m/fpv5/hard\libc_nano.a(lib_a-mprec.o)
 .rodata._vfprintf_r.str1.1
                0x000000000800ba74       0x11 c:/st/stm32cubeide_1.5.0/stm32cubeide/plugins/com.st.stm32cube.ide.mcu.externaltools.gnu-tools-for-stm32.7-2018-q2-update.win32_1.5.0.202011040924/tools/bin/../lib/gcc/arm-none-eabi/7.3.1/../../../../arm-none-eabi/lib/thumb/v7e-m/fpv5/hard\libc_nano.a(lib_a-nano-vfprintf.o)
 .rodata._setlocale_r.str1.1
                0x000000000800ba85        0x8 c:/st/stm32cubeide_1.5.0/stm32cubeide/plugins/com.st.stm32cube.ide.mcu.externaltools.gnu-tools-for-stm32.7-2018-q2-update.win32_1.5.0.202011040924/tools/bin/../lib/gcc/arm-none-eabi/7.3.1/../../../../arm-none-eabi/lib/thumb/v7e-m/fpv5/hard\libc_nano.a(lib_a-locale.o)
                                          0x9 (size before relaxing)
 .rodata.str1.1
                0x000000000800ba8d        0x2 c:/st/stm32cubeide_1.5.0/stm32cubeide/plugins/com.st.stm32cube.ide.mcu.externaltools.gnu-tools-for-stm32.7-2018-q2-update.win32_1.5.0.202011040924/tools/bin/../lib/gcc/arm-none-eabi/7.3.1/../../../../arm-none-eabi/lib/thumb/v7e-m/fpv5/hard\libc_nano.a(lib_a-locale.o)
 .rodata._ctype_
                0x000000000800ba8f      0x101 c:/st/stm32cubeide_1.5.0/stm32cubeide/plugins/com.st.stm32cube.ide.mcu.externaltools.gnu-tools-for-stm32.7-2018-q2-update.win32_1.5.0.202011040924/tools/bin/../lib/gcc/arm-none-eabi/7.3.1/../../../../arm-none-eabi/lib/thumb/v7e-m/fpv5/hard\libc_nano.a(lib_a-ctype_.o)
                0x000000000800ba8f                _ctype_
                0x000000000800bb90                . = ALIGN (0x4)

.ARM.extab      0x000000000800bb90        0x0
                0x000000000800bb90                . = ALIGN (0x4)
 *(.ARM.extab* .gnu.linkonce.armextab.*)
                0x000000000800bb90                . = ALIGN (0x4)

.ARM            0x000000000800bb90        0x8
                0x000000000800bb90                . = ALIGN (0x4)
                0x000000000800bb90                __exidx_start = .
 *(.ARM.exidx*)
 .ARM.exidx     0x000000000800bb90        0x8 c:/st/stm32cubeide_1.5.0/stm32cubeide/plugins/com.st.stm32cube.ide.mcu.externaltools.gnu-tools-for-stm32.7-2018-q2-update.win32_1.5.0.202011040924/tools/bin/../lib/gcc/arm-none-eabi/7.3.1/thumb/v7e-m/fpv5/hard\libgcc.a(_udivmoddi4.o)
                0x000000000800bb98                __exidx_end = .
                0x000000000800bb98                . = ALIGN (0x4)

.rel.dyn        0x000000000800bb98        0x0
 .rel.iplt      0x000000000800bb98        0x0 c:/st/stm32cubeide_1.5.0/stm32cubeide/plugins/com.st.stm32cube.ide.mcu.externaltools.gnu-tools-for-stm32.7-2018-q2-update.win32_1.5.0.202011040924/tools/bin/../lib/gcc/arm-none-eabi/7.3.1/thumb/v7e-m/fpv5/hard/crtbegin.o

.preinit_array  0x000000000800bb98        0x0
                0x000000000800bb98                . = ALIGN (0x4)
                0x000000000800bb98                PROVIDE (__preinit_array_start = .)
 *(.preinit_array*)
                0x000000000800bb98                PROVIDE (__preinit_array_end = .)
                0x000000000800bb98                . = ALIGN (0x4)

.init_array     0x000000000800bb98        0x4
                0x000000000800bb98                . = ALIGN (0x4)
                0x000000000800bb98                PROVIDE (__init_array_start = .)
 *(SORT_BY_NAME(.init_array.*))
 *(.init_array*)
 .init_array    0x000000000800bb98        0x4 c:/st/stm32cubeide_1.5.0/stm32cubeide/plugins/com.st.stm32cube.ide.mcu.externaltools.gnu-tools-for-stm32.7-2018-q2-update.win32_1.5.0.202011040924/tools/bin/../lib/gcc/arm-none-eabi/7.3.1/thumb/v7e-m/fpv5/hard/crtbegin.o
                0x000000000800bb9c                PROVIDE (__init_array_end = .)
                0x000000000800bb9c                . = ALIGN (0x4)

.fini_array     0x000000000800bb9c        0x4
                0x000000000800bb9c                . = ALIGN (0x4)
                [!provide]                        PROVIDE (__fini_array_start = .)
 *(SORT_BY_NAME(.fini_array.*))
 *(.fini_array*)
 .fini_array    0x000000000800bb9c        0x4 c:/st/stm32cubeide_1.5.0/stm32cubeide/plugins/com.st.stm32cube.ide.mcu.externaltools.gnu-tools-for-stm32.7-2018-q2-update.win32_1.5.0.202011040924/tools/bin/../lib/gcc/arm-none-eabi/7.3.1/thumb/v7e-m/fpv5/hard/crtbegin.o
                [!provide]                        PROVIDE (__fini_array_end = .)
                0x000000000800bba0                . = ALIGN (0x4)
                0x000000000800bba0                _sidata = LOADADDR (.data)

.data           0x0000000020000000      0x1f8 load address 0x000000000800bba0
                0x0000000020000000                . = ALIGN (0x4)
                0x0000000020000000                _sdata = .
 *(.data)
 *(.data*)
 .data.accelScale
                0x0000000020000000        0x2 Core/Src/bno055.o
                0x0000000020000000                accelScale
 .data.angularRateScale
                0x0000000020000002        0x2 Core/Src/bno055.o
                0x0000000020000002                angularRateScale
 .data.eulerScale
                0x0000000020000004        0x2 Core/Src/bno055.o
                0x0000000020000004                eulerScale
 .data.magScale
                0x0000000020000006        0x2 Core/Src/bno055.o
                0x0000000020000006                magScale
 .data.quaScale
                0x0000000020000008        0x2 Core/Src/bno055.o
                0x0000000020000008                quaScale
 .data.cnt_offset
                0x000000002000000a        0x2 Core/Src/main.o
                0x000000002000000a                cnt_offset
 .data.rsl      0x000000002000000c        0x4 Core/Src/main.o
                0x000000002000000c                rsl
 .data.phi_res  0x0000000020000010        0x4 Core/Src/main.o
                0x0000000020000010                phi_res
 .data.yaw_initial
                0x0000000020000014        0x4 Core/Src/main.o
                0x0000000020000014                yaw_initial
 .data.G_notch1
                0x0000000020000018        0x4 Core/Src/main.o
                0x0000000020000018                G_notch1
 .data.SystemCoreClock
                0x000000002000001c        0x4 Core/Src/system_stm32f7xx.o
                0x000000002000001c                SystemCoreClock
 .data.uwTickPrio
                0x0000000020000020        0x4 Drivers/STM32F7xx_HAL_Driver/Src/stm32f7xx_hal.o
                0x0000000020000020                uwTickPrio
 .data.uwTickFreq
                0x0000000020000024        0x1 Drivers/STM32F7xx_HAL_Driver/Src/stm32f7xx_hal.o
                0x0000000020000024                uwTickFreq
 *fill*         0x0000000020000025        0x3 
 .data._impure_ptr
                0x0000000020000028        0x4 c:/st/stm32cubeide_1.5.0/stm32cubeide/plugins/com.st.stm32cube.ide.mcu.externaltools.gnu-tools-for-stm32.7-2018-q2-update.win32_1.5.0.202011040924/tools/bin/../lib/gcc/arm-none-eabi/7.3.1/../../../../arm-none-eabi/lib/thumb/v7e-m/fpv5/hard\libc_nano.a(lib_a-impure.o)
                0x0000000020000028                _impure_ptr
 .data.impure_data
                0x000000002000002c       0x60 c:/st/stm32cubeide_1.5.0/stm32cubeide/plugins/com.st.stm32cube.ide.mcu.externaltools.gnu-tools-for-stm32.7-2018-q2-update.win32_1.5.0.202011040924/tools/bin/../lib/gcc/arm-none-eabi/7.3.1/../../../../arm-none-eabi/lib/thumb/v7e-m/fpv5/hard\libc_nano.a(lib_a-impure.o)
 .data.__global_locale
                0x000000002000008c      0x16c c:/st/stm32cubeide_1.5.0/stm32cubeide/plugins/com.st.stm32cube.ide.mcu.externaltools.gnu-tools-for-stm32.7-2018-q2-update.win32_1.5.0.202011040924/tools/bin/../lib/gcc/arm-none-eabi/7.3.1/../../../../arm-none-eabi/lib/thumb/v7e-m/fpv5/hard\libc_nano.a(lib_a-locale.o)
                0x000000002000008c                __global_locale
                0x00000000200001f8                . = ALIGN (0x4)
                0x00000000200001f8                _edata = .

.igot.plt       0x00000000200001f8        0x0 load address 0x000000000800bd98
 .igot.plt      0x00000000200001f8        0x0 c:/st/stm32cubeide_1.5.0/stm32cubeide/plugins/com.st.stm32cube.ide.mcu.externaltools.gnu-tools-for-stm32.7-2018-q2-update.win32_1.5.0.202011040924/tools/bin/../lib/gcc/arm-none-eabi/7.3.1/thumb/v7e-m/fpv5/hard/crtbegin.o
                0x00000000200001f8                . = ALIGN (0x4)

.bss            0x00000000200001f8    0x306bc load address 0x000000000800bd98
                0x00000000200001f8                _sbss = .
                0x00000000200001f8                __bss_start__ = _sbss
 *(.bss)
 .bss           0x00000000200001f8       0x1c c:/st/stm32cubeide_1.5.0/stm32cubeide/plugins/com.st.stm32cube.ide.mcu.externaltools.gnu-tools-for-stm32.7-2018-q2-update.win32_1.5.0.202011040924/tools/bin/../lib/gcc/arm-none-eabi/7.3.1/thumb/v7e-m/fpv5/hard/crtbegin.o
 *(.bss*)
 .bss.t         0x0000000020000214        0x4 Core/Src/main.o
                0x0000000020000214                t
 .bss.loop      0x0000000020000218        0x2 Core/Src/main.o
                0x0000000020000218                loop
 .bss.mode      0x000000002000021a        0x1 Core/Src/main.o
                0x000000002000021a                mode
 .bss.divide    0x000000002000021b        0x1 Core/Src/main.o
                0x000000002000021b                divide
 .bss.isFirst   0x000000002000021c        0x1 Core/Src/main.o
                0x000000002000021c                isFirst
 *fill*         0x000000002000021d        0x1 
 .bss.cnt1      0x000000002000021e        0x2 Core/Src/main.o
                0x000000002000021e                cnt1
 .bss.cnt2      0x0000000020000220        0x2 Core/Src/main.o
                0x0000000020000220                cnt2
 .bss.cnt3      0x0000000020000222        0x2 Core/Src/main.o
                0x0000000020000222                cnt3
 .bss.cnt4      0x0000000020000224        0x2 Core/Src/main.o
                0x0000000020000224                cnt4
 .bss.cnt1_pre  0x0000000020000226        0x2 Core/Src/main.o
                0x0000000020000226                cnt1_pre
 .bss.cnt2_pre  0x0000000020000228        0x2 Core/Src/main.o
                0x0000000020000228                cnt2_pre
 .bss.cnt3_pre  0x000000002000022a        0x2 Core/Src/main.o
                0x000000002000022a                cnt3_pre
 .bss.cnt4_pre  0x000000002000022c        0x2 Core/Src/main.o
                0x000000002000022c                cnt4_pre
 .bss.digit1    0x000000002000022e        0x1 Core/Src/main.o
                0x000000002000022e                digit1
 .bss.digit2    0x000000002000022f        0x1 Core/Src/main.o
                0x000000002000022f                digit2
 .bss.digit3    0x0000000020000230        0x1 Core/Src/main.o
                0x0000000020000230                digit3
 .bss.digit4    0x0000000020000231        0x1 Core/Src/main.o
                0x0000000020000231                digit4
 .bss.direc1    0x0000000020000232        0x1 Core/Src/main.o
                0x0000000020000232                direc1
 .bss.direc2    0x0000000020000233        0x1 Core/Src/main.o
                0x0000000020000233                direc2
 .bss.direc3    0x0000000020000234        0x1 Core/Src/main.o
                0x0000000020000234                direc3
 .bss.direc4    0x0000000020000235        0x1 Core/Src/main.o
                0x0000000020000235                direc4
 *fill*         0x0000000020000236        0x2 
 .bss.theta1_res
                0x0000000020000238        0x4 Core/Src/main.o
                0x0000000020000238                theta1_res
 .bss.theta2_res
                0x000000002000023c        0x4 Core/Src/main.o
                0x000000002000023c                theta2_res
 .bss.theta3_res
                0x0000000020000240        0x4 Core/Src/main.o
                0x0000000020000240                theta3_res
 .bss.theta4_res
                0x0000000020000244        0x4 Core/Src/main.o
                0x0000000020000244                theta4_res
 .bss.theta1_res_pre
                0x0000000020000248        0x4 Core/Src/main.o
                0x0000000020000248                theta1_res_pre
 .bss.theta2_res_pre
                0x000000002000024c        0x4 Core/Src/main.o
                0x000000002000024c                theta2_res_pre
 .bss.theta3_res_pre
                0x0000000020000250        0x4 Core/Src/main.o
                0x0000000020000250                theta3_res_pre
 .bss.theta4_res_pre
                0x0000000020000254        0x4 Core/Src/main.o
                0x0000000020000254                theta4_res_pre
 .bss.dtheta1_res
                0x0000000020000258        0x4 Core/Src/main.o
                0x0000000020000258                dtheta1_res
 .bss.dtheta2_res
                0x000000002000025c        0x4 Core/Src/main.o
                0x000000002000025c                dtheta2_res
 .bss.dtheta3_res
                0x0000000020000260        0x4 Core/Src/main.o
                0x0000000020000260                dtheta3_res
 .bss.dtheta4_res
                0x0000000020000264        0x4 Core/Src/main.o
                0x0000000020000264                dtheta4_res
 .bss.dtheta1_res_pre
                0x0000000020000268        0x4 Core/Src/main.o
                0x0000000020000268                dtheta1_res_pre
 .bss.dtheta2_res_pre
                0x000000002000026c        0x4 Core/Src/main.o
                0x000000002000026c                dtheta2_res_pre
 .bss.dtheta3_res_pre
                0x0000000020000270        0x4 Core/Src/main.o
                0x0000000020000270                dtheta3_res_pre
 .bss.dtheta4_res_pre
                0x0000000020000274        0x4 Core/Src/main.o
                0x0000000020000274                dtheta4_res_pre
 .bss.ddtheta1_ref
                0x0000000020000278        0x4 Core/Src/main.o
                0x0000000020000278                ddtheta1_ref
 .bss.ddtheta2_ref
                0x000000002000027c        0x4 Core/Src/main.o
                0x000000002000027c                ddtheta2_ref
 .bss.ddtheta3_ref
                0x0000000020000280        0x4 Core/Src/main.o
                0x0000000020000280                ddtheta3_ref
 .bss.ddtheta4_ref
                0x0000000020000284        0x4 Core/Src/main.o
                0x0000000020000284                ddtheta4_ref
 .bss.i1_ref    0x0000000020000288        0x4 Core/Src/main.o
                0x0000000020000288                i1_ref
 .bss.i2_ref    0x000000002000028c        0x4 Core/Src/main.o
                0x000000002000028c                i2_ref
 .bss.i3_ref    0x0000000020000290        0x4 Core/Src/main.o
                0x0000000020000290                i3_ref
 .bss.i4_ref    0x0000000020000294        0x4 Core/Src/main.o
                0x0000000020000294                i4_ref
 .bss.ia1_ref   0x0000000020000298        0x4 Core/Src/main.o
                0x0000000020000298                ia1_ref
 .bss.ia2_ref   0x000000002000029c        0x4 Core/Src/main.o
                0x000000002000029c                ia2_ref
 .bss.ia3_ref   0x00000000200002a0        0x4 Core/Src/main.o
                0x00000000200002a0                ia3_ref
 .bss.ia4_ref   0x00000000200002a4        0x4 Core/Src/main.o
                0x00000000200002a4                ia4_ref
 .bss.ia1_ref_pre
                0x00000000200002a8        0x4 Core/Src/main.o
                0x00000000200002a8                ia1_ref_pre
 .bss.ia2_ref_pre
                0x00000000200002ac        0x4 Core/Src/main.o
                0x00000000200002ac                ia2_ref_pre
 .bss.ia3_ref_pre
                0x00000000200002b0        0x4 Core/Src/main.o
                0x00000000200002b0                ia3_ref_pre
 .bss.ia4_ref_pre
                0x00000000200002b4        0x4 Core/Src/main.o
                0x00000000200002b4                ia4_ref_pre
 .bss.PWM1      0x00000000200002b8        0x2 Core/Src/main.o
                0x00000000200002b8                PWM1
 .bss.PWM2      0x00000000200002ba        0x2 Core/Src/main.o
                0x00000000200002ba                PWM2
 .bss.PWM3      0x00000000200002bc        0x2 Core/Src/main.o
                0x00000000200002bc                PWM3
 .bss.PWM4      0x00000000200002be        0x2 Core/Src/main.o
                0x00000000200002be                PWM4
 .bss.vx_cmd    0x00000000200002c0        0x4 Core/Src/main.o
                0x00000000200002c0                vx_cmd
 .bss.vy_cmd    0x00000000200002c4        0x4 Core/Src/main.o
                0x00000000200002c4                vy_cmd
 .bss.dphi_cmd  0x00000000200002c8        0x4 Core/Src/main.o
                0x00000000200002c8                dphi_cmd
 .bss.vx_res    0x00000000200002cc        0x4 Core/Src/main.o
                0x00000000200002cc                vx_res
 .bss.vy_res    0x00000000200002d0        0x4 Core/Src/main.o
                0x00000000200002d0                vy_res
 .bss.dphi_res  0x00000000200002d4        0x4 Core/Src/main.o
                0x00000000200002d4                dphi_res
 .bss.x_res     0x00000000200002d8        0x4 Core/Src/main.o
                0x00000000200002d8                x_res
 .bss.y_res     0x00000000200002dc        0x4 Core/Src/main.o
                0x00000000200002dc                y_res
 .bss.ddx_ref   0x00000000200002e0        0x4 Core/Src/main.o
                0x00000000200002e0                ddx_ref
 .bss.ddy_ref   0x00000000200002e4        0x4 Core/Src/main.o
                0x00000000200002e4                ddy_ref
 .bss.ddphi_ref
                0x00000000200002e8        0x4 Core/Src/main.o
                0x00000000200002e8                ddphi_ref
 .bss.fd1_ref   0x00000000200002ec        0x4 Core/Src/main.o
                0x00000000200002ec                fd1_ref
 .bss.fd2_ref   0x00000000200002f0        0x4 Core/Src/main.o
                0x00000000200002f0                fd2_ref
 .bss.fd3_ref   0x00000000200002f4        0x4 Core/Src/main.o
                0x00000000200002f4                fd3_ref
 .bss.fd4_ref   0x00000000200002f8        0x4 Core/Src/main.o
                0x00000000200002f8                fd4_ref
 .bss.Ki_df_integral1
                0x00000000200002fc        0x4 Core/Src/main.o
                0x00000000200002fc                Ki_df_integral1
 .bss.Ki_df_integral2
                0x0000000020000300        0x4 Core/Src/main.o
                0x0000000020000300                Ki_df_integral2
 .bss.Ki_df_integral3
                0x0000000020000304        0x4 Core/Src/main.o
                0x0000000020000304                Ki_df_integral3
 .bss.Ki_df_integral4
                0x0000000020000308        0x4 Core/Src/main.o
                0x0000000020000308                Ki_df_integral4
 .bss.tau_dob1  0x000000002000030c        0x4 Core/Src/main.o
                0x000000002000030c                tau_dob1
 .bss.tau_dob2  0x0000000020000310        0x4 Core/Src/main.o
                0x0000000020000310                tau_dob2
 .bss.tau_dob3  0x0000000020000314        0x4 Core/Src/main.o
                0x0000000020000314                tau_dob3
 .bss.tau_dob4  0x0000000020000318        0x4 Core/Src/main.o
                0x0000000020000318                tau_dob4
 .bss.tau_dob1_pre
                0x000000002000031c        0x4 Core/Src/main.o
                0x000000002000031c                tau_dob1_pre
 .bss.tau_dob2_pre
                0x0000000020000320        0x4 Core/Src/main.o
                0x0000000020000320                tau_dob2_pre
 .bss.tau_dob3_pre
                0x0000000020000324        0x4 Core/Src/main.o
                0x0000000020000324                tau_dob3_pre
 .bss.tau_dob4_pre
                0x0000000020000328        0x4 Core/Src/main.o
                0x0000000020000328                tau_dob4_pre
 .bss.i1_comp   0x000000002000032c        0x4 Core/Src/main.o
                0x000000002000032c                i1_comp
 .bss.i2_comp   0x0000000020000330        0x4 Core/Src/main.o
                0x0000000020000330                i2_comp
 .bss.i3_comp   0x0000000020000334        0x4 Core/Src/main.o
                0x0000000020000334                i3_comp
 .bss.i4_comp   0x0000000020000338        0x4 Core/Src/main.o
                0x0000000020000338                i4_comp
 .bss.tau_dfob1
                0x000000002000033c        0x4 Core/Src/main.o
                0x000000002000033c                tau_dfob1
 .bss.tau_dfob2
                0x0000000020000340        0x4 Core/Src/main.o
                0x0000000020000340                tau_dfob2
 .bss.tau_dfob3
                0x0000000020000344        0x4 Core/Src/main.o
                0x0000000020000344                tau_dfob3
 .bss.tau_dfob4
                0x0000000020000348        0x4 Core/Src/main.o
                0x0000000020000348                tau_dfob4
 .bss.tau_dfob1_pre
                0x000000002000034c        0x4 Core/Src/main.o
                0x000000002000034c                tau_dfob1_pre
 .bss.tau_dfob2_pre
                0x0000000020000350        0x4 Core/Src/main.o
                0x0000000020000350                tau_dfob2_pre
 .bss.tau_dfob3_pre
                0x0000000020000354        0x4 Core/Src/main.o
                0x0000000020000354                tau_dfob3_pre
 .bss.tau_dfob4_pre
                0x0000000020000358        0x4 Core/Src/main.o
                0x0000000020000358                tau_dfob4_pre
 .bss.integral_tau_dfob1
                0x000000002000035c        0x4 Core/Src/main.o
                0x000000002000035c                integral_tau_dfob1
 .bss.integral_tau_dfob2
                0x0000000020000360        0x4 Core/Src/main.o
                0x0000000020000360                integral_tau_dfob2
 .bss.integral_tau_dfob3
                0x0000000020000364        0x4 Core/Src/main.o
                0x0000000020000364                integral_tau_dfob3
 .bss.integral_tau_dfob4
                0x0000000020000368        0x4 Core/Src/main.o
                0x0000000020000368                integral_tau_dfob4
 .bss.fd_hat1   0x000000002000036c        0x4 Core/Src/main.o
                0x000000002000036c                fd_hat1
 .bss.fd_hat2   0x0000000020000370        0x4 Core/Src/main.o
                0x0000000020000370                fd_hat2
 .bss.fd_hat3   0x0000000020000374        0x4 Core/Src/main.o
                0x0000000020000374                fd_hat3
 .bss.fd_hat4   0x0000000020000378        0x4 Core/Src/main.o
                0x0000000020000378                fd_hat4
 .bss.fx_hat    0x000000002000037c        0x4 Core/Src/main.o
                0x000000002000037c                fx_hat
 .bss.fy_hat    0x0000000020000380        0x4 Core/Src/main.o