Archive member included to satisfy reference by file (symbol)

c:/st/stm32cubeide_1.4.0/stm32cubeide/plugins/com.st.stm32cube.ide.mcu.externaltools.gnu-tools-for-stm32.7-2018-q2-update.win32_1.5.0.202011040924/tools/bin/../lib/gcc/arm-none-eabi/7.3.1/../../../../arm-none-eabi/lib/thumb/v7e-m/fpv5/hard\libc_nano.a(lib_a-errno.o)
                              Core/Src/syscalls.o (__errno)
c:/st/stm32cubeide_1.4.0/stm32cubeide/plugins/com.st.stm32cube.ide.mcu.externaltools.gnu-tools-for-stm32.7-2018-q2-update.win32_1.5.0.202011040924/tools/bin/../lib/gcc/arm-none-eabi/7.3.1/../../../../arm-none-eabi/lib/thumb/v7e-m/fpv5/hard\libc_nano.a(lib_a-exit.o)
                              c:/st/stm32cubeide_1.4.0/stm32cubeide/plugins/com.st.stm32cube.ide.mcu.externaltools.gnu-tools-for-stm32.7-2018-q2-update.win32_1.5.0.202011040924/tools/bin/../lib/gcc/arm-none-eabi/7.3.1/../../../../arm-none-eabi/lib/thumb/v7e-m/fpv5/hard/crt0.o (exit)
c:/st/stm32cubeide_1.4.0/stm32cubeide/plugins/com.st.stm32cube.ide.mcu.externaltools.gnu-tools-for-stm32.7-2018-q2-update.win32_1.5.0.202011040924/tools/bin/../lib/gcc/arm-none-eabi/7.3.1/../../../../arm-none-eabi/lib/thumb/v7e-m/fpv5/hard\libc_nano.a(lib_a-impure.o)
                              c:/st/stm32cubeide_1.4.0/stm32cubeide/plugins/com.st.stm32cube.ide.mcu.externaltools.gnu-tools-for-stm32.7-2018-q2-update.win32_1.5.0.202011040924/tools/bin/../lib/gcc/arm-none-eabi/7.3.1/../../../../arm-none-eabi/lib/thumb/v7e-m/fpv5/hard\libc_nano.a(lib_a-exit.o) (_global_impure_ptr)
c:/st/stm32cubeide_1.4.0/stm32cubeide/plugins/com.st.stm32cube.ide.mcu.externaltools.gnu-tools-for-stm32.7-2018-q2-update.win32_1.5.0.202011040924/tools/bin/../lib/gcc/arm-none-eabi/7.3.1/../../../../arm-none-eabi/lib/thumb/v7e-m/fpv5/hard\libc_nano.a(lib_a-init.o)
                              c:/st/stm32cubeide_1.4.0/stm32cubeide/plugins/com.st.stm32cube.ide.mcu.externaltools.gnu-tools-for-stm32.7-2018-q2-update.win32_1.5.0.202011040924/tools/bin/../lib/gcc/arm-none-eabi/7.3.1/../../../../arm-none-eabi/lib/thumb/v7e-m/fpv5/hard/crt0.o (__libc_init_array)
c:/st/stm32cubeide_1.4.0/stm32cubeide/plugins/com.st.stm32cube.ide.mcu.externaltools.gnu-tools-for-stm32.7-2018-q2-update.win32_1.5.0.202011040924/tools/bin/../lib/gcc/arm-none-eabi/7.3.1/../../../../arm-none-eabi/lib/thumb/v7e-m/fpv5/hard\libc_nano.a(lib_a-memset.o)
                              c:/st/stm32cubeide_1.4.0/stm32cubeide/plugins/com.st.stm32cube.ide.mcu.externaltools.gnu-tools-for-stm32.7-2018-q2-update.win32_1.5.0.202011040924/tools/bin/../lib/gcc/arm-none-eabi/7.3.1/../../../../arm-none-eabi/lib/thumb/v7e-m/fpv5/hard/crt0.o (memset)
c:/st/stm32cubeide_1.4.0/stm32cubeide/plugins/com.st.stm32cube.ide.mcu.externaltools.gnu-tools-for-stm32.7-2018-q2-update.win32_1.5.0.202011040924/tools/bin/../lib/gcc/arm-none-eabi/7.3.1/../../../../arm-none-eabi/lib/thumb/v7e-m/fpv5/hard\libc_nano.a(lib_a-nano-vfprintf_float.o)
                              (_printf_float)
c:/st/stm32cubeide_1.4.0/stm32cubeide/plugins/com.st.stm32cube.ide.mcu.externaltools.gnu-tools-for-stm32.7-2018-q2-update.win32_1.5.0.202011040924/tools/bin/../lib/gcc/arm-none-eabi/7.3.1/../../../../arm-none-eabi/lib/thumb/v7e-m/fpv5/hard\libc_nano.a(lib_a-nano-vfprintf_i.o)
                              c:/st/stm32cubeide_1.4.0/stm32cubeide/plugins/com.st.stm32cube.ide.mcu.externaltools.gnu-tools-for-stm32.7-2018-q2-update.win32_1.5.0.202011040924/tools/bin/../lib/gcc/arm-none-eabi/7.3.1/../../../../arm-none-eabi/lib/thumb/v7e-m/fpv5/hard\libc_nano.a(lib_a-nano-vfprintf_float.o) (_printf_common)
c:/st/stm32cubeide_1.4.0/stm32cubeide/plugins/com.st.stm32cube.ide.mcu.externaltools.gnu-tools-for-stm32.7-2018-q2-update.win32_1.5.0.202011040924/tools/bin/../lib/gcc/arm-none-eabi/7.3.1/../../../../arm-none-eabi/lib/thumb/v7e-m/fpv5/hard\libc_nano.a(lib_a-printf.o)
                              Core/Src/main.o (printf)
c:/st/stm32cubeide_1.4.0/stm32cubeide/plugins/com.st.stm32cube.ide.mcu.externaltools.gnu-tools-for-stm32.7-2018-q2-update.win32_1.5.0.202011040924/tools/bin/../lib/gcc/arm-none-eabi/7.3.1/../../../../arm-none-eabi/lib/thumb/v7e-m/fpv5/hard\libc_nano.a(lib_a-puts.o)
                              Core/Src/main.o (puts)
c:/st/stm32cubeide_1.4.0/stm32cubeide/plugins/com.st.stm32cube.ide.mcu.externaltools.gnu-tools-for-stm32.7-2018-q2-update.win32_1.5.0.202011040924/tools/bin/../lib/gcc/arm-none-eabi/7.3.1/../../../../arm-none-eabi/lib/thumb/v7e-m/fpv5/hard\libc_nano.a(lib_a-strlen.o)
                              c:/st/stm32cubeide_1.4.0/stm32cubeide/plugins/com.st.stm32cube.ide.mcu.externaltools.gnu-tools-for-stm32.7-2018-q2-update.win32_1.5.0.202011040924/tools/bin/../lib/gcc/arm-none-eabi/7.3.1/../../../../arm-none-eabi/lib/thumb/v7e-m/fpv5/hard\libc_nano.a(lib_a-nano-vfprintf_float.o) (strlen)
[...]
Memory Configuration

Name             Origin             Length             Attributes
RAM              0x0000000020000000 0x0000000000080000 xrw
FLASH            0x0000000008000000 0x0000000000200000 xr
*default*        0x0000000000000000 0xffffffffffffffff

Linker script and memory map

LOAD c:/st/stm32cubeide_1.4.0/stm32cubeide/plugins/com.st.stm32cube.ide.mcu.externaltools.gnu-tools-for-stm32.7-2018-q2-update.win32_1.5.0.202011040924/tools/bin/../lib/gcc/arm-none-eabi/7.3.1/thumb/v7e-m/fpv5/hard/crti.o
LOAD c:/st/stm32cubeide_1.4.0/stm32cubeide/plugins/com.st.stm32cube.ide.mcu.externaltools.gnu-tools-for-stm32.7-2018-q2-update.win32_1.5.0.202011040924/tools/bin/../lib/gcc/arm-none-eabi/7.3.1/thumb/v7e-m/fpv5/hard/crtbegin.o
LOAD c:/st/stm32cubeide_1.4.0/stm32cubeide/plugins/com.st.stm32cube.ide.mcu.externaltools.gnu-tools-for-stm32.7-2018-q2-update.win32_1.5.0.202011040924/tools/bin/../lib/gcc/arm-none-eabi/7.3.1/../../../../arm-none-eabi/lib/thumb/v7e-m/fpv5/hard/crt0.o
LOAD Core/Src/main.o
LOAD Core/Src/stm32f7xx_hal_msp.o
LOAD Core/Src/stm32f7xx_it.o
LOAD Core/Src/syscalls.o
LOAD Core/Src/sysmem.o
LOAD Core/Src/system_stm32f7xx.o
LOAD Core/Startup/startup_stm32f767zitx.o
LOAD Drivers/STM32F7xx_HAL_Driver/Src/stm32f7xx_hal.o
LOAD Drivers/STM32F7xx_HAL_Driver/Src/stm32f7xx_hal_cortex.o
LOAD Drivers/STM32F7xx_HAL_Driver/Src/stm32f7xx_hal_dma.o
LOAD Drivers/STM32F7xx_HAL_Driver/Src/stm32f7xx_hal_dma_ex.o
LOAD Drivers/STM32F7xx_HAL_Driver/Src/stm32f7xx_hal_exti.o
LOAD Drivers/STM32F7xx_HAL_Driver/Src/stm32f7xx_hal_flash.o
LOAD Drivers/STM32F7xx_HAL_Driver/Src/stm32f7xx_hal_flash_ex.o
LOAD Drivers/STM32F7xx_HAL_Driver/Src/stm32f7xx_hal_gpio.o
LOAD Drivers/STM32F7xx_HAL_Driver/Src/stm32f7xx_hal_i2c.o
LOAD Drivers/STM32F7xx_HAL_Driver/Src/stm32f7xx_hal_i2c_ex.o
LOAD Drivers/STM32F7xx_HAL_Driver/Src/stm32f7xx_hal_pcd.o
LOAD Drivers/STM32F7xx_HAL_Driver/Src/stm32f7xx_hal_pcd_ex.o
LOAD Drivers/STM32F7xx_HAL_Driver/Src/stm32f7xx_hal_pwr.o
LOAD Drivers/STM32F7xx_HAL_Driver/Src/stm32f7xx_hal_pwr_ex.o
LOAD Drivers/STM32F7xx_HAL_Driver/Src/stm32f7xx_hal_rcc.o
LOAD Drivers/STM32F7xx_HAL_Driver/Src/stm32f7xx_hal_rcc_ex.o
LOAD Drivers/STM32F7xx_HAL_Driver/Src/stm32f7xx_hal_tim.o
LOAD Drivers/STM32F7xx_HAL_Driver/Src/stm32f7xx_hal_tim_ex.o
LOAD Drivers/STM32F7xx_HAL_Driver/Src/stm32f7xx_hal_uart.o
LOAD Drivers/STM32F7xx_HAL_Driver/Src/stm32f7xx_hal_uart_ex.o
LOAD Drivers/STM32F7xx_HAL_Driver/Src/stm32f7xx_ll_usb.o
START GROUP
LOAD c:/st/stm32cubeide_1.4.0/stm32cubeide/plugins/com.st.stm32cube.ide.mcu.externaltools.gnu-tools-for-stm32.7-2018-q2-update.win32_1.5.0.202011040924/tools/bin/../lib/gcc/arm-none-eabi/7.3.1/../../../../arm-none-eabi/lib/thumb/v7e-m/fpv5/hard\libc_nano.a
LOAD c:/st/stm32cubeide_1.4.0/stm32cubeide/plugins/com.st.stm32cube.ide.mcu.externaltools.gnu-tools-for-stm32.7-2018-q2-update.win32_1.5.0.202011040924/tools/bin/../lib/gcc/arm-none-eabi/7.3.1/../../../../arm-none-eabi/lib/thumb/v7e-m/fpv5/hard\libm.a
END GROUP
START GROUP
LOAD c:/st/stm32cubeide_1.4.0/stm32cubeide/plugins/com.st.stm32cube.ide.mcu.externaltools.gnu-tools-for-stm32.7-2018-q2-update.win32_1.5.0.202011040924/tools/bin/../lib/gcc/arm-none-eabi/7.3.1/thumb/v7e-m/fpv5/hard\libgcc.a
LOAD c:/st/stm32cubeide_1.4.0/stm32cubeide/plugins/com.st.stm32cube.ide.mcu.externaltools.gnu-tools-for-stm32.7-2018-q2-update.win32_1.5.0.202011040924/tools/bin/../lib/gcc/arm-none-eabi/7.3.1/../../../../arm-none-eabi/lib/thumb/v7e-m/fpv5/hard\libc_nano.a
END GROUP
START GROUP
LOAD c:/st/stm32cubeide_1.4.0/stm32cubeide/plugins/com.st.stm32cube.ide.mcu.externaltools.gnu-tools-for-stm32.7-2018-q2-update.win32_1.5.0.202011040924/tools/bin/../lib/gcc/arm-none-eabi/7.3.1/thumb/v7e-m/fpv5/hard\libgcc.a
LOAD c:/st/stm32cubeide_1.4.0/stm32cubeide/plugins/com.st.stm32cube.ide.mcu.externaltools.gnu-tools-for-stm32.7-2018-q2-update.win32_1.5.0.202011040924/tools/bin/../lib/gcc/arm-none-eabi/7.3.1/../../../../arm-none-eabi/lib/thumb/v7e-m/fpv5/hard\libc_nano.a
LOAD c:/st/stm32cubeide_1.4.0/stm32cubeide/plugins/com.st.stm32cube.ide.mcu.externaltools.gnu-tools-for-stm32.7-2018-q2-update.win32_1.5.0.202011040924/tools/bin/../lib/gcc/arm-none-eabi/7.3.1/../../../../arm-none-eabi/lib/thumb/v7e-m/fpv5/hard\libnosys.a
END GROUP
START GROUP
LOAD c:/st/stm32cubeide_1.4.0/stm32cubeide/plugins/com.st.stm32cube.ide.mcu.externaltools.gnu-tools-for-stm32.7-2018-q2-update.win32_1.5.0.202011040924/tools/bin/../lib/gcc/arm-none-eabi/7.3.1/thumb/v7e-m/fpv5/hard\libgcc.a
LOAD c:/st/stm32cubeide_1.4.0/stm32cubeide/plugins/com.st.stm32cube.ide.mcu.externaltools.gnu-tools-for-stm32.7-2018-q2-update.win32_1.5.0.202011040924/tools/bin/../lib/gcc/arm-none-eabi/7.3.1/../../../../arm-none-eabi/lib/thumb/v7e-m/fpv5/hard\libc_nano.a
LOAD c:/st/stm32cubeide_1.4.0/stm32cubeide/plugins/com.st.stm32cube.ide.mcu.externaltools.gnu-tools-for-stm32.7-2018-q2-update.win32_1.5.0.202011040924/tools/bin/../lib/gcc/arm-none-eabi/7.3.1/../../../../arm-none-eabi/lib/thumb/v7e-m/fpv5/hard\libnosys.a
END GROUP
LOAD c:/st/stm32cubeide_1.4.0/stm32cubeide/plugins/com.st.stm32cube.ide.mcu.externaltools.gnu-tools-for-stm32.7-2018-q2-update.win32_1.5.0.202011040924/tools/bin/../lib/gcc/arm-none-eabi/7.3.1/thumb/v7e-m/fpv5/hard/crtend.o
LOAD c:/st/stm32cubeide_1.4.0/stm32cubeide/plugins/com.st.stm32cube.ide.mcu.externaltools.gnu-tools-for-stm32.7-2018-q2-update.win32_1.5.0.202011040924/tools/bin/../lib/gcc/arm-none-eabi/7.3.1/thumb/v7e-m/fpv5/hard/crtn.o
                0x0000000020080000                _estack = (ORIGIN (RAM) + LENGTH (RAM))
                0x0000000000000200                _Min_Heap_Size = 0x200
                0x0000000000000400                _Min_Stack_Size = 0x400

.isr_vector     0x0000000008000000      0x1f8
                0x0000000008000000                . = ALIGN (0x4)
 *(.isr_vector)
 .isr_vector    0x0000000008000000      0x1f8 Core/Startup/startup_stm32f767zitx.o
                0x0000000008000000                g_pfnVectors
                0x00000000080001f8                . = ALIGN (0x4)

.text           0x0000000008000200     0x9d44
                0x0000000008000200                . = ALIGN (0x4)
 *(.text)
 .text          0x0000000008000200       0x40 c:/st/stm32cubeide_1.4.0/stm32cubeide/plugins/com.st.stm32cube.ide.mcu.externaltools.gnu-tools-for-stm32.7-2018-q2-update.win32_1.5.0.202011040924/tools/bin/../lib/gcc/arm-none-eabi/7.3.1/thumb/v7e-m/fpv5/hard/crtbegin.o
 .text          0x0000000008000240       0x10 c:/st/stm32cubeide_1.4.0/stm32cubeide/plugins/com.st.stm32cube.ide.mcu.externaltools.gnu-tools-for-stm32.7-2018-q2-update.win32_1.5.0.202011040924/tools/bin/../lib/gcc/arm-none-eabi/7.3.1/../../../../arm-none-eabi/lib/thumb/v7e-m/fpv5/hard\libc_nano.a(lib_a-strlen.o)
                0x0000000008000240                strlen
 .text          0x0000000008000250       0xa0 c:/st/stm32cubeide_1.4.0/stm32cubeide/plugins/com.st.stm32cube.ide.mcu.externaltools.gnu-tools-for-stm32.7-2018-q2-update.win32_1.5.0.202011040924/tools/bin/../lib/gcc/arm-none-eabi/7.3.1/../../../../arm-none-eabi/lib/thumb/v7e-m/fpv5/hard\libc_nano.a(lib_a-memchr.o)
                0x0000000008000250                memchr
 .text          0x00000000080002f0       0x30 c:/st/stm32cubeide_1.4.0/stm32cubeide/plugins/com.st.stm32cube.ide.mcu.externaltools.gnu-tools-for-stm32.7-2018-q2-update.win32_1.5.0.202011040924/tools/bin/../lib/gcc/arm-none-eabi/7.3.1/thumb/v7e-m/fpv5/hard\libgcc.a(_aeabi_uldivmod.o)
                0x00000000080002f0                __aeabi_uldivmod
 .text          0x0000000008000320      0x2cc c:/st/stm32cubeide_1.4.0/stm32cubeide/plugins/com.st.stm32cube.ide.mcu.externaltools.gnu-tools-for-stm32.7-2018-q2-update.win32_1.5.0.202011040924/tools/bin/../lib/gcc/arm-none-eabi/7.3.1/thumb/v7e-m/fpv5/hard\libgcc.a(_udivmoddi4.o)
                0x0000000008000320                __udivmoddi4
 .text          0x00000000080005ec        0x4 c:/st/stm32cubeide_1.4.0/stm32cubeide/plugins/com.st.stm32cube.ide.mcu.externaltools.gnu-tools-for-stm32.7-2018-q2-update.win32_1.5.0.202011040924/tools/bin/../lib/gcc/arm-none-eabi/7.3.1/thumb/v7e-m/fpv5/hard\libgcc.a(_dvmd_tls.o)
                0x00000000080005ec                __aeabi_idiv0
                0x00000000080005ec                __aeabi_ldiv0
 *(.text*)
 .text.__io_putchar
                0x00000000080005f0       0x24 Core/Src/main.o
                0x00000000080005f0                __io_putchar
 *fill*         0x0000000008000614        0x4 
 .text.HAL_TIM_PeriodElapsedCallback
                0x0000000008000618     0x1d64 Core/Src/main.o
                0x0000000008000618                HAL_TIM_PeriodElapsedCallback
 .text.HAL_GPIO_EXTI_Callback
                0x000000000800237c      0x6e0 Core/Src/main.o
                0x000000000800237c                HAL_GPIO_EXTI_Callback
 .text.main     0x0000000008002a5c       0xe4 Core/Src/main.o
                0x0000000008002a5c                main
 .text.SystemClock_Config
                0x0000000008002b40      0x12c Core/Src/main.o
                0x0000000008002b40                SystemClock_Config
 .text.MX_TIM1_Init
                0x0000000008002c6c       0xb4 Core/Src/main.o
 .text.MX_TIM2_Init
                0x0000000008002d20       0x9c Core/Src/main.o
 .text.MX_TIM3_Init
                0x0000000008002dbc       0xac Core/Src/main.o
 .text.MX_TIM4_Init
                0x0000000008002e68       0xac Core/Src/main.o
 .text.MX_TIM5_Init
                0x0000000008002f14      0x104 Core/Src/main.o
 .text.MX_TIM8_Init
                0x0000000008003018       0xb4 Core/Src/main.o
 .text.MX_TIM9_Init
                0x00000000080030cc       0xdc Core/Src/main.o
 .text.MX_USART3_UART_Init
                0x00000000080031a8       0x60 Core/Src/main.o
 .text.MX_USB_OTG_FS_PCD_Init
                0x0000000008003208       0x5c Core/Src/main.o
 .text.MX_GPIO_Init
                0x0000000008003264      0x214 Core/Src/main.o
 .text.Error_Handler
                0x0000000008003478        0xe Core/Src/main.o
                0x0000000008003478                Error_Handler
 *fill*         0x0000000008003486        0x2 
 .text.HAL_MspInit
                0x0000000008003488       0x48 Core/Src/stm32f7xx_hal_msp.o
                0x0000000008003488                HAL_MspInit
 .text.HAL_TIM_Encoder_MspInit
                0x00000000080034d0      0x1f4 Core/Src/stm32f7xx_hal_msp.o
                0x00000000080034d0                HAL_TIM_Encoder_MspInit
 .text.HAL_TIM_Base_MspInit
                0x00000000080036c4       0x98 Core/Src/stm32f7xx_hal_msp.o
                0x00000000080036c4                HAL_TIM_Base_MspInit
 .text.HAL_TIM_MspPostInit
                0x000000000800375c       0xbc Core/Src/stm32f7xx_hal_msp.o
                0x000000000800375c                HAL_TIM_MspPostInit
 .text.HAL_UART_MspInit
                0x0000000008003818       0x88 Core/Src/stm32f7xx_hal_msp.o
                0x0000000008003818                HAL_UART_MspInit
 .text.HAL_PCD_MspInit
                0x00000000080038a0       0xb8 Core/Src/stm32f7xx_hal_msp.o
                0x00000000080038a0                HAL_PCD_MspInit
 .text.NMI_Handler
                0x0000000008003958        0xe Core/Src/stm32f7xx_it.o
                0x0000000008003958                NMI_Handler
 .text.HardFault_Handler
                0x0000000008003966        0x6 Core/Src/stm32f7xx_it.o
                0x0000000008003966                HardFault_Handler
 .text.MemManage_Handler
                0x000000000800396c        0x6 Core/Src/stm32f7xx_it.o
                0x000000000800396c                MemManage_Handler
 .text.BusFault_Handler
                0x0000000008003972        0x6 Core/Src/stm32f7xx_it.o
                0x0000000008003972                BusFault_Handler
 .text.UsageFault_Handler
                0x0000000008003978        0x6 Core/Src/stm32f7xx_it.o
                0x0000000008003978                UsageFault_Handler
 .text.SVC_Handler
                0x000000000800397e        0xe Core/Src/stm32f7xx_it.o
                0x000000000800397e                SVC_Handler
 .text.DebugMon_Handler
                0x000000000800398c        0xe Core/Src/stm32f7xx_it.o
                0x000000000800398c                DebugMon_Handler
 .text.PendSV_Handler
                0x000000000800399a        0xe Core/Src/stm32f7xx_it.o
                0x000000000800399a                PendSV_Handler
 .text.SysTick_Handler
                0x00000000080039a8        0xc Core/Src/stm32f7xx_it.o
                0x00000000080039a8                SysTick_Handler
 .text.EXTI9_5_IRQHandler
                0x00000000080039b4       0x10 Core/Src/stm32f7xx_it.o
                0x00000000080039b4                EXTI9_5_IRQHandler
 .text.TIM2_IRQHandler
                0x00000000080039c4       0x14 Core/Src/stm32f7xx_it.o
                0x00000000080039c4                TIM2_IRQHandler
 .text._read    0x00000000080039d8       0x3a Core/Src/syscalls.o
                0x00000000080039d8                _read
 .text._write   0x0000000008003a12       0x38 Core/Src/syscalls.o
                0x0000000008003a12                _write
 .text._close   0x0000000008003a4a       0x18 Core/Src/syscalls.o
                0x0000000008003a4a                _close
 .text._fstat   0x0000000008003a62       0x20 Core/Src/syscalls.o
                0x0000000008003a62                _fstat
 .text._isatty  0x0000000008003a82       0x16 Core/Src/syscalls.o
                0x0000000008003a82                _isatty
 .text._lseek   0x0000000008003a98       0x1a Core/Src/syscalls.o
                0x0000000008003a98                _lseek
 *fill*         0x0000000008003ab2        0x2 
 .text._sbrk    0x0000000008003ab4       0x6c Core/Src/sysmem.o
                0x0000000008003ab4                _sbrk
 .text.SystemInit
                0x0000000008003b20       0x2c Core/Src/system_stm32f7xx.o
                0x0000000008003b20                SystemInit
 .text.Reset_Handler
                0x0000000008003b4c       0x50 Core/Startup/startup_stm32f767zitx.o
                0x0000000008003b4c                Reset_Handler
 .text.Default_Handler
                0x0000000008003b9c        0x2 Core/Startup/startup_stm32f767zitx.o
                0x0000000008003b9c                RTC_Alarm_IRQHandler
                0x0000000008003b9c                EXTI2_IRQHandler
                0x0000000008003b9c                TIM8_CC_IRQHandler
                0x0000000008003b9c                UART8_IRQHandler
                0x0000000008003b9c                SPI4_IRQHandler
                0x0000000008003b9c                TIM1_CC_IRQHandler
                0x0000000008003b9c                DMA2_Stream5_IRQHandler
                0x0000000008003b9c                JPEG_IRQHandler
                0x0000000008003b9c                DMA1_Stream5_IRQHandler
                0x0000000008003b9c                CAN3_RX1_IRQHandler
                0x0000000008003b9c                PVD_IRQHandler
                0x0000000008003b9c                TAMP_STAMP_IRQHandler
                0x0000000008003b9c                CAN2_RX1_IRQHandler
                0x0000000008003b9c                EXTI3_IRQHandler
                0x0000000008003b9c                TIM8_TRG_COM_TIM14_IRQHandler
                0x0000000008003b9c                DFSDM1_FLT1_IRQHandler
                0x0000000008003b9c                TIM1_UP_TIM10_IRQHandler
                0x0000000008003b9c                TIM8_UP_TIM13_IRQHandler
                0x0000000008003b9c                I2C3_ER_IRQHandler
                0x0000000008003b9c                DFSDM1_FLT2_IRQHandler
                0x0000000008003b9c                EXTI0_IRQHandler
                0x0000000008003b9c                I2C2_EV_IRQHandler
                0x0000000008003b9c                DMA1_Stream2_IRQHandler
                0x0000000008003b9c                CAN1_RX0_IRQHandler
                0x0000000008003b9c                FPU_IRQHandler
                0x0000000008003b9c                OTG_HS_WKUP_IRQHandler
                0x0000000008003b9c                CAN3_SCE_IRQHandler
                0x0000000008003b9c                LTDC_ER_IRQHandler
                0x0000000008003b9c                CAN2_SCE_IRQHandler
                0x0000000008003b9c                DMA2_Stream2_IRQHandler
                0x0000000008003b9c                SPI1_IRQHandler
                0x0000000008003b9c                TIM6_DAC_IRQHandler
                0x0000000008003b9c                TIM1_BRK_TIM9_IRQHandler
                0x0000000008003b9c                DCMI_IRQHandler
                0x0000000008003b9c                CAN2_RX0_IRQHandler
                0x0000000008003b9c                DMA2_Stream3_IRQHandler
                0x0000000008003b9c                SAI2_IRQHandler
                0x0000000008003b9c                DFSDM1_FLT3_IRQHandler
                0x0000000008003b9c                USART6_IRQHandler
                0x0000000008003b9c                CAN3_RX0_IRQHandler
                0x0000000008003b9c                USART3_IRQHandler
                0x0000000008003b9c                CAN1_RX1_IRQHandler
                0x0000000008003b9c                UART5_IRQHandler
                0x0000000008003b9c                DMA2_Stream0_IRQHandler
                0x0000000008003b9c                TIM4_IRQHandler
                0x0000000008003b9c                QUADSPI_IRQHandler
                0x0000000008003b9c                I2C1_EV_IRQHandler
                0x0000000008003b9c                DMA1_Stream6_IRQHandler
                0x0000000008003b9c                DMA1_Stream1_IRQHandler
                0x0000000008003b9c                UART4_IRQHandler
                0x0000000008003b9c                TIM3_IRQHandler
                0x0000000008003b9c                RCC_IRQHandler
                0x0000000008003b9c                TIM8_BRK_TIM12_IRQHandler
                0x0000000008003b9c                Default_Handler
                0x0000000008003b9c                CEC_IRQHandler
                0x0000000008003b9c                EXTI15_10_IRQHandler
                0x0000000008003b9c                ADC_IRQHandler
                0x0000000008003b9c                DMA1_Stream7_IRQHandler
                0x0000000008003b9c                SPI5_IRQHandler
                0x0000000008003b9c                TIM7_IRQHandler
                0x0000000008003b9c                SDMMC1_IRQHandler
                0x0000000008003b9c                CAN2_TX_IRQHandler
                0x0000000008003b9c                TIM5_IRQHandler
                0x0000000008003b9c                DMA2_Stream7_IRQHandler
                0x0000000008003b9c                I2C3_EV_IRQHandler
                0x0000000008003b9c                RTC_WKUP_IRQHandler
                0x0000000008003b9c                LTDC_IRQHandler
                0x0000000008003b9c                ETH_WKUP_IRQHandler
                0x0000000008003b9c                SPDIF_RX_IRQHandler
                0x0000000008003b9c                SPI2_IRQHandler
                0x0000000008003b9c                OTG_HS_EP1_IN_IRQHandler
                0x0000000008003b9c                DMA1_Stream0_IRQHandler
                0x0000000008003b9c                CAN1_TX_IRQHandler
                0x0000000008003b9c                EXTI4_IRQHandler
                0x0000000008003b9c                RNG_IRQHandler
                0x0000000008003b9c                ETH_IRQHandler
                0x0000000008003b9c                OTG_HS_EP1_OUT_IRQHandler
                0x0000000008003b9c                WWDG_IRQHandler
                0x0000000008003b9c                SPI6_IRQHandler
                0x0000000008003b9c                MDIOS_IRQHandler
                0x0000000008003b9c                I2C4_EV_IRQHandler
                0x0000000008003b9c                CAN3_TX_IRQHandler
                0x0000000008003b9c                OTG_FS_WKUP_IRQHandler
                0x0000000008003b9c                TIM1_TRG_COM_TIM11_IRQHandler
                0x0000000008003b9c                OTG_HS_IRQHandler
                0x0000000008003b9c                DMA2D_IRQHandler
                0x0000000008003b9c                EXTI1_IRQHandler
                0x0000000008003b9c                SDMMC2_IRQHandler
                0x0000000008003b9c                UART7_IRQHandler
                0x0000000008003b9c                USART2_IRQHandler
                0x0000000008003b9c                DFSDM1_FLT0_IRQHandler
                0x0000000008003b9c                I2C2_ER_IRQHandler
                0x0000000008003b9c                DMA2_Stream1_IRQHandler
                0x0000000008003b9c                CAN1_SCE_IRQHandler
                0x0000000008003b9c                FLASH_IRQHandler
                0x0000000008003b9c                DMA2_Stream4_IRQHandler
                0x0000000008003b9c                USART1_IRQHandler
                0x0000000008003b9c                OTG_FS_IRQHandler
                0x0000000008003b9c                SPI3_IRQHandler
                0x0000000008003b9c                DMA1_Stream4_IRQHandler
                0x0000000008003b9c                I2C1_ER_IRQHandler
                0x0000000008003b9c                FMC_IRQHandler
                0x0000000008003b9c                LPTIM1_IRQHandler
                0x0000000008003b9c                I2C4_ER_IRQHandler
                0x0000000008003b9c                DMA2_Stream6_IRQHandler
                0x0000000008003b9c                SAI1_IRQHandler
                0x0000000008003b9c                DMA1_Stream3_IRQHandler
 .text.HAL_Init
                0x0000000008003b9e       0x1a Drivers/STM32F7xx_HAL_Driver/Src/stm32f7xx_hal.o
                0x0000000008003b9e                HAL_Init
 .text.HAL_InitTick
                0x0000000008003bb8       0x60 Drivers/STM32F7xx_HAL_Driver/Src/stm32f7xx_hal.o
                0x0000000008003bb8                HAL_InitTick
 .text.HAL_IncTick
                0x0000000008003c18       0x28 Drivers/STM32F7xx_HAL_Driver/Src/stm32f7xx_hal.o
                0x0000000008003c18                HAL_IncTick
 .text.HAL_GetTick
                0x0000000008003c40       0x18 Drivers/STM32F7xx_HAL_Driver/Src/stm32f7xx_hal.o
                0x0000000008003c40                HAL_GetTick
 .text.HAL_Delay
                0x0000000008003c58       0x44 Drivers/STM32F7xx_HAL_Driver/Src/stm32f7xx_hal.o
                0x0000000008003c58                HAL_Delay
 .text.__NVIC_SetPriorityGrouping
                0x0000000008003c9c       0x48 Drivers/STM32F7xx_HAL_Driver/Src/stm32f7xx_hal_cortex.o
 .text.__NVIC_GetPriorityGrouping
                0x0000000008003ce4       0x1c Drivers/STM32F7xx_HAL_Driver/Src/stm32f7xx_hal_cortex.o
 .text.__NVIC_EnableIRQ
                0x0000000008003d00       0x3c Drivers/STM32F7xx_HAL_Driver/Src/stm32f7xx_hal_cortex.o
 .text.__NVIC_SetPriority
                0x0000000008003d3c       0x54 Drivers/STM32F7xx_HAL_Driver/Src/stm32f7xx_hal_cortex.o
 .text.NVIC_EncodePriority
                0x0000000008003d90       0x66 Drivers/STM32F7xx_HAL_Driver/Src/stm32f7xx_hal_cortex.o
 *fill*         0x0000000008003df6        0x2 
 .text.SysTick_Config
                0x0000000008003df8       0x44 Drivers/STM32F7xx_HAL_Driver/Src/stm32f7xx_hal_cortex.o
 .text.HAL_NVIC_SetPriorityGrouping
                0x0000000008003e3c       0x16 Drivers/STM32F7xx_HAL_Driver/Src/stm32f7xx_hal_cortex.o
                0x0000000008003e3c                HAL_NVIC_SetPriorityGrouping
 .text.HAL_NVIC_SetPriority
                0x0000000008003e52       0x38 Drivers/STM32F7xx_HAL_Driver/Src/stm32f7xx_hal_cortex.o
                0x0000000008003e52                HAL_NVIC_SetPriority
 .text.HAL_NVIC_EnableIRQ
                0x0000000008003e8a       0x1c Drivers/STM32F7xx_HAL_Driver/Src/stm32f7xx_hal_cortex.o
                0x0000000008003e8a                HAL_NVIC_EnableIRQ
 .text.HAL_SYSTICK_Config
                0x0000000008003ea6       0x18 Drivers/STM32F7xx_HAL_Driver/Src/stm32f7xx_hal_cortex.o
                0x0000000008003ea6                HAL_SYSTICK_Config
 *fill*         0x0000000008003ebe        0x2 
 .text.HAL_GPIO_Init
                0x0000000008003ec0      0x354 Drivers/STM32F7xx_HAL_Driver/Src/stm32f7xx_hal_gpio.o
                0x0000000008003ec0                HAL_GPIO_Init
 .text.HAL_GPIO_WritePin
                0x0000000008004214       0x32 Drivers/STM32F7xx_HAL_Driver/Src/stm32f7xx_hal_gpio.o
                0x0000000008004214                HAL_GPIO_WritePin
 *fill*         0x0000000008004246        0x2 
 .text.HAL_GPIO_EXTI_IRQHandler
                0x0000000008004248       0x30 Drivers/STM32F7xx_HAL_Driver/Src/stm32f7xx_hal_gpio.o
                0x0000000008004248                HAL_GPIO_EXTI_IRQHandler
 .text.HAL_PCD_Init
                0x0000000008004278      0x248 Drivers/STM32F7xx_HAL_Driver/Src/stm32f7xx_hal_pcd.o
                0x0000000008004278                HAL_PCD_Init
 .text.HAL_PCDEx_ActivateLPM
                0x00000000080044c0       0x48 Drivers/STM32F7xx_HAL_Driver/Src/stm32f7xx_hal_pcd_ex.o
                0x00000000080044c0                HAL_PCDEx_ActivateLPM
 .text.HAL_PWR_EnableBkUpAccess
                0x0000000008004508       0x20 Drivers/STM32F7xx_HAL_Driver/Src/stm32f7xx_hal_pwr.o
                0x0000000008004508                HAL_PWR_EnableBkUpAccess
 .text.HAL_PWREx_EnableOverDrive
                0x0000000008004528       0xa0 Drivers/STM32F7xx_HAL_Driver/Src/stm32f7xx_hal_pwr_ex.o
                0x0000000008004528                HAL_PWREx_EnableOverDrive
 .text.HAL_RCC_OscConfig
                0x00000000080045c8      0x55c Drivers/STM32F7xx_HAL_Driver/Src/stm32f7xx_hal_rcc.o
                0x00000000080045c8                HAL_RCC_OscConfig
 .text.HAL_RCC_ClockConfig
                0x0000000008004b24      0x1d8 Drivers/STM32F7xx_HAL_Driver/Src/stm32f7xx_hal_rcc.o
                0x0000000008004b24                HAL_RCC_ClockConfig
 .text.HAL_RCC_GetSysClockFreq
                0x0000000008004cfc      0x1b0 Drivers/STM32F7xx_HAL_Driver/Src/stm32f7xx_hal_rcc.o
                0x0000000008004cfc                HAL_RCC_GetSysClockFreq
 .text.HAL_RCC_GetHCLKFreq
                0x0000000008004eac       0x18 Drivers/STM32F7xx_HAL_Driver/Src/stm32f7xx_hal_rcc.o
                0x0000000008004eac                HAL_RCC_GetHCLKFreq
 .text.HAL_RCC_GetPCLK1Freq
                0x0000000008004ec4       0x28 Drivers/STM32F7xx_HAL_Driver/Src/stm32f7xx_hal_rcc.o
                0x0000000008004ec4                HAL_RCC_GetPCLK1Freq
 .text.HAL_RCC_GetPCLK2Freq
                0x0000000008004eec       0x28 Drivers/STM32F7xx_HAL_Driver/Src/stm32f7xx_hal_rcc.o
                0x0000000008004eec                HAL_RCC_GetPCLK2Freq
 .text.HAL_RCCEx_PeriphCLKConfig
                0x0000000008004f14      0x84c Drivers/STM32F7xx_HAL_Driver/Src/stm32f7xx_hal_rcc_ex.o
                0x0000000008004f14                HAL_RCCEx_PeriphCLKConfig
 .text.HAL_TIM_Base_Init
                0x0000000008005760       0x56 Drivers/STM32F7xx_HAL_Driver/Src/stm32f7xx_hal_tim.o
                0x0000000008005760                HAL_TIM_Base_Init
 *fill*         0x00000000080057b6        0x2 
 .text.HAL_TIM_Base_Start_IT
                0x00000000080057b8       0x54 Drivers/STM32F7xx_HAL_Driver/Src/stm32f7xx_hal_tim.o
                0x00000000080057b8                HAL_TIM_Base_Start_IT
 .text.HAL_TIM_PWM_Init
                0x000000000800580c       0x56 Drivers/STM32F7xx_HAL_Driver/Src/stm32f7xx_hal_tim.o
                0x000000000800580c                HAL_TIM_PWM_Init
 .text.HAL_TIM_PWM_MspInit
                0x0000000008005862       0x14 Drivers/STM32F7xx_HAL_Driver/Src/stm32f7xx_hal_tim.o
                0x0000000008005862                HAL_TIM_PWM_MspInit
 *fill*         0x0000000008005876        0x2 
 .text.HAL_TIM_PWM_Start
                0x0000000008005878       0x88 Drivers/STM32F7xx_HAL_Driver/Src/stm32f7xx_hal_tim.o
                0x0000000008005878                HAL_TIM_PWM_Start
 .text.HAL_TIM_Encoder_Init
                0x0000000008005900      0x124 Drivers/STM32F7xx_HAL_Driver/Src/stm32f7xx_hal_tim.o
                0x0000000008005900                HAL_TIM_Encoder_Init
 .text.HAL_TIM_Encoder_Start
                0x0000000008005a24       0x6e Drivers/STM32F7xx_HAL_Driver/Src/stm32f7xx_hal_tim.o
                0x0000000008005a24                HAL_TIM_Encoder_Start
 .text.HAL_TIM_IRQHandler
                0x0000000008005a92      0x23e Drivers/STM32F7xx_HAL_Driver/Src/stm32f7xx_hal_tim.o
                0x0000000008005a92                HAL_TIM_IRQHandler
 .text.HAL_TIM_PWM_ConfigChannel
                0x0000000008005cd0      0x230 Drivers/STM32F7xx_HAL_Driver/Src/stm32f7xx_hal_tim.o
                0x0000000008005cd0                HAL_TIM_PWM_ConfigChannel
 .text.HAL_TIM_ConfigClockSource
                0x0000000008005f00      0x174 Drivers/STM32F7xx_HAL_Driver/Src/stm32f7xx_hal_tim.o
                0x0000000008005f00                HAL_TIM_ConfigClockSource
 .text.HAL_TIM_OC_DelayElapsedCallback
                0x0000000008006074       0x14 Drivers/STM32F7xx_HAL_Driver/Src/stm32f7xx_hal_tim.o
                0x0000000008006074                HAL_TIM_OC_DelayElapsedCallback
 .text.HAL_TIM_IC_CaptureCallback
                0x0000000008006088       0x14 Drivers/STM32F7xx_HAL_Driver/Src/stm32f7xx_hal_tim.o
                0x0000000008006088                HAL_TIM_IC_CaptureCallback
 .text.HAL_TIM_PWM_PulseFinishedCallback
                0x000000000800609c       0x14 Drivers/STM32F7xx_HAL_Driver/Src/stm32f7xx_hal_tim.o
                0x000000000800609c                HAL_TIM_PWM_PulseFinishedCallback
 .text.HAL_TIM_TriggerCallback
                0x00000000080060b0       0x14 Drivers/STM32F7xx_HAL_Driver/Src/stm32f7xx_hal_tim.o
                0x00000000080060b0                HAL_TIM_TriggerCallback
 .text.TIM_Base_SetConfig
                0x00000000080060c4      0x140 Drivers/STM32F7xx_HAL_Driver/Src/stm32f7xx_hal_tim.o
                0x00000000080060c4                TIM_Base_SetConfig
 .text.TIM_OC1_SetConfig
                0x0000000008006204       0xe4 Drivers/STM32F7xx_HAL_Driver/Src/stm32f7xx_hal_tim.o
 .text.TIM_OC2_SetConfig
                0x00000000080062e8       0xf0 Drivers/STM32F7xx_HAL_Driver/Src/stm32f7xx_hal_tim.o
                0x00000000080062e8                TIM_OC2_SetConfig
 .text.TIM_OC3_SetConfig
                0x00000000080063d8       0xec Drivers/STM32F7xx_HAL_Driver/Src/stm32f7xx_hal_tim.o
 .text.TIM_OC4_SetConfig
                0x00000000080064c4       0xb0 Drivers/STM32F7xx_HAL_Driver/Src/stm32f7xx_hal_tim.o
 .text.TIM_OC5_SetConfig
                0x0000000008006574       0xa4 Drivers/STM32F7xx_HAL_Driver/Src/stm32f7xx_hal_tim.o
 .text.TIM_OC6_SetConfig
                0x0000000008006618       0xa8 Drivers/STM32F7xx_HAL_Driver/Src/stm32f7xx_hal_tim.o
 .text.TIM_TI1_ConfigInputStage
                0x00000000080066c0       0x5e Drivers/STM32F7xx_HAL_Driver/Src/stm32f7xx_hal_tim.o
 .text.TIM_TI2_ConfigInputStage
                0x000000000800671e       0x60 Drivers/STM32F7xx_HAL_Driver/Src/stm32f7xx_hal_tim.o
 .text.TIM_ITRx_SetConfig
                0x000000000800677e       0x36 Drivers/STM32F7xx_HAL_Driver/Src/stm32f7xx_hal_tim.o
 .text.TIM_ETR_SetConfig
                0x00000000080067b4       0x40 Drivers/STM32F7xx_HAL_Driver/Src/stm32f7xx_hal_tim.o
                0x00000000080067b4                TIM_ETR_SetConfig
 .text.TIM_CCxChannelCmd
                0x00000000080067f4       0x4a Drivers/STM32F7xx_HAL_Driver/Src/stm32f7xx_hal_tim.o
                0x00000000080067f4                TIM_CCxChannelCmd
 *fill*         0x000000000800683e        0x2 
 .text.HAL_TIMEx_MasterConfigSynchronization
                0x0000000008006840      0x11c Drivers/STM32F7xx_HAL_Driver/Src/stm32f7xx_hal_tim_ex.o
                0x0000000008006840                HAL_TIMEx_MasterConfigSynchronization
 .text.HAL_TIMEx_CommutCallback
                0x000000000800695c       0x14 Drivers/STM32F7xx_HAL_Driver/Src/stm32f7xx_hal_tim_ex.o
                0x000000000800695c                HAL_TIMEx_CommutCallback
 .text.HAL_TIMEx_BreakCallback
                0x0000000008006970       0x14 Drivers/STM32F7xx_HAL_Driver/Src/stm32f7xx_hal_tim_ex.o
                0x0000000008006970                HAL_TIMEx_BreakCallback
 .text.HAL_TIMEx_Break2Callback
                0x0000000008006984       0x14 Drivers/STM32F7xx_HAL_Driver/Src/stm32f7xx_hal_tim_ex.o
                0x0000000008006984                HAL_TIMEx_Break2Callback
 .text.HAL_UART_Init
                0x0000000008006998       0x9c Drivers/STM32F7xx_HAL_Driver/Src/stm32f7xx_hal_uart.o
                0x0000000008006998                HAL_UART_Init
 .text.HAL_UART_Transmit
                0x0000000008006a34      0x122 Drivers/STM32F7xx_HAL_Driver/Src/stm32f7xx_hal_uart.o
                0x0000000008006a34                HAL_UART_Transmit
 *fill*         0x0000000008006b56        0x2 
 .text.UART_SetConfig
                0x0000000008006b58      0x554 Drivers/STM32F7xx_HAL_Driver/Src/stm32f7xx_hal_uart.o
                0x0000000008006b58                UART_SetConfig
 .text.UART_AdvFeatureConfig
                0x00000000080070ac      0x144 Drivers/STM32F7xx_HAL_Driver/Src/stm32f7xx_hal_uart.o
                0x00000000080070ac                UART_AdvFeatureConfig
 .text.UART_CheckIdleState
                0x00000000080071f0       0x8a Drivers/STM32F7xx_HAL_Driver/Src/stm32f7xx_hal_uart.o
                0x00000000080071f0                UART_CheckIdleState
 .text.UART_WaitOnFlagUntilTimeout
                0x000000000800727a       0xf6 Drivers/STM32F7xx_HAL_Driver/Src/stm32f7xx_hal_uart.o
                0x000000000800727a                UART_WaitOnFlagUntilTimeout
 .text.USB_CoreInit
                0x0000000008007370       0xb0 Drivers/STM32F7xx_HAL_Driver/Src/stm32f7xx_ll_usb.o
                0x0000000008007370                USB_CoreInit
 .text.USB_DisableGlobalInt
                0x0000000008007420       0x22 Drivers/STM32F7xx_HAL_Driver/Src/stm32f7xx_ll_usb.o
                0x0000000008007420                USB_DisableGlobalInt
 .text.USB_SetCurrentMode
                0x0000000008007442       0x54 Drivers/STM32F7xx_HAL_Driver/Src/stm32f7xx_ll_usb.o
                0x0000000008007442                USB_SetCurrentMode
 *fill*         0x0000000008007496        0x2 
 .text.USB_DevInit
                0x0000000008007498      0x2dc Drivers/STM32F7xx_HAL_Driver/Src/stm32f7xx_ll_usb.o
                0x0000000008007498                USB_DevInit
 .text.USB_FlushTxFifo
                0x0000000008007774       0x4c Drivers/STM32F7xx_HAL_Driver/Src/stm32f7xx_ll_usb.o
                0x0000000008007774                USB_FlushTxFifo
 .text.USB_FlushRxFifo
                0x00000000080077c0       0x44 Drivers/STM32F7xx_HAL_Driver/Src/stm32f7xx_ll_usb.o
                0x00000000080077c0                USB_FlushRxFifo
 .text.USB_SetDevSpeed
                0x0000000008007804       0x32 Drivers/STM32F7xx_HAL_Driver/Src/stm32f7xx_ll_usb.o
                0x0000000008007804                USB_SetDevSpeed
 .text.USB_DevDisconnect
                0x0000000008007836       0x30 Drivers/STM32F7xx_HAL_Driver/Src/stm32f7xx_ll_usb.o
                0x0000000008007836                USB_DevDisconnect
 *fill*         0x0000000008007866        0x2 
 .text.USB_CoreReset
                0x0000000008007868       0x68 Drivers/STM32F7xx_HAL_Driver/Src/stm32f7xx_ll_usb.o
 .text.__errno  0x00000000080078d0        0xc c:/st/stm32cubeide_1.4.0/stm32cubeide/plugins/com.st.stm32cube.ide.mcu.externaltools.gnu-tools-for-stm32.7-2018-q2-update.win32_1.5.0.202011040924/tools/bin/../lib/gcc/arm-none-eabi/7.3.1/../../../../arm-none-eabi/lib/thumb/v7e-m/fpv5/hard\libc_nano.a(lib_a-errno.o)
                0x00000000080078d0                __errno
 .text.__libc_init_array
                0x00000000080078dc       0x48 c:/st/stm32cubeide_1.4.0/stm32cubeide/plugins/com.st.stm32cube.ide.mcu.externaltools.gnu-tools-for-stm32.7-2018-q2-update.win32_1.5.0.202011040924/tools/bin/../lib/gcc/arm-none-eabi/7.3.1/../../../../arm-none-eabi/lib/thumb/v7e-m/fpv5/hard\libc_nano.a(lib_a-init.o)
                0x00000000080078dc                __libc_init_array
 .text.memset   0x0000000008007924       0x10 c:/st/stm32cubeide_1.4.0/stm32cubeide/plugins/com.st.stm32cube.ide.mcu.externaltools.gnu-tools-for-stm32.7-2018-q2-update.win32_1.5.0.202011040924/tools/bin/../lib/gcc/arm-none-eabi/7.3.1/../../../../arm-none-eabi/lib/thumb/v7e-m/fpv5/hard\libc_nano.a(lib_a-memset.o)
                0x0000000008007924                memset
 .text.__cvt    0x0000000008007934       0xa4 c:/st/stm32cubeide_1.4.0/stm32cubeide/plugins/com.st.stm32cube.ide.mcu.externaltools.gnu-tools-for-stm32.7-2018-q2-update.win32_1.5.0.202011040924/tools/bin/../lib/gcc/arm-none-eabi/7.3.1/../../../../arm-none-eabi/lib/thumb/v7e-m/fpv5/hard\libc_nano.a(lib_a-nano-vfprintf_float.o)
                0x0000000008007934                __cvt
 .text.__exponent
                0x00000000080079d8       0x66 c:/st/stm32cubeide_1.4.0/stm32cubeide/plugins/com.st.stm32cube.ide.mcu.externaltools.gnu-tools-for-stm32.7-2018-q2-update.win32_1.5.0.202011040924/tools/bin/../lib/gcc/arm-none-eabi/7.3.1/../../../../arm-none-eabi/lib/thumb/v7e-m/fpv5/hard\libc_nano.a(lib_a-nano-vfprintf_float.o)
                0x00000000080079d8                __exponent
 *fill*         0x0000000008007a3e        0x2 
 .text._printf_float
                0x0000000008007a40      0x458 c:/st/stm32cubeide_1.4.0/stm32cubeide/plugins/com.st.stm32cube.ide.mcu.externaltools.gnu-tools-for-stm32.7-2018-q2-update.win32_1.5.0.202011040924/tools/bin/../lib/gcc/arm-none-eabi/7.3.1/../../../../arm-none-eabi/lib/thumb/v7e-m/fpv5/hard\libc_nano.a(lib_a-nano-vfprintf_float.o)
                0x0000000008007a40                _printf_float
 .text._printf_common
                0x0000000008007e98       0xea c:/st/stm32cubeide_1.4.0/stm32cubeide/plugins/com.st.stm32cube.ide.mcu.externaltools.gnu-tools-for-stm32.7-2018-q2-update.win32_1.5.0.202011040924/tools/bin/../lib/gcc/arm-none-eabi/7.3.1/../../../../arm-none-eabi/lib/thumb/v7e-m/fpv5/hard\libc_nano.a(lib_a-nano-vfprintf_i.o)
                0x0000000008007e98                _printf_common
 *fill*         0x0000000008007f82        0x2 
 .text._printf_i
                0x0000000008007f84      0x224 c:/st/stm32cubeide_1.4.0/stm32cubeide/plugins/com.st.stm32cube.ide.mcu.externaltools.gnu-tools-for-stm32.7-2018-q2-update.win32_1.5.0.202011040924/tools/bin/../lib/gcc/arm-none-eabi/7.3.1/../../../../arm-none-eabi/lib/thumb/v7e-m/fpv5/hard\libc_nano.a(lib_a-nano-vfprintf_i.o)
                0x0000000008007f84                _printf_i
 .text.printf   0x00000000080081a8       0x30 c:/st/stm32cubeide_1.4.0/stm32cubeide/plugins/com.st.stm32cube.ide.mcu.externaltools.gnu-tools-for-stm32.7-2018-q2-update.win32_1.5.0.202011040924/tools/bin/../lib/gcc/arm-none-eabi/7.3.1/../../../../arm-none-eabi/lib/thumb/v7e-m/fpv5/hard\libc_nano.a(lib_a-printf.o)
                0x00000000080081a8                iprintf
                0x00000000080081a8                printf
 .text._puts_r  0x00000000080081d8       0xb8 c:/st/stm32cubeide_1.4.0/stm32cubeide/plugins/com.st.stm32cube.ide.mcu.externaltools.gnu-tools-for-stm32.7-2018-q2-update.win32_1.5.0.202011040924/tools/bin/../lib/gcc/arm-none-eabi/7.3.1/../../../../arm-none-eabi/lib/thumb/v7e-m/fpv5/hard\libc_nano.a(lib_a-puts.o)
                0x00000000080081d8                _puts_r
 .text.puts     0x0000000008008290       0x10 c:/st/stm32cubeide_1.4.0/stm32cubeide/plugins/com.st.stm32cube.ide.mcu.externaltools.gnu-tools-for-stm32.7-2018-q2-update.win32_1.5.0.202011040924/tools/bin/../lib/gcc/arm-none-eabi/7.3.1/../../../../arm-none-eabi/lib/thumb/v7e-m/fpv5/hard\libc_nano.a(lib_a-puts.o)
                0x0000000008008290                puts
 .text.__swbuf_r
                0x00000000080082a0       0xa4 c:/st/stm32cubeide_1.4.0/stm32cubeide/plugins/com.st.stm32cube.ide.mcu.externaltools.gnu-tools-for-stm32.7-2018-q2-update.win32_1.5.0.202011040924/tools/bin/../lib/gcc/arm-none-eabi/7.3.1/../../../../arm-none-eabi/lib/thumb/v7e-m/fpv5/hard\libc_nano.a(lib_a-wbuf.o)
                0x00000000080082a0                __swbuf_r
 .text.__swsetup_r
                0x0000000008008344       0xdc c:/st/stm32cubeide_1.4.0/stm32cubeide/plugins/com.st.stm32cube.ide.mcu.externaltools.gnu-tools-for-stm32.7-2018-q2-update.win32_1.5.0.202011040924/tools/bin/../lib/gcc/arm-none-eabi/7.3.1/../../../../arm-none-eabi/lib/thumb/v7e-m/fpv5/hard\libc_nano.a(lib_a-wsetup.o)
                0x0000000008008344                __swsetup_r
 .text.quorem   0x0000000008008420      0x118 c:/st/stm32cubeide_1.4.0/stm32cubeide/plugins/com.st.stm32cube.ide.mcu.externaltools.gnu-tools-for-stm32.7-2018-q2-update.win32_1.5.0.202011040924/tools/bin/../lib/gcc/arm-none-eabi/7.3.1/../../../../arm-none-eabi/lib/thumb/v7e-m/fpv5/hard\libc_nano.a(lib_a-dtoa.o)
 .text._dtoa_r  0x0000000008008538      0xa98 c:/st/stm32cubeide_1.4.0/stm32cubeide/plugins/com.st.stm32cube.ide.mcu.externaltools.gnu-tools-for-stm32.7-2018-q2-update.win32_1.5.0.202011040924/tools/bin/../lib/gcc/arm-none-eabi/7.3.1/../../../../arm-none-eabi/lib/thumb/v7e-m/fpv5/hard\libc_nano.a(lib_a-dtoa.o)
                0x0000000008008538                _dtoa_r
 .text.__sflush_r
                0x0000000008008fd0      0x10c c:/st/stm32cubeide_1.4.0/stm32cubeide/plugins/com.st.stm32cube.ide.mcu.externaltools.gnu-tools-for-stm32.7-2018-q2-update.win32_1.5.0.202011040924/tools/bin/../lib/gcc/arm-none-eabi/7.3.1/../../../../arm-none-eabi/lib/thumb/v7e-m/fpv5/hard\libc_nano.a(lib_a-fflush.o)
                0x0000000008008fd0                __sflush_r
 .text._fflush_r
                0x00000000080090dc       0x54 c:/st/stm32cubeide_1.4.0/stm32cubeide/plugins/com.st.stm32cube.ide.mcu.externaltools.gnu-tools-for-stm32.7-2018-q2-update.win32_1.5.0.202011040924/tools/bin/../lib/gcc/arm-none-eabi/7.3.1/../../../../arm-none-eabi/lib/thumb/v7e-m/fpv5/hard\libc_nano.a(lib_a-fflush.o)
                0x00000000080090dc                _fflush_r
 .text.std      0x0000000008009130       0x48 c:/st/stm32cubeide_1.4.0/stm32cubeide/plugins/com.st.stm32cube.ide.mcu.externaltools.gnu-tools-for-stm32.7-2018-q2-update.win32_1.5.0.202011040924/tools/bin/../lib/gcc/arm-none-eabi/7.3.1/../../../../arm-none-eabi/lib/thumb/v7e-m/fpv5/hard\libc_nano.a(lib_a-findfp.o)
 .text._cleanup_r
                0x0000000008009178        0xc c:/st/stm32cubeide_1.4.0/stm32cubeide/plugins/com.st.stm32cube.ide.mcu.externaltools.gnu-tools-for-stm32.7-2018-q2-update.win32_1.5.0.202011040924/tools/bin/../lib/gcc/arm-none-eabi/7.3.1/../../../../arm-none-eabi/lib/thumb/v7e-m/fpv5/hard\libc_nano.a(lib_a-findfp.o)
                0x0000000008009178                _cleanup_r
 .text.__sfmoreglue
                0x0000000008009184       0x2c c:/st/stm32cubeide_1.4.0/stm32cubeide/plugins/com.st.stm32cube.ide.mcu.externaltools.gnu-tools-for-stm32.7-2018-q2-update.win32_1.5.0.202011040924/tools/bin/../lib/gcc/arm-none-eabi/7.3.1/../../../../arm-none-eabi/lib/thumb/v7e-m/fpv5/hard\libc_nano.a(lib_a-findfp.o)
                0x0000000008009184                __sfmoreglue
 .text.__sinit  0x00000000080091b0       0x60 c:/st/stm32cubeide_1.4.0/stm32cubeide/plugins/com.st.stm32cube.ide.mcu.externaltools.gnu-tools-for-stm32.7-2018-q2-update.win32_1.5.0.202011040924/tools/bin/../lib/gcc/arm-none-eabi/7.3.1/../../../../arm-none-eabi/lib/thumb/v7e-m/fpv5/hard\libc_nano.a(lib_a-findfp.o)
                0x00000000080091b0                __sinit
 .text.__sfp    0x0000000008009210       0x78 c:/st/stm32cubeide_1.4.0/stm32cubeide/plugins/com.st.stm32cube.ide.mcu.externaltools.gnu-tools-for-stm32.7-2018-q2-update.win32_1.5.0.202011040924/tools/bin/../lib/gcc/arm-none-eabi/7.3.1/../../../../arm-none-eabi/lib/thumb/v7e-m/fpv5/hard\libc_nano.a(lib_a-findfp.o)
                0x0000000008009210                __sfp
 .text._fwalk_reent
                0x0000000008009288       0x3c c:/st/stm32cubeide_1.4.0/stm32cubeide/plugins/com.st.stm32cube.ide.mcu.externaltools.gnu-tools-for-stm32.7-2018-q2-update.win32_1.5.0.202011040924/tools/bin/../lib/gcc/arm-none-eabi/7.3.1/../../../../arm-none-eabi/lib/thumb/v7e-m/fpv5/hard\libc_nano.a(lib_a-fwalk.o)
                0x0000000008009288                _fwalk_reent
 .text._localeconv_r
                0x00000000080092c4       0x1c c:/st/stm32cubeide_1.4.0/stm32cubeide/plugins/com.st.stm32cube.ide.mcu.externaltools.gnu-tools-for-stm32.7-2018-q2-update.win32_1.5.0.202011040924/tools/bin/../lib/gcc/arm-none-eabi/7.3.1/../../../../arm-none-eabi/lib/thumb/v7e-m/fpv5/hard\libc_nano.a(lib_a-localeconv.o)
                0x00000000080092c4                _localeconv_r
 .text.__swhatbuf_r
                0x00000000080092e0       0x48 c:/st/stm32cubeide_1.4.0/stm32cubeide/plugins/com.st.stm32cube.ide.mcu.externaltools.gnu-tools-for-stm32.7-2018-q2-update.win32_1.5.0.202011040924/tools/bin/../lib/gcc/arm-none-eabi/7.3.1/../../../../arm-none-eabi/lib/thumb/v7e-m/fpv5/hard\libc_nano.a(lib_a-makebuf.o)
                0x00000000080092e0                __swhatbuf_r
 .text.__smakebuf_r
                0x0000000008009328       0x80 c:/st/stm32cubeide_1.4.0/stm32cubeide/plugins/com.st.stm32cube.ide.mcu.externaltools.gnu-tools-for-stm32.7-2018-q2-update.win32_1.5.0.202011040924/tools/bin/../lib/gcc/arm-none-eabi/7.3.1/../../../../arm-none-eabi/lib/thumb/v7e-m/fpv5/hard\libc_nano.a(lib_a-makebuf.o)
                0x0000000008009328                __smakebuf_r
 .text.malloc   0x00000000080093a8       0x10 c:/st/stm32cubeide_1.4.0/stm32cubeide/plugins/com.st.stm32cube.ide.mcu.externaltools.gnu-tools-for-stm32.7-2018-q2-update.win32_1.5.0.202011040924/tools/bin/../lib/gcc/arm-none-eabi/7.3.1/../../../../arm-none-eabi/lib/thumb/v7e-m/fpv5/hard\libc_nano.a(lib_a-malloc.o)
                0x00000000080093a8                malloc
 .text.memcpy   0x00000000080093b8       0x16 c:/st/stm32cubeide_1.4.0/stm32cubeide/plugins/com.st.stm32cube.ide.mcu.externaltools.gnu-tools-for-stm32.7-2018-q2-update.win32_1.5.0.202011040924/tools/bin/../lib/gcc/arm-none-eabi/7.3.1/../../../../arm-none-eabi/lib/thumb/v7e-m/fpv5/hard\libc_nano.a(lib_a-memcpy-stub.o)
                0x00000000080093b8                memcpy
 .text._Balloc  0x00000000080093ce       0x68 c:/st/stm32cubeide_1.4.0/stm32cubeide/plugins/com.st.stm32cube.ide.mcu.externaltools.gnu-tools-for-stm32.7-2018-q2-update.win32_1.5.0.202011040924/tools/bin/../lib/gcc/arm-none-eabi/7.3.1/../../../../arm-none-eabi/lib/thumb/v7e-m/fpv5/hard\libc_nano.a(lib_a-mprec.o)
                0x00000000080093ce                _Balloc
 .text._Bfree   0x0000000008009436       0x2e c:/st/stm32cubeide_1.4.0/stm32cubeide/plugins/com.st.stm32cube.ide.mcu.externaltools.gnu-tools-for-stm32.7-2018-q2-update.win32_1.5.0.202011040924/tools/bin/../lib/gcc/arm-none-eabi/7.3.1/../../../../arm-none-eabi/lib/thumb/v7e-m/fpv5/hard\libc_nano.a(lib_a-mprec.o)
                0x0000000008009436                _Bfree
 .text.__multadd
                0x0000000008009464       0x76 c:/st/stm32cubeide_1.4.0/stm32cubeide/plugins/com.st.stm32cube.ide.mcu.externaltools.gnu-tools-for-stm32.7-2018-q2-update.win32_1.5.0.202011040924/tools/bin/../lib/gcc/arm-none-eabi/7.3.1/../../../../arm-none-eabi/lib/thumb/v7e-m/fpv5/hard\libc_nano.a(lib_a-mprec.o)
                0x0000000008009464                __multadd
 .text.__hi0bits
                0x00000000080094da       0x3e c:/st/stm32cubeide_1.4.0/stm32cubeide/plugins/com.st.stm32cube.ide.mcu.externaltools.gnu-tools-for-stm32.7-2018-q2-update.win32_1.5.0.202011040924/tools/bin/../lib/gcc/arm-none-eabi/7.3.1/../../../../arm-none-eabi/lib/thumb/v7e-m/fpv5/hard\libc_nano.a(lib_a-mprec.o)
                0x00000000080094da                __hi0bits
 .text.__lo0bits
                0x0000000008009518       0x5e c:/st/stm32cubeide_1.4.0/stm32cubeide/plugins/com.st.stm32cube.ide.mcu.externaltools.gnu-tools-for-stm32.7-2018-q2-update.win32_1.5.0.202011040924/tools/bin/../lib/gcc/arm-none-eabi/7.3.1/../../../../arm-none-eabi/lib/thumb/v7e-m/fpv5/hard\libc_nano.a(lib_a-mprec.o)
                0x0000000008009518                __lo0bits
 .text.__i2b    0x0000000008009576       0x12 c:/st/stm32cubeide_1.4.0/stm32cubeide/plugins/com.st.stm32cube.ide.mcu.externaltools.gnu-tools-for-stm32.7-2018-q2-update.win32_1.5.0.202011040924/tools/bin/../lib/gcc/arm-none-eabi/7.3.1/../../../../arm-none-eabi/lib/thumb/v7e-m/fpv5/hard\libc_nano.a(lib_a-mprec.o)
                0x0000000008009576                __i2b
 .text.__multiply
                0x0000000008009588      0x12c c:/st/stm32cubeide_1.4.0/stm32cubeide/plugins/com.st.stm32cube.ide.mcu.externaltools.gnu-tools-for-stm32.7-2018-q2-update.win32_1.5.0.202011040924/tools/bin/../lib/gcc/arm-none-eabi/7.3.1/../../../../arm-none-eabi/lib/thumb/v7e-m/fpv5/hard\libc_nano.a(lib_a-mprec.o)
                0x0000000008009588                __multiply
 .text.__pow5mult
                0x00000000080096b4       0x9c c:/st/stm32cubeide_1.4.0/stm32cubeide/plugins/com.st.stm32cube.ide.mcu.externaltools.gnu-tools-for-stm32.7-2018-q2-update.win32_1.5.0.202011040924/tools/bin/../lib/gcc/arm-none-eabi/7.3.1/../../../../arm-none-eabi/lib/thumb/v7e-m/fpv5/hard\libc_nano.a(lib_a-mprec.o)
                0x00000000080096b4                __pow5mult
 .text.__lshift
                0x0000000008009750       0xa8 c:/st/stm32cubeide_1.4.0/stm32cubeide/plugins/com.st.stm32cube.ide.mcu.externaltools.gnu-tools-for-stm32.7-2018-q2-update.win32_1.5.0.202011040924/tools/bin/../lib/gcc/arm-none-eabi/7.3.1/../../../../arm-none-eabi/lib/thumb/v7e-m/fpv5/hard\libc_nano.a(lib_a-mprec.o)
                0x0000000008009750                __lshift
 .text.__mcmp   0x00000000080097f8       0x34 c:/st/stm32cubeide_1.4.0/stm32cubeide/plugins/com.st.stm32cube.ide.mcu.externaltools.gnu-tools-for-stm32.7-2018-q2-update.win32_1.5.0.202011040924/tools/bin/../lib/gcc/arm-none-eabi/7.3.1/../../../../arm-none-eabi/lib/thumb/v7e-m/fpv5/hard\libc_nano.a(lib_a-mprec.o)
                0x00000000080097f8                __mcmp
 .text.__mdiff  0x000000000800982c       0xba c:/st/stm32cubeide_1.4.0/stm32cubeide/plugins/com.st.stm32cube.ide.mcu.externaltools.gnu-tools-for-stm32.7-2018-q2-update.win32_1.5.0.202011040924/tools/bin/../lib/gcc/arm-none-eabi/7.3.1/../../../../arm-none-eabi/lib/thumb/v7e-m/fpv5/hard\libc_nano.a(lib_a-mprec.o)
                0x000000000800982c                __mdiff
 .text.__d2b    0x00000000080098e6       0x9e c:/st/stm32cubeide_1.4.0/stm32cubeide/plugins/com.st.stm32cube.ide.mcu.externaltools.gnu-tools-for-stm32.7-2018-q2-update.win32_1.5.0.202011040924/tools/bin/../lib/gcc/arm-none-eabi/7.3.1/../../../../arm-none-eabi/lib/thumb/v7e-m/fpv5/hard\libc_nano.a(lib_a-mprec.o)
                0x00000000080098e6                __d2b
 .text._calloc_r
                0x0000000008009984       0x1c c:/st/stm32cubeide_1.4.0/stm32cubeide/plugins/com.st.stm32cube.ide.mcu.externaltools.gnu-tools-for-stm32.7-2018-q2-update.win32_1.5.0.202011040924/tools/bin/../lib/gcc/arm-none-eabi/7.3.1/../../../../arm-none-eabi/lib/thumb/v7e-m/fpv5/hard\libc_nano.a(lib_a-nano-callocr.o)
                0x0000000008009984                _calloc_r
 .text._free_r  0x00000000080099a0       0x9c c:/st/stm32cubeide_1.4.0/stm32cubeide/plugins/com.st.stm32cube.ide.mcu.externaltools.gnu-tools-for-stm32.7-2018-q2-update.win32_1.5.0.202011040924/tools/bin/../lib/gcc/arm-none-eabi/7.3.1/../../../../arm-none-eabi/lib/thumb/v7e-m/fpv5/hard\libc_nano.a(lib_a-nano-freer.o)
                0x00000000080099a0                _free_r
 .text._malloc_r
                0x0000000008009a3c       0xb4 c:/st/stm32cubeide_1.4.0/stm32cubeide/plugins/com.st.stm32cube.ide.mcu.externaltools.gnu-tools-for-stm32.7-2018-q2-update.win32_1.5.0.202011040924/tools/bin/../lib/gcc/arm-none-eabi/7.3.1/../../../../arm-none-eabi/lib/thumb/v7e-m/fpv5/hard\libc_nano.a(lib_a-nano-mallocr.o)
                0x0000000008009a3c                _malloc_r
 .text.__sfputc_r
                0x0000000008009af0       0x2e c:/st/stm32cubeide_1.4.0/stm32cubeide/plugins/com.st.stm32cube.ide.mcu.externaltools.gnu-tools-for-stm32.7-2018-q2-update.win32_1.5.0.202011040924/tools/bin/../lib/gcc/arm-none-eabi/7.3.1/../../../../arm-none-eabi/lib/thumb/v7e-m/fpv5/hard\libc_nano.a(lib_a-nano-vfprintf.o)
 .text.__sfputs_r
                0x0000000008009b1e       0x24 c:/st/stm32cubeide_1.4.0/stm32cubeide/plugins/com.st.stm32cube.ide.mcu.externaltools.gnu-tools-for-stm32.7-2018-q2-update.win32_1.5.0.202011040924/tools/bin/../lib/gcc/arm-none-eabi/7.3.1/../../../../arm-none-eabi/lib/thumb/v7e-m/fpv5/hard\libc_nano.a(lib_a-nano-vfprintf.o)
                0x0000000008009b1e                __sfputs_r
 *fill*         0x0000000008009b42        0x2 
 .text._vfprintf_r
                0x0000000008009b44      0x22c c:/st/stm32cubeide_1.4.0/stm32cubeide/plugins/com.st.stm32cube.ide.mcu.externaltools.gnu-tools-for-stm32.7-2018-q2-update.win32_1.5.0.202011040924/tools/bin/../lib/gcc/arm-none-eabi/7.3.1/../../../../arm-none-eabi/lib/thumb/v7e-m/fpv5/hard\libc_nano.a(lib_a-nano-vfprintf.o)
                0x0000000008009b44                _vfprintf_r
                0x0000000008009b44                _vfiprintf_r
 .text._sbrk_r  0x0000000008009d70       0x20 c:/st/stm32cubeide_1.4.0/stm32cubeide/plugins/com.st.stm32cube.ide.mcu.externaltools.gnu-tools-for-stm32.7-2018-q2-update.win32_1.5.0.202011040924/tools/bin/../lib/gcc/arm-none-eabi/7.3.1/../../../../arm-none-eabi/lib/thumb/v7e-m/fpv5/hard\libc_nano.a(lib_a-sbrkr.o)
                0x0000000008009d70                _sbrk_r
 .text.__sread  0x0000000008009d90       0x22 c:/st/stm32cubeide_1.4.0/stm32cubeide/plugins/com.st.stm32cube.ide.mcu.externaltools.gnu-tools-for-stm32.7-2018-q2-update.win32_1.5.0.202011040924/tools/bin/../lib/gcc/arm-none-eabi/7.3.1/../../../../arm-none-eabi/lib/thumb/v7e-m/fpv5/hard\libc_nano.a(lib_a-stdio.o)
                0x0000000008009d90                __sread
 .text.__swrite
                0x0000000008009db2       0x38 c:/st/stm32cubeide_1.4.0/stm32cubeide/plugins/com.st.stm32cube.ide.mcu.externaltools.gnu-tools-for-stm32.7-2018-q2-update.win32_1.5.0.202011040924/tools/bin/../lib/gcc/arm-none-eabi/7.3.1/../../../../arm-none-eabi/lib/thumb/v7e-m/fpv5/hard\libc_nano.a(lib_a-stdio.o)
                0x0000000008009db2                __swrite
 .text.__sseek  0x0000000008009dea       0x24 c:/st/stm32cubeide_1.4.0/stm32cubeide/plugins/com.st.stm32cube.ide.mcu.externaltools.gnu-tools-for-stm32.7-2018-q2-update.win32_1.5.0.202011040924/tools/bin/../lib/gcc/arm-none-eabi/7.3.1/../../../../arm-none-eabi/lib/thumb/v7e-m/fpv5/hard\libc_nano.a(lib_a-stdio.o)
                0x0000000008009dea                __sseek
 .text.__sclose
                0x0000000008009e0e        0x8 c:/st/stm32cubeide_1.4.0/stm32cubeide/plugins/com.st.stm32cube.ide.mcu.externaltools.gnu-tools-for-stm32.7-2018-q2-update.win32_1.5.0.202011040924/tools/bin/../lib/gcc/arm-none-eabi/7.3.1/../../../../arm-none-eabi/lib/thumb/v7e-m/fpv5/hard\libc_nano.a(lib_a-stdio.o)
                0x0000000008009e0e                __sclose
 *fill*         0x0000000008009e16        0x2 
 .text._write_r
                0x0000000008009e18       0x24 c:/st/stm32cubeide_1.4.0/stm32cubeide/plugins/com.st.stm32cube.ide.mcu.externaltools.gnu-tools-for-stm32.7-2018-q2-update.win32_1.5.0.202011040924/tools/bin/../lib/gcc/arm-none-eabi/7.3.1/../../../../arm-none-eabi/lib/thumb/v7e-m/fpv5/hard\libc_nano.a(lib_a-writer.o)
                0x0000000008009e18                _write_r
 .text._close_r
                0x0000000008009e3c       0x20 c:/st/stm32cubeide_1.4.0/stm32cubeide/plugins/com.st.stm32cube.ide.mcu.externaltools.gnu-tools-for-stm32.7-2018-q2-update.win32_1.5.0.202011040924/tools/bin/../lib/gcc/arm-none-eabi/7.3.1/../../../../arm-none-eabi/lib/thumb/v7e-m/fpv5/hard\libc_nano.a(lib_a-closer.o)
                0x0000000008009e3c                _close_r
 .text._fstat_r
                0x0000000008009e5c       0x24 c:/st/stm32cubeide_1.4.0/stm32cubeide/plugins/com.st.stm32cube.ide.mcu.externaltools.gnu-tools-for-stm32.7-2018-q2-update.win32_1.5.0.202011040924/tools/bin/../lib/gcc/arm-none-eabi/7.3.1/../../../../arm-none-eabi/lib/thumb/v7e-m/fpv5/hard\libc_nano.a(lib_a-fstatr.o)
                0x0000000008009e5c                _fstat_r
 .text._isatty_r
                0x0000000008009e80       0x20 c:/st/stm32cubeide_1.4.0/stm32cubeide/plugins/com.st.stm32cube.ide.mcu.externaltools.gnu-tools-for-stm32.7-2018-q2-update.win32_1.5.0.202011040924/tools/bin/../lib/gcc/arm-none-eabi/7.3.1/../../../../arm-none-eabi/lib/thumb/v7e-m/fpv5/hard\libc_nano.a(lib_a-isattyr.o)
                0x0000000008009e80                _isatty_r
 .text._lseek_r
                0x0000000008009ea0       0x24 c:/st/stm32cubeide_1.4.0/stm32cubeide/plugins/com.st.stm32cube.ide.mcu.externaltools.gnu-tools-for-stm32.7-2018-q2-update.win32_1.5.0.202011040924/tools/bin/../lib/gcc/arm-none-eabi/7.3.1/../../../../arm-none-eabi/lib/thumb/v7e-m/fpv5/hard\libc_nano.a(lib_a-lseekr.o)
                0x0000000008009ea0                _lseek_r
 .text.__ascii_mbtowc
                0x0000000008009ec4       0x24 c:/st/stm32cubeide_1.4.0/stm32cubeide/plugins/com.st.stm32cube.ide.mcu.externaltools.gnu-tools-for-stm32.7-2018-q2-update.win32_1.5.0.202011040924/tools/bin/../lib/gcc/arm-none-eabi/7.3.1/../../../../arm-none-eabi/lib/thumb/v7e-m/fpv5/hard\libc_nano.a(lib_a-mbtowc_r.o)
                0x0000000008009ec4                __ascii_mbtowc
 .text.__malloc_lock
                0x0000000008009ee8        0x2 c:/st/stm32cubeide_1.4.0/stm32cubeide/plugins/com.st.stm32cube.ide.mcu.externaltools.gnu-tools-for-stm32.7-2018-q2-update.win32_1.5.0.202011040924/tools/bin/../lib/gcc/arm-none-eabi/7.3.1/../../../../arm-none-eabi/lib/thumb/v7e-m/fpv5/hard\libc_nano.a(lib_a-mlock.o)
                0x0000000008009ee8                __malloc_lock
 .text.__malloc_unlock
                0x0000000008009eea        0x2 c:/st/stm32cubeide_1.4.0/stm32cubeide/plugins/com.st.stm32cube.ide.mcu.externaltools.gnu-tools-for-stm32.7-2018-q2-update.win32_1.5.0.202011040924/tools/bin/../lib/gcc/arm-none-eabi/7.3.1/../../../../arm-none-eabi/lib/thumb/v7e-m/fpv5/hard\libc_nano.a(lib_a-mlock.o)
                0x0000000008009eea                __malloc_unlock
 .text._read_r  0x0000000008009eec       0x24 c:/st/stm32cubeide_1.4.0/stm32cubeide/plugins/com.st.stm32cube.ide.mcu.externaltools.gnu-tools-for-stm32.7-2018-q2-update.win32_1.5.0.202011040924/tools/bin/../lib/gcc/arm-none-eabi/7.3.1/../../../../arm-none-eabi/lib/thumb/v7e-m/fpv5/hard\libc_nano.a(lib_a-readr.o)
                0x0000000008009eec                _read_r
 .text.__ascii_wctomb
                0x0000000008009f10       0x1a c:/st/stm32cubeide_1.4.0/stm32cubeide/plugins/com.st.stm32cube.ide.mcu.externaltools.gnu-tools-for-stm32.7-2018-q2-update.win32_1.5.0.202011040924/tools/bin/../lib/gcc/arm-none-eabi/7.3.1/../../../../arm-none-eabi/lib/thumb/v7e-m/fpv5/hard\libc_nano.a(lib_a-wctomb_r.o)
                0x0000000008009f10                __ascii_wctomb
 *(.glue_7)
 .glue_7        0x0000000008009f2a        0x0 linker stubs
 *(.glue_7t)
 .glue_7t       0x0000000008009f2a        0x0 linker stubs
 *(.eh_frame)
 *fill*         0x0000000008009f2a        0x2 
 .eh_frame      0x0000000008009f2c        0x0 c:/st/stm32cubeide_1.4.0/stm32cubeide/plugins/com.st.stm32cube.ide.mcu.externaltools.gnu-tools-for-stm32.7-2018-q2-update.win32_1.5.0.202011040924/tools/bin/../lib/gcc/arm-none-eabi/7.3.1/thumb/v7e-m/fpv5/hard/crtbegin.o
 *(.init)
 .init          0x0000000008009f2c        0x4 c:/st/stm32cubeide_1.4.0/stm32cubeide/plugins/com.st.stm32cube.ide.mcu.externaltools.gnu-tools-for-stm32.7-2018-q2-update.win32_1.5.0.202011040924/tools/bin/../lib/gcc/arm-none-eabi/7.3.1/thumb/v7e-m/fpv5/hard/crti.o
                0x0000000008009f2c                _init
 .init          0x0000000008009f30        0x8 c:/st/stm32cubeide_1.4.0/stm32cubeide/plugins/com.st.stm32cube.ide.mcu.externaltools.gnu-tools-for-stm32.7-2018-q2-update.win32_1.5.0.202011040924/tools/bin/../lib/gcc/arm-none-eabi/7.3.1/thumb/v7e-m/fpv5/hard/crtn.o
 *(.fini)
 .fini          0x0000000008009f38        0x4 c:/st/stm32cubeide_1.4.0/stm32cubeide/plugins/com.st.stm32cube.ide.mcu.externaltools.gnu-tools-for-stm32.7-2018-q2-update.win32_1.5.0.202011040924/tools/bin/../lib/gcc/arm-none-eabi/7.3.1/thumb/v7e-m/fpv5/hard/crti.o
                0x0000000008009f38                _fini
 .fini          0x0000000008009f3c        0x8 c:/st/stm32cubeide_1.4.0/stm32cubeide/plugins/com.st.stm32cube.ide.mcu.externaltools.gnu-tools-for-stm32.7-2018-q2-update.win32_1.5.0.202011040924/tools/bin/../lib/gcc/arm-none-eabi/7.3.1/thumb/v7e-m/fpv5/hard/crtn.o
                0x0000000008009f44                . = ALIGN (0x4)
                0x0000000008009f44                _etext = .

.vfp11_veneer   0x0000000008009f44        0x0
 .vfp11_veneer  0x0000000008009f44        0x0 linker stubs

.v4_bx          0x0000000008009f44        0x0
 .v4_bx         0x0000000008009f44        0x0 linker stubs

.iplt           0x0000000008009f44        0x0
 .iplt          0x0000000008009f44        0x0 c:/st/stm32cubeide_1.4.0/stm32cubeide/plugins/com.st.stm32cube.ide.mcu.externaltools.gnu-tools-for-stm32.7-2018-q2-update.win32_1.5.0.202011040924/tools/bin/../lib/gcc/arm-none-eabi/7.3.1/thumb/v7e-m/fpv5/hard/crtbegin.o

.rodata         0x0000000008009f48      0x2f0
                0x0000000008009f48                . = ALIGN (0x4)
 *(.rodata)
 .rodata        0x0000000008009f48       0x11 Core/Src/main.o
 *(.rodata*)
 *fill*         0x0000000008009f59        0x3 
 .rodata.AHBPrescTable
                0x0000000008009f5c       0x10 Core/Src/system_stm32f7xx.o
                0x0000000008009f5c                AHBPrescTable
 .rodata.APBPrescTable
                0x0000000008009f6c        0x8 Core/Src/system_stm32f7xx.o
                0x0000000008009f6c                APBPrescTable
 .rodata._global_impure_ptr
                0x0000000008009f74        0x4 c:/st/stm32cubeide_1.4.0/stm32cubeide/plugins/com.st.stm32cube.ide.mcu.externaltools.gnu-tools-for-stm32.7-2018-q2-update.win32_1.5.0.202011040924/tools/bin/../lib/gcc/arm-none-eabi/7.3.1/../../../../arm-none-eabi/lib/thumb/v7e-m/fpv5/hard\libc_nano.a(lib_a-impure.o)
                0x0000000008009f74                _global_impure_ptr
 .rodata._printf_float.str1.1
                0x0000000008009f78       0x12 c:/st/stm32cubeide_1.4.0/stm32cubeide/plugins/com.st.stm32cube.ide.mcu.externaltools.gnu-tools-for-stm32.7-2018-q2-update.win32_1.5.0.202011040924/tools/bin/../lib/gcc/arm-none-eabi/7.3.1/../../../../arm-none-eabi/lib/thumb/v7e-m/fpv5/hard\libc_nano.a(lib_a-nano-vfprintf_float.o)
 .rodata._printf_i.str1.1
                0x0000000008009f8a       0x22 c:/st/stm32cubeide_1.4.0/stm32cubeide/plugins/com.st.stm32cube.ide.mcu.externaltools.gnu-tools-for-stm32.7-2018-q2-update.win32_1.5.0.202011040924/tools/bin/../lib/gcc/arm-none-eabi/7.3.1/../../../../arm-none-eabi/lib/thumb/v7e-m/fpv5/hard\libc_nano.a(lib_a-nano-vfprintf_i.o)
 .rodata._dtoa_r.str1.1
                0x0000000008009fac        0xd c:/st/stm32cubeide_1.4.0/stm32cubeide/plugins/com.st.stm32cube.ide.mcu.externaltools.gnu-tools-for-stm32.7-2018-q2-update.win32_1.5.0.202011040924/tools/bin/../lib/gcc/arm-none-eabi/7.3.1/../../../../arm-none-eabi/lib/thumb/v7e-m/fpv5/hard\libc_nano.a(lib_a-dtoa.o)
                                          0xf (size before relaxing)
 *fill*         0x0000000008009fb9        0x3 
 .rodata.__sf_fake_stderr
                0x0000000008009fbc       0x20 c:/st/stm32cubeide_1.4.0/stm32cubeide/plugins/com.st.stm32cube.ide.mcu.externaltools.gnu-tools-for-stm32.7-2018-q2-update.win32_1.5.0.202011040924/tools/bin/../lib/gcc/arm-none-eabi/7.3.1/../../../../arm-none-eabi/lib/thumb/v7e-m/fpv5/hard\libc_nano.a(lib_a-findfp.o)
                0x0000000008009fbc                __sf_fake_stderr
 .rodata.__sf_fake_stdin
                0x0000000008009fdc       0x20 c:/st/stm32cubeide_1.4.0/stm32cubeide/plugins/com.st.stm32cube.ide.mcu.externaltools.gnu-tools-for-stm32.7-2018-q2-update.win32_1.5.0.202011040924/tools/bin/../lib/gcc/arm-none-eabi/7.3.1/../../../../arm-none-eabi/lib/thumb/v7e-m/fpv5/hard\libc_nano.a(lib_a-findfp.o)
                0x0000000008009fdc                __sf_fake_stdin
 .rodata.__sf_fake_stdout
                0x0000000008009ffc       0x20 c:/st/stm32cubeide_1.4.0/stm32cubeide/plugins/com.st.stm32cube.ide.mcu.externaltools.gnu-tools-for-stm32.7-2018-q2-update.win32_1.5.0.202011040924/tools/bin/../lib/gcc/arm-none-eabi/7.3.1/../../../../arm-none-eabi/lib/thumb/v7e-m/fpv5/hard\libc_nano.a(lib_a-findfp.o)
                0x0000000008009ffc                __sf_fake_stdout
 *fill*         0x000000000800a01c        0x4 
 .rodata.__mprec_bigtens
                0x000000000800a020       0x28 c:/st/stm32cubeide_1.4.0/stm32cubeide/plugins/com.st.stm32cube.ide.mcu.externaltools.gnu-tools-for-stm32.7-2018-q2-update.win32_1.5.0.202011040924/tools/bin/../lib/gcc/arm-none-eabi/7.3.1/../../../../arm-none-eabi/lib/thumb/v7e-m/fpv5/hard\libc_nano.a(lib_a-mprec.o)
                0x000000000800a020                __mprec_bigtens
 .rodata.__mprec_tens
                0x000000000800a048       0xc8 c:/st/stm32cubeide_1.4.0/stm32cubeide/plugins/com.st.stm32cube.ide.mcu.externaltools.gnu-tools-for-stm32.7-2018-q2-update.win32_1.5.0.202011040924/tools/bin/../lib/gcc/arm-none-eabi/7.3.1/../../../../arm-none-eabi/lib/thumb/v7e-m/fpv5/hard\libc_nano.a(lib_a-mprec.o)
                0x000000000800a048                __mprec_tens
 .rodata.p05.7359
                0x000000000800a110        0xc c:/st/stm32cubeide_1.4.0/stm32cubeide/plugins/com.st.stm32cube.ide.mcu.externaltools.gnu-tools-for-stm32.7-2018-q2-update.win32_1.5.0.202011040924/tools/bin/../lib/gcc/arm-none-eabi/7.3.1/../../../../arm-none-eabi/lib/thumb/v7e-m/fpv5/hard\libc_nano.a(lib_a-mprec.o)
 .rodata._vfprintf_r.str1.1
                0x000000000800a11c       0x11 c:/st/stm32cubeide_1.4.0/stm32cubeide/plugins/com.st.stm32cube.ide.mcu.externaltools.gnu-tools-for-stm32.7-2018-q2-update.win32_1.5.0.202011040924/tools/bin/../lib/gcc/arm-none-eabi/7.3.1/../../../../arm-none-eabi/lib/thumb/v7e-m/fpv5/hard\libc_nano.a(lib_a-nano-vfprintf.o)
 .rodata._setlocale_r.str1.1
                0x000000000800a12d        0x8 c:/st/stm32cubeide_1.4.0/stm32cubeide/plugins/com.st.stm32cube.ide.mcu.externaltools.gnu-tools-for-stm32.7-2018-q2-update.win32_1.5.0.202011040924/tools/bin/../lib/gcc/arm-none-eabi/7.3.1/../../../../arm-none-eabi/lib/thumb/v7e-m/fpv5/hard\libc_nano.a(lib_a-locale.o)
                                          0x9 (size before relaxing)
 .rodata.str1.1
                0x000000000800a135        0x2 c:/st/stm32cubeide_1.4.0/stm32cubeide/plugins/com.st.stm32cube.ide.mcu.externaltools.gnu-tools-for-stm32.7-2018-q2-update.win32_1.5.0.202011040924/tools/bin/../lib/gcc/arm-none-eabi/7.3.1/../../../../arm-none-eabi/lib/thumb/v7e-m/fpv5/hard\libc_nano.a(lib_a-locale.o)
 .rodata._ctype_
                0x000000000800a137      0x101 c:/st/stm32cubeide_1.4.0/stm32cubeide/plugins/com.st.stm32cube.ide.mcu.externaltools.gnu-tools-for-stm32.7-2018-q2-update.win32_1.5.0.202011040924/tools/bin/../lib/gcc/arm-none-eabi/7.3.1/../../../../arm-none-eabi/lib/thumb/v7e-m/fpv5/hard\libc_nano.a(lib_a-ctype_.o)
                0x000000000800a137                _ctype_
                0x000000000800a238                . = ALIGN (0x4)

.ARM.extab      0x000000000800a238        0x0
                0x000000000800a238                . = ALIGN (0x4)
 *(.ARM.extab* .gnu.linkonce.armextab.*)
                0x000000000800a238                . = ALIGN (0x4)

.ARM            0x000000000800a238        0x8
                0x000000000800a238                . = ALIGN (0x4)
                0x000000000800a238                __exidx_start = .
 *(.ARM.exidx*)
 .ARM.exidx     0x000000000800a238        0x8 c:/st/stm32cubeide_1.4.0/stm32cubeide/plugins/com.st.stm32cube.ide.mcu.externaltools.gnu-tools-for-stm32.7-2018-q2-update.win32_1.5.0.202011040924/tools/bin/../lib/gcc/arm-none-eabi/7.3.1/thumb/v7e-m/fpv5/hard\libgcc.a(_udivmoddi4.o)
                0x000000000800a240                __exidx_end = .
                0x000000000800a240                . = ALIGN (0x4)

.rel.dyn        0x000000000800a240        0x0
 .rel.iplt      0x000000000800a240        0x0 c:/st/stm32cubeide_1.4.0/stm32cubeide/plugins/com.st.stm32cube.ide.mcu.externaltools.gnu-tools-for-stm32.7-2018-q2-update.win32_1.5.0.202011040924/tools/bin/../lib/gcc/arm-none-eabi/7.3.1/thumb/v7e-m/fpv5/hard/crtbegin.o

.preinit_array  0x000000000800a240        0x0
                0x000000000800a240                . = ALIGN (0x4)
                0x000000000800a240                PROVIDE (__preinit_array_start = .)
 *(.preinit_array*)
                0x000000000800a240                PROVIDE (__preinit_array_end = .)
                0x000000000800a240                . = ALIGN (0x4)

.init_array     0x000000000800a240        0x4
                0x000000000800a240                . = ALIGN (0x4)
                0x000000000800a240                PROVIDE (__init_array_start = .)
 *(SORT_BY_NAME(.init_array.*))
 *(.init_array*)
 .init_array    0x000000000800a240        0x4 c:/st/stm32cubeide_1.4.0/stm32cubeide/plugins/com.st.stm32cube.ide.mcu.externaltools.gnu-tools-for-stm32.7-2018-q2-update.win32_1.5.0.202011040924/tools/bin/../lib/gcc/arm-none-eabi/7.3.1/thumb/v7e-m/fpv5/hard/crtbegin.o
                0x000000000800a244                PROVIDE (__init_array_end = .)
                0x000000000800a244                . = ALIGN (0x4)

.fini_array     0x000000000800a244        0x4
                0x000000000800a244                . = ALIGN (0x4)
                [!provide]                        PROVIDE (__fini_array_start = .)
 *(SORT_BY_NAME(.fini_array.*))
 *(.fini_array*)
 .fini_array    0x000000000800a244        0x4 c:/st/stm32cubeide_1.4.0/stm32cubeide/plugins/com.st.stm32cube.ide.mcu.externaltools.gnu-tools-for-stm32.7-2018-q2-update.win32_1.5.0.202011040924/tools/bin/../lib/gcc/arm-none-eabi/7.3.1/thumb/v7e-m/fpv5/hard/crtbegin.o
                [!provide]                        PROVIDE (__fini_array_end = .)
                0x000000000800a248                . = ALIGN (0x4)
                0x000000000800a248                _sidata = LOADADDR (.data)

.data           0x0000000020000000      0x1e8 load address 0x000000000800a248
                0x0000000020000000                . = ALIGN (0x4)
                0x0000000020000000                _sdata = .
 *(.data)
 *(.data*)
 .data.cnt_offset
                0x0000000020000000        0x2 Core/Src/main.o
                0x0000000020000000                cnt_offset
 *fill*         0x0000000020000002        0x2 
 .data.rsl      0x0000000020000004        0x4 Core/Src/main.o
                0x0000000020000004                rsl
 .data.phi_res  0x0000000020000008        0x4 Core/Src/main.o
                0x0000000020000008                phi_res
 .data.SystemCoreClock
                0x000000002000000c        0x4 Core/Src/system_stm32f7xx.o
                0x000000002000000c                SystemCoreClock
 .data.uwTickPrio
                0x0000000020000010        0x4 Drivers/STM32F7xx_HAL_Driver/Src/stm32f7xx_hal.o
                0x0000000020000010                uwTickPrio
 .data.uwTickFreq
                0x0000000020000014        0x1 Drivers/STM32F7xx_HAL_Driver/Src/stm32f7xx_hal.o
                0x0000000020000014                uwTickFreq
 *fill*         0x0000000020000015        0x3 
 .data._impure_ptr
                0x0000000020000018        0x4 c:/st/stm32cubeide_1.4.0/stm32cubeide/plugins/com.st.stm32cube.ide.mcu.externaltools.gnu-tools-for-stm32.7-2018-q2-update.win32_1.5.0.202011040924/tools/bin/../lib/gcc/arm-none-eabi/7.3.1/../../../../arm-none-eabi/lib/thumb/v7e-m/fpv5/hard\libc_nano.a(lib_a-impure.o)
                0x0000000020000018                _impure_ptr
 .data.impure_data
                0x000000002000001c       0x60 c:/st/stm32cubeide_1.4.0/stm32cubeide/plugins/com.st.stm32cube.ide.mcu.externaltools.gnu-tools-for-stm32.7-2018-q2-update.win32_1.5.0.202011040924/tools/bin/../lib/gcc/arm-none-eabi/7.3.1/../../../../arm-none-eabi/lib/thumb/v7e-m/fpv5/hard\libc_nano.a(lib_a-impure.o)
 .data.__global_locale
                0x000000002000007c      0x16c c:/st/stm32cubeide_1.4.0/stm32cubeide/plugins/com.st.stm32cube.ide.mcu.externaltools.gnu-tools-for-stm32.7-2018-q2-update.win32_1.5.0.202011040924/tools/bin/../lib/gcc/arm-none-eabi/7.3.1/../../../../arm-none-eabi/lib/thumb/v7e-m/fpv5/hard\libc_nano.a(lib_a-locale.o)
                0x000000002000007c                __global_locale
                0x00000000200001e8                . = ALIGN (0x4)
                0x00000000200001e8                _edata = .

.igot.plt       0x00000000200001e8        0x0 load address 0x000000000800a430
 .igot.plt      0x00000000200001e8        0x0 c:/st/stm32cubeide_1.4.0/stm32cubeide/plugins/com.st.stm32cube.ide.mcu.externaltools.gnu-tools-for-stm32.7-2018-q2-update.win32_1.5.0.202011040924/tools/bin/../lib/gcc/arm-none-eabi/7.3.1/thumb/v7e-m/fpv5/hard/crtbegin.o
                0x00000000200001e8                . = ALIGN (0x4)

.bss            0x00000000200001e8    0x39a14 load address 0x000000000800a430
                0x00000000200001e8                _sbss = .
                0x00000000200001e8                __bss_start__ = _sbss
 *(.bss)
 .bss           0x00000000200001e8       0x1c c:/st/stm32cubeide_1.4.0/stm32cubeide/plugins/com.st.stm32cube.ide.mcu.externaltools.gnu-tools-for-stm32.7-2018-q2-update.win32_1.5.0.202011040924/tools/bin/../lib/gcc/arm-none-eabi/7.3.1/thumb/v7e-m/fpv5/hard/crtbegin.o
 *(.bss*)
 .bss.t         0x0000000020000204        0x4 Core/Src/main.o
                0x0000000020000204                t
 .bss.loop      0x0000000020000208        0x2 Core/Src/main.o
                0x0000000020000208                loop
 .bss.mode      0x000000002000020a        0x1 Core/Src/main.o
                0x000000002000020a                mode
 .bss.divide    0x000000002000020b        0x1 Core/Src/main.o
                0x000000002000020b                divide
 .bss.cnt1      0x000000002000020c        0x2 Core/Src/main.o
                0x000000002000020c                cnt1
 .bss.cnt2      0x000000002000020e        0x2 Core/Src/main.o
                0x000000002000020e                cnt2
 .bss.cnt3      0x0000000020000210        0x2 Core/Src/main.o
                0x0000000020000210                cnt3
 .bss.cnt4      0x0000000020000212        0x2 Core/Src/main.o
                0x0000000020000212                cnt4
 .bss.cnt1_pre  0x0000000020000214        0x2 Core/Src/main.o
                0x0000000020000214                cnt1_pre
 .bss.cnt2_pre  0x0000000020000216        0x2 Core/Src/main.o
                0x0000000020000216                cnt2_pre
 .bss.cnt3_pre  0x0000000020000218        0x2 Core/Src/main.o
                0x0000000020000218                cnt3_pre
 .bss.cnt4_pre  0x000000002000021a        0x2 Core/Src/main.o
                0x000000002000021a                cnt4_pre
 .bss.digit1    0x000000002000021c        0x1 Core/Src/main.o
                0x000000002000021c                digit1
 .bss.digit2    0x000000002000021d        0x1 Core/Src/main.o
                0x000000002000021d                digit2
 .bss.digit3    0x000000002000021e        0x1 Core/Src/main.o
                0x000000002000021e                digit3
 .bss.digit4    0x000000002000021f        0x1 Core/Src/main.o
                0x000000002000021f                digit4
 .bss.direc1    0x0000000020000220        0x1 Core/Src/main.o
                0x0000000020000220                direc1
 .bss.direc2    0x0000000020000221        0x1 Core/Src/main.o
                0x0000000020000221                direc2
 .bss.direc3    0x0000000020000222        0x1 Core/Src/main.o
                0x0000000020000222                direc3
 .bss.direc4    0x0000000020000223        0x1 Core/Src/main.o
                0x0000000020000223                direc4
 .bss.theta1_res
                0x0000000020000224        0x4 Core/Src/main.o
                0x0000000020000224                theta1_res
 .bss.theta2_res
                0x0000000020000228        0x4 Core/Src/main.o
                0x0000000020000228                theta2_res
 .bss.theta3_res
                0x000000002000022c        0x4 Core/Src/main.o
                0x000000002000022c                theta3_res
 .bss.theta4_res
                0x0000000020000230        0x4 Core/Src/main.o
                0x0000000020000230                theta4_res
 .bss.theta1_res_pre
                0x0000000020000234        0x4 Core/Src/main.o
                0x0000000020000234                theta1_res_pre
 .bss.theta2_res_pre
                0x0000000020000238        0x4 Core/Src/main.o
                0x0000000020000238                theta2_res_pre
 .bss.theta3_res_pre
                0x000000002000023c        0x4 Core/Src/main.o
                0x000000002000023c                theta3_res_pre
 .bss.theta4_res_pre
                0x0000000020000240        0x4 Core/Src/main.o
                0x0000000020000240                theta4_res_pre
 .bss.dtheta1_res
                0x0000000020000244        0x4 Core/Src/main.o
                0x0000000020000244                dtheta1_res
 .bss.dtheta2_res
                0x0000000020000248        0x4 Core/Src/main.o
                0x0000000020000248                dtheta2_res
 .bss.dtheta3_res
                0x000000002000024c        0x4 Core/Src/main.o
                0x000000002000024c                dtheta3_res
 .bss.dtheta4_res
                0x0000000020000250        0x4 Core/Src/main.o
                0x0000000020000250                dtheta4_res
 .bss.dtheta1_res_pre
                0x0000000020000254        0x4 Core/Src/main.o
                0x0000000020000254                dtheta1_res_pre
 .bss.dtheta2_res_pre
                0x0000000020000258        0x4 Core/Src/main.o
                0x0000000020000258                dtheta2_res_pre
 .bss.dtheta3_res_pre
                0x000000002000025c        0x4 Core/Src/main.o
                0x000000002000025c                dtheta3_res_pre
 .bss.dtheta4_res_pre
                0x0000000020000260        0x4 Core/Src/main.o
                0x0000000020000260                dtheta4_res_pre
 .bss.dtheta1_res_raw
                0x0000000020000264        0x4 Core/Src/main.o
                0x0000000020000264                dtheta1_res_raw
 .bss.dtheta2_res_raw
                0x0000000020000268        0x4 Core/Src/main.o
                0x0000000020000268                dtheta2_res_raw
 .bss.dtheta3_res_raw
                0x000000002000026c        0x4 Core/Src/main.o
                0x000000002000026c                dtheta3_res_raw
 .bss.dtheta4_res_raw
                0x0000000020000270        0x4 Core/Src/main.o
                0x0000000020000270                dtheta4_res_raw
 .bss.ddtheta1_ref
                0x0000000020000274        0x4 Core/Src/main.o
                0x0000000020000274                ddtheta1_ref
 .bss.ddtheta2_ref
                0x0000000020000278        0x4 Core/Src/main.o
                0x0000000020000278                ddtheta2_ref
 .bss.ddtheta3_ref
                0x000000002000027c        0x4 Core/Src/main.o
                0x000000002000027c                ddtheta3_ref
 .bss.ddtheta4_ref
                0x0000000020000280        0x4 Core/Src/main.o
                0x0000000020000280                ddtheta4_ref
 .bss.dtheta1_cmd
                0x0000000020000284        0x4 Core/Src/main.o
                0x0000000020000284                dtheta1_cmd
 .bss.dtheta2_cmd
                0x0000000020000288        0x4 Core/Src/main.o
                0x0000000020000288                dtheta2_cmd
 .bss.dtheta3_cmd
                0x000000002000028c        0x4 Core/Src/main.o
                0x000000002000028c                dtheta3_cmd
 .bss.dtheta4_cmd
                0x0000000020000290        0x4 Core/Src/main.o
                0x0000000020000290                dtheta4_cmd
 .bss.i1_ref    0x0000000020000294        0x4 Core/Src/main.o
                0x0000000020000294                i1_ref
 .bss.i2_ref    0x0000000020000298        0x4 Core/Src/main.o
                0x0000000020000298                i2_ref
 .bss.i3_ref    0x000000002000029c        0x4 Core/Src/main.o
                0x000000002000029c                i3_ref
 .bss.i4_ref    0x00000000200002a0        0x4 Core/Src/main.o
                0x00000000200002a0                i4_ref
 .bss.ia1_ref   0x00000000200002a4        0x4 Core/Src/main.o
                0x00000000200002a4                ia1_ref
 .bss.ia2_ref   0x00000000200002a8        0x4 Core/Src/main.o
                0x00000000200002a8                ia2_ref
 .bss.ia3_ref   0x00000000200002ac        0x4 Core/Src/main.o
                0x00000000200002ac                ia3_ref
 .bss.ia4_ref   0x00000000200002b0        0x4 Core/Src/main.o
                0x00000000200002b0                ia4_ref
 .bss.ia1_ref_pre
                0x00000000200002b4        0x4 Core/Src/main.o
                0x00000000200002b4                ia1_ref_pre
 .bss.ia2_ref_pre
                0x00000000200002b8        0x4 Core/Src/main.o
                0x00000000200002b8                ia2_ref_pre
 .bss.ia3_ref_pre
                0x00000000200002bc        0x4 Core/Src/main.o
                0x00000000200002bc                ia3_ref_pre
 .bss.ia4_ref_pre
                0x00000000200002c0        0x4 Core/Src/main.o
                0x00000000200002c0                ia4_ref_pre
 .bss.PWM1      0x00000000200002c4        0x2 Core/Src/main.o
                0x00000000200002c4                PWM1
 .bss.PWM2      0x00000000200002c6        0x2 Core/Src/main.o
                0x00000000200002c6                PWM2
 .bss.PWM3      0x00000000200002c8        0x2 Core/Src/main.o
                0x00000000200002c8                PWM3
 .bss.PWM4      0x00000000200002ca        0x2 Core/Src/main.o
                0x00000000200002ca                PWM4
 .bss.vx_cmd    0x00000000200002cc        0x4 Core/Src/main.o
                0x00000000200002cc                vx_cmd
 .bss.vy_cmd    0x00000000200002d0        0x4 Core/Src/main.o
                0x00000000200002d0                vy_cmd
 .bss.dphi_cmd  0x00000000200002d4        0x4 Core/Src/main.o
                0x00000000200002d4                dphi_cmd
 .bss.vx_res    0x00000000200002d8        0x4 Core/Src/main.o
                0x00000000200002d8                vx_res
 .bss.vy_res    0x00000000200002dc        0x4 Core/Src/main.o
                0x00000000200002dc                vy_res
 .bss.dphi_res  0x00000000200002e0        0x4 Core/Src/main.o
                0x00000000200002e0                dphi_res
 .bss.x_res     0x00000000200002e4        0x4 Core/Src/main.o
                0x00000000200002e4                x_res
 .bss.y_res     0x00000000200002e8        0x4 Core/Src/main.o
                0x00000000200002e8                y_res
 .bss.fd1_ref   0x00000000200002ec        0x4 Core/Src/main.o
                0x00000000200002ec                fd1_ref
 .bss.fd2_ref   0x00000000200002f0        0x4 Core/Src/main.o
                0x00000000200002f0                fd2_ref
 .bss.fd3_ref   0x00000000200002f4        0x4 Core/Src/main.o
                0x00000000200002f4                fd3_ref
 .bss.fd4_ref   0x00000000200002f8        0x4 Core/Src/main.o
                0x00000000200002f8                fd4_ref
 .bss.Ki_df_integral1
                0x00000000200002fc        0x4 Core/Src/main.o
                0x00000000200002fc                Ki_df_integral1
 .bss.Ki_df_integral2
                0x0000000020000300        0x4 Core/Src/main.o
                0x0000000020000300                Ki_df_integral2
 .bss.Ki_df_integral3
                0x0000000020000304        0x4 Core/Src/main.o
                0x0000000020000304                Ki_df_integral3
 .bss.Ki_df_integral4
                0x0000000020000308        0x4 Core/Src/main.o
                0x0000000020000308                Ki_df_integral4
 .bss.tau_dob1  0x000000002000030c        0x4 Core/Src/main.o
                0x000000002000030c                tau_dob1
 .bss.tau_dob2  0x0000000020000310        0x4 Core/Src/main.o
                0x0000000020000310                tau_dob2
 .bss.tau_dob3  0x0000000020000314        0x4 Core/Src/main.o
                0x0000000020000314                tau_dob3
 .bss.tau_dob4  0x0000000020000318        0x4 Core/Src/main.o
                0x0000000020000318                tau_dob4
 .bss.tau_dob1_pre
                0x000000002000031c        0x4 Core/Src/main.o
                0x000000002000031c                tau_dob1_pre
 .bss.tau_dob2_pre
                0x0000000020000320        0x4 Core/Src/main.o
                0x0000000020000320                tau_dob2_pre
 .bss.tau_dob3_pre
                0x0000000020000324        0x4 Core/Src/main.o
                0x0000000020000324                tau_dob3_pre
 .bss.tau_dob4_pre
                0x0000000020000328        0x4 Core/Src/main.o
                0x0000000020000328                tau_dob4_pre
 .bss.i1_comp   0x000000002000032c        0x4 Core/Src/main.o
                0x000000002000032c                i1_comp
 .bss.i2_comp   0x0000000020000330        0x4 Core/Src/main.o
                0x0000000020000330                i2_comp
 .bss.i3_comp   0x0000000020000334        0x4 Core/Src/main.o
                0x0000000020000334                i3_comp
 .bss.i4_comp   0x0000000020000338        0x4 Core/Src/main.o
                0x0000000020000338                i4_comp
 .bss.tau_dfob1
                0x000000002000033c        0x4 Core/Src/main.o
                0x000000002000033c                tau_dfob1
 .bss.tau_dfob2
                0x0000000020000340        0x4 Core/Src/main.o
                0x0000000020000340                tau_dfob2
 .bss.tau_dfob3
                0x0000000020000344        0x4 Core/Src/main.o
                0x0000000020000344                tau_dfob3
 .bss.tau_dfob4
                0x0000000020000348        0x4 Core/Src/main.o
                0x0000000020000348                tau_dfob4
 .bss.tau_dfob1_pre
                0x000000002000034c        0x4 Core/Src/main.o
                0x000000002000034c                tau_dfob1_pre
 .bss.tau_dfob2_pre
                0x0000000020000350        0x4 Core/Src/main.o
                0x0000000020000350                tau_dfob2_pre
 .bss.tau_dfob3_pre
                0x0000000020000354        0x4 Core/Src/main.o
                0x0000000020000354                tau_dfob3_pre
 .bss.tau_dfob4_pre
                0x0000000020000358        0x4 Core/Src/main.o
                0x0000000020000358                tau_dfob4_pre
 .bss.integral_tau_dfob1
                0x000000002000035c        0x4 Core/Src/main.o
                0x000000002000035c                integral_tau_dfob1
 .bss.integral_tau_dfob2
                0x0000000020000360        0x4 Core/Src/main.o
                0x0000000020000360                integral_tau_dfob2
 .bss.integral_tau_dfob3
                0x0000000020000364        0x4 Core/Src/main.o
                0x0000000020000364                integral_tau_dfob3
 .bss.integral_tau_dfob4
                0x0000000020000368        0x4 Core/Src/main.o
                0x0000000020000368                integral_tau_dfob4
 .bss.fd_hat1   0x000000002000036c        0x4 Core/Src/main.o
                0x000000002000036c                fd_hat1
 .bss.fd_hat2   0x0000000020000370        0x4 Core/Src/main.o
                0x0000000020000370                fd_hat2
 .bss.fd_hat3   0x0000000020000374        0x4 Core/Src/main.o
                0x0000000020000374                fd_hat3
 .bss.fd_hat4   0x0000000020000378        0x4 Core/Src/main.o
                0x0000000020000378                fd_hat4
 .bss.fx_hat    0x000000002000037c        0x4 Core/Src/main.o
                0x000000002000037c                fx_hat
 .bss.fy_hat    0x0000000020000380        0x4 Core/Src/main.o
                0x0000000020000380                fy_hat
 .bss.Mz_hat    0x0000000020000384        0x4 Core/Src/main.o
                0x0000000020000384                Mz_hat
 .bss.i_save    0x0000000020000388        0x4 Core/Src/main.o
                0x0000000020000388                i_save
 .bss.i_output  0x000000002000038c        0x4 Core/Src/main.o
                0x000000002000038c                i_output
 .bss.t_SRAM    0x0000000020000390     0x1770 Core/Src/main.o
                0x0000000020000390                t_SRAM
 .bss.dtheta1_res_SRAM
                0x0000000020001b00     0x1770 Core/Src/main.o
                0x0000000020001b00                dtheta1_res_SRAM
 .bss.dtheta2_res_SRAM
                0x0000000020003270     0x1770 Core/Src/main.o
                0x0000000020003270                dtheta2_res_SRAM
 .bss.dtheta3_res_SRAM
                0x00000000200049e0     0x1770 Core/Src/main.o
                0x00000000200049e0                dtheta3_res_SRAM
 .bss.dtheta4_res_SRAM
                0x0000000020006150     0x1770 Core/Src/main.o
                0x0000000020006150                dtheta4_res_SRAM
 .bss.theta1_res_SRAM
                0x00000000200078c0     0x1770 Core/Src/main.o
                0x00000000200078c0                theta1_res_SRAM
 .bss.theta2_res_SRAM
                0x0000000020009030     0x1770 Core/Src/main.o
                0x0000000020009030                theta2_res_SRAM
 .bss.theta3_res_SRAM
                0x000000002000a7a0     0x1770 Core/Src/main.o
                0x000000002000a7a0                theta3_res_SRAM
 .bss.theta4_res_SRAM
                0x000000002000bf10     0x1770 Core/Src/main.o
                0x000000002000bf10                theta4_res_SRAM
 .bss.ddtheta1_ref_SRAM
                0x000000002000d680     0x1770 Core/Src/main.o
                0x000000002000d680                ddtheta1_ref_SRAM
 .bss.ddtheta2_ref_SRAM
                0x000000002000edf0     0x1770 Core/Src/main.o
                0x000000002000edf0                ddtheta2_ref_SRAM
 .bss.ddtheta3_ref_SRAM
                0x0000000020010560     0x1770 Core/Src/main.o
                0x0000000020010560                ddtheta3_ref_SRAM
 .bss.ddtheta4_ref_SRAM
                0x0000000020011cd0     0x1770 Core/Src/main.o
                0x0000000020011cd0                ddtheta4_ref_SRAM
 .bss.i1_ref_SRAM
                0x0000000020013440     0x1770 Core/Src/main.o
                0x0000000020013440                i1_ref_SRAM
 .bss.i2_ref_SRAM
                0x0000000020014bb0     0x1770 Core/Src/main.o
                0x0000000020014bb0                i2_ref_SRAM
 .bss.i3_ref_SRAM
                0x0000000020016320     0x1770 Core/Src/main.o
                0x0000000020016320                i3_ref_SRAM
 .bss.i4_ref_SRAM
                0x0000000020017a90     0x1770 Core/Src/main.o
                0x0000000020017a90                i4_ref_SRAM
 .bss.ia1_ref_SRAM
                0x0000000020019200     0x1770 Core/Src/main.o
                0x0000000020019200                ia1_ref_SRAM
 .bss.ia2_ref_SRAM
                0x000000002001a970     0x1770 Core/Src/main.o
                0x000000002001a970                ia2_ref_SRAM
 .bss.ia3_ref_SRAM
                0x000000002001c0e0     0x1770 Core/Src/main.o
                0x000000002001c0e0                ia3_ref_SRAM
 .bss.ia4_ref_SRAM
                0x000000002001d850     0x1770 Core/Src/main.o
                0x000000002001d850                ia4_ref_SRAM
 .bss.PWM1_SRAM
                0x000000002001efc0      0xbb8 Core/Src/main.o
                0x000000002001efc0                PWM1_SRAM
 .bss.PWM2_SRAM
                0x000000002001fb78      0xbb8 Core/Src/main.o
                0x000000002001fb78                PWM2_SRAM
 .bss.PWM3_SRAM
                0x0000000020020730      0xbb8 Core/Src/main.o
                0x0000000020020730                PWM3_SRAM
 .bss.PWM4_SRAM
                0x00000000200212e8      0xbb8 Core/Src/main.o
                0x00000000200212e8                PWM4_SRAM
 .bss.fd1_ref_SRAM
                0x0000000020021ea0     0x1770 Core/Src/main.o
                0x0000000020021ea0                fd1_ref_SRAM
 .bss.fd2_ref_SRAM
                0x0000000020023610     0x1770 Core/Src/main.o
                0x0000000020023610                fd2_ref_SRAM
 .bss.fd3_ref_SRAM
                0x0000000020024d80     0x1770 Core/Src/main.o
                0x0000000020024d80                fd3_ref_SRAM
 .bss.fd4_ref_SRAM
                0x00000000200264f0     0x1770 Core/Src/main.o
                0x00000000200264f0                fd4_ref_SRAM
 .bss.Ki_df_integral1_SRAM
                0x0000000020027c60     0x1770 Core/Src/main.o
                0x0000000020027c60                Ki_df_integral1_SRAM
 .bss.Ki_df_integral2_SRAM
                0x00000000200293d0     0x1770 Core/Src/main.o
                0x00000000200293d0                Ki_df_integral2_SRAM
 .bss.Ki_df_integral3_SRAM
                0x000000002002ab40     0x1770 Core/Src/main.o
                0x000000002002ab40                Ki_df_integral3_SRAM
 .bss.Ki_df_integral4_SRAM
                0x000000002002c2b0     0x1770 Core/Src/main.o
                0x000000002002c2b0                Ki_df_integral4_SRAM
 .bss.tau_dob1_SRAM
                0x000000002002da20     0x1770 Core/Src/main.o